# command : python toy/pt/verify_pt.py toy/pt/params/pt2.json
# date    : 2026-10-06T15:58:13Z
# system  : Linux x86_64, 16 visible cores
# python  : 3.10.12 | python-flint 0.9.0 | mpmath 1.3.0
Theorem PT2: exact certificate (python-flint fmpz_mpoly)
parameter file toy/pt/params/pt2.json  sha256 0db9256e86d5345238649f9544948bb06a39eed7c982391d9e0d146893e529f7
J = 2, c = 1 + delta = 21/20, pieces in this run: I,II (of I,II)
[1] minors M_0..M_4 by Laplace expansion: terms [94, 126, 94, 74, 50] (0.0 s)
    Qt/A exact; N_i divisible by V^4; sigma = +1
    G_i terms: [54, 49, 43, 34, 26]
    G_i total degrees: [10, 9, 8, 7, 6]
    fingerprint sha256(G) = 050dc036eba821baf99f78dc9a46b10ec89b223c8d3e3e044e5693e25ab96030  (0.0 s)
[2a] A(y) * sum_i G_i y^i satisfies the 4 odd Stirling-1 conditions identically: True (deg_y = 8, 0.0 s)
[2b] D = kappa (y_1...y_J)^2 V^4 G_0 with constant kappa: True, kappa = 1 (D has 94 terms, 0.0 s)
[3] piece I: variables s,t >= 0; W = 1; X = ['4 + s', 't']
    piece lies in the closed region (all constraint numerators have nonnegative coefficients): True
    I G_0: 60 terms, all coefficients > 0: True, constant term > 0: True (0.0 s)
    I G_1: 52 terms, all coefficients > 0: True, constant term > 0: True (0.0 s)
    I G_2: 44 terms, all coefficients > 0: True, constant term > 0: True (0.0 s)
    I G_3: 35 terms, all coefficients > 0: True, constant term > 0: True (0.0 s)
    I G_4: 27 terms, all coefficients > 0: True, constant term > 0: True (0.0 s)
[3] piece II: variables s,t >= 0; W = 1 + s; X = ['4*s', '8 + t*(1 + s)']
    piece lies in the closed region (all constraint numerators have nonnegative coefficients): True
    II G_0: 88 terms, all coefficients > 0: True, constant term > 0: True (0.0 s)
    II G_1: 80 terms, all coefficients > 0: True, constant term > 0: True (0.0 s)
    II G_2: 72 terms, all coefficients > 0: True, constant term > 0: True (0.0 s)
    II G_3: 56 terms, all coefficients > 0: True, constant term > 0: True (0.0 s)
    II G_4: 42 terms, all coefficients > 0: True, constant term > 0: True (0.0 s)
total time 0.0 s
ALL CERTIFIED: J = 2, identities (a), (b) and positivity of G_0..G_4 on pieces I,II
# exit code 0; wall time 0.1 s
