# command : python toy/pt/verify_pt.py toy/pt/params/pt4.json Ia1,Iap,Ia3,Ib1,Ib2
# date    : 2026-10-06T15:22:05Z
# system  : Linux x86_64, 16 visible cores
# python  : 3.10.12 | python-flint 0.9.0 | mpmath 1.3.0
Theorem PT4: exact certificate (python-flint fmpz_mpoly)
parameter file toy/pt/params/pt4.json  sha256 03bb73e2e7baab96bb2ccd5a9365a93c7cfdaa323bbb9588e2615a2df9cb2cb6
J = 4, c = 1 + delta = 21/20, pieces in this run: Ia1,Iap,Ia3,Ib1,Ib2 (of Ia1,Iap,Ia3,Ib1,Ib2,II1,II2,II3,II4,II5,II6)
[1] minors M_0..M_8 by Laplace expansion: terms [308386, 442018, 411362, 380578, 346146, 313314, 275138, 230786, 187762] (3.5 s)
    Qt/A exact; N_i divisible by V^4; sigma = +1
    G_i terms: [45612, 44323, 42743, 40601, 38301, 35296, 32248, 27180, 22604]
    G_i total degrees: [36, 35, 34, 33, 32, 31, 30, 29, 28]
    fingerprint sha256(G) = 73d97c1bc373af9a88f7218548f8ec56439c5ea3f51e8700dcb519a8c68b9f3c  (16.2 s)
[2a] A(y) * sum_i G_i y^i satisfies the 8 odd Stirling-1 conditions identically: True (deg_y = 16, 0.7 s)
[2b] D = kappa (y_1...y_J)^2 V^4 G_0 with constant kappa: True, kappa = 1 (D has 308386 terms, 1.0 s)
[3] piece Ia1: variables a,b,e,f >= 0; W = 1; X = ['a', '16 + b', 'e', 'f']
    piece lies in the closed region (all constraint numerators have nonnegative coefficients): True
    Ia1 G_0: 75372 terms, all coefficients > 0: True, constant term > 0: True (6.3 s)
    Ia1 G_1: 69820 terms, all coefficients > 0: True, constant term > 0: True (6.7 s)
    Ia1 G_2: 64268 terms, all coefficients > 0: True, constant term > 0: True (6.7 s)
    Ia1 G_3: 58404 terms, all coefficients > 0: True, constant term > 0: True (6.3 s)
    Ia1 G_4: 52852 terms, all coefficients > 0: True, constant term > 0: True (5.8 s)
    Ia1 G_5: 47292 terms, all coefficients > 0: True, constant term > 0: True (4.8 s)
    Ia1 G_6: 42140 terms, all coefficients > 0: True, constant term > 0: True (4.0 s)
    Ia1 G_7: 36765 terms, all coefficients > 0: True, constant term > 0: True (2.8 s)
    Ia1 G_8: 31885 terms, all coefficients > 0: True, constant term > 0: True (2.1 s)
[3] piece Iap: variables a,b,e,f >= 0; W = 1; X = ['12 + a', 'b', 'e', 'f']
    piece lies in the closed region (all constraint numerators have nonnegative coefficients): True
    Iap G_0: 75372 terms, all coefficients > 0: True, constant term > 0: True (7.6 s)
    Iap G_1: 69820 terms, all coefficients > 0: True, constant term > 0: True (7.4 s)
    Iap G_2: 64268 terms, all coefficients > 0: True, constant term > 0: True (7.2 s)
    Iap G_3: 58404 terms, all coefficients > 0: True, constant term > 0: True (6.7 s)
    Iap G_4: 52852 terms, all coefficients > 0: True, constant term > 0: True (5.8 s)
    Iap G_5: 47292 terms, all coefficients > 0: True, constant term > 0: True (4.8 s)
    Iap G_6: 42140 terms, all coefficients > 0: True, constant term > 0: True (4.0 s)
    Iap G_7: 36765 terms, all coefficients > 0: True, constant term > 0: True (3.0 s)
    Iap G_8: 31885 terms, all coefficients > 0: True, constant term > 0: True (2.1 s)
[3] piece Ia3: variables s,t,e,f >= 0; W = 1 + s + t; X = ['12 + 0*s + 12*t', '0 + 16*s + 16*t', 'e*(1 + s + t)', 'f*(1 + s + t)']
    piece lies in the closed region (all constraint numerators have nonnegative coefficients): True
    Ia3 G_0: 219336 terms, all coefficients > 0: True, constant term > 0: True (46.4 s)
    Ia3 G_1: 207792 terms, all coefficients > 0: True, constant term > 0: True (51.4 s)
    Ia3 G_2: 196560 terms, all coefficients > 0: True, constant term > 0: True (50.1 s)
    Ia3 G_3: 185640 terms, all coefficients > 0: True, constant term > 0: True (46.2 s)
    Ia3 G_4: 175032 terms, all coefficients > 0: True, constant term > 0: True (43.3 s)
    Ia3 G_5: 156288 terms, all coefficients > 0: True, constant term > 0: True (35.4 s)
    Ia3 G_6: 138880 terms, all coefficients > 0: True, constant term > 0: True (28.6 s)
    Ia3 G_7: 118575 terms, all coefficients > 0: True, constant term > 0: True (19.9 s)
    Ia3 G_8: 100485 terms, all coefficients > 0: True, constant term > 0: True (14.0 s)
[3] piece Ib1: variables s,t,e,f >= 0; W = 2*(1 + s + t); X = ['2*(0 + 4*s + 12*t)', '2*(8 + 0*s + 0*t)', '48*(1 + s + t) - 4*(0 + 4*s + 12*t) - 3*(8 + 0*s + 0*t) + 2*e*(1 + s + t)', '2*f*(1 + s + t)']
    piece lies in the closed region (all constraint numerators have nonnegative coefficients): True
    Ib1 G_0: 219336 terms, all coefficients > 0: True, constant term > 0: True (57.4 s)
    Ib1 G_1: 207792 terms, all coefficients > 0: True, constant term > 0: True (60.8 s)
    Ib1 G_2: 196560 terms, all coefficients > 0: True, constant term > 0: True (57.1 s)
    Ib1 G_3: 185640 terms, all coefficients > 0: True, constant term > 0: True (50.9 s)
    Ib1 G_4: 175032 terms, all coefficients > 0: True, constant term > 0: True (43.2 s)
    Ib1 G_5: 156288 terms, all coefficients > 0: True, constant term > 0: True (34.1 s)
    Ib1 G_6: 138880 terms, all coefficients > 0: True, constant term > 0: True (27.4 s)
    Ib1 G_7: 118575 terms, all coefficients > 0: True, constant term > 0: True (19.7 s)
    Ib1 G_8: 100485 terms, all coefficients > 0: True, constant term > 0: True (13.5 s)
[3] piece Ib2: variables s,t,e,f >= 0; W = 2*(1 + s + t); X = ['2*(0 + 12*s + 0*t)', '2*(8 + 0*s + 16*t)', '48*(1 + s + t) - 4*(0 + 12*s + 0*t) - 3*(8 + 0*s + 16*t) + 2*e*(1 + s + t)', '2*f*(1 + s + t)']
    piece lies in the closed region (all constraint numerators have nonnegative coefficients): True
    Ib2 G_0: 219336 terms, all coefficients > 0: True, constant term > 0: True (52.8 s)
    Ib2 G_1: 207792 terms, all coefficients > 0: True, constant term > 0: True (50.2 s)
    Ib2 G_2: 196560 terms, all coefficients > 0: True, constant term > 0: True (49.4 s)
    Ib2 G_3: 185640 terms, all coefficients > 0: True, constant term > 0: True (47.0 s)
    Ib2 G_4: 175032 terms, all coefficients > 0: True, constant term > 0: True (43.0 s)
    Ib2 G_5: 156288 terms, all coefficients > 0: True, constant term > 0: True (34.8 s)
    Ib2 G_6: 138880 terms, all coefficients > 0: True, constant term > 0: True (29.0 s)
    Ib2 G_7: 118575 terms, all coefficients > 0: True, constant term > 0: True (20.0 s)
    Ib2 G_8: 100485 terms, all coefficients > 0: True, constant term > 0: True (13.6 s)
total time 1152.2 s
ALL CERTIFIED: J = 4, identities (a), (b) and positivity of G_0..G_8 on pieces Ia1,Iap,Ia3,Ib1,Ib2
# exit code 0; wall time 1152.4 s
