# command : python toy/ft/verify_farbound.py toy/ft/params/farbound.json
# date    : 2026-10-06T15:58:13Z
# system  : Linux x86_64, 16 visible cores
# python  : 3.10.12 | python-flint 0.9.0 | mpmath 1.3.0
Explicit far-node remainders along the prime-power nodes: Arb ball arithmetic
parameter file toy/ft/params/farbound.json  sha256 d69ae78eb3dbc3726400577e4bca33daadb45e99e7e97a92ae5479190173b250
PP_6 (c = y_7 = 2 pi 9), C = 1300, prec 2000: S = [0.03711851139 +/- 4.72e-12]
    -W_2 > 0                             Taylor coefficients at c: 30 of 30 positive, 0 negative
    Y^2 E >= 0  (-Y Eps >= 0)            Taylor coefficients at c: 30 of 30 positive, 0 negative; two top coefficients contain 0 and are dropped: True
    Y^2 E <= C  (Y Eps - C W_2 >= 0)     Taylor coefficients at c: 30 of 30 positive, 0 negative; two top coefficients contain 0 and are dropped: True
    => CERTIFIED: Delta = (2S/Y^2)(1 + 8J/Y + theta C/Y^2), 0 <= theta <= 1, for all Y >= y_{J+1}  [0.0 s]
PP_10 (c = y_11 = 2 pi 17), C = 4000, prec 2000: S = [0.01403806970 +/- 9.36e-13]
    -W_2 > 0                             Taylor coefficients at c: 46 of 46 positive, 0 negative
    Y^2 E >= 0  (-Y Eps >= 0)            Taylor coefficients at c: 46 of 46 positive, 0 negative; two top coefficients contain 0 and are dropped: True
    Y^2 E <= C  (Y Eps - C W_2 >= 0)     Taylor coefficients at c: 46 of 46 positive, 0 negative; two top coefficients contain 0 and are dropped: True
    => CERTIFIED: Delta = (2S/Y^2)(1 + 8J/Y + theta C/Y^2), 0 <= theta <= 1, for all Y >= y_{J+1}  [0.0 s]
PP_20 (c = y_21 = 2 pi 43), C = 11000, prec 2000: S = [0.005653220203 +/- 4.50e-13]
    -W_2 > 0                             Taylor coefficients at c: 86 of 86 positive, 0 negative
    Y^2 E >= 0  (-Y Eps >= 0)            Taylor coefficients at c: 86 of 86 positive, 0 negative; two top coefficients contain 0 and are dropped: True
    Y^2 E <= C  (Y Eps - C W_2 >= 0)     Taylor coefficients at c: 86 of 86 positive, 0 negative; two top coefficients contain 0 and are dropped: True
    => CERTIFIED: Delta = (2S/Y^2)(1 + 8J/Y + theta C/Y^2), 0 <= theta <= 1, for all Y >= y_{J+1}  [0.1 s]
ALL CERTIFIED
# exit code 0; wall time 0.2 s
