# command : python toy/pp80/verify_pp80_tau.py toy/pp80/params/pp80.json 135 160
# date    : 2026-10-06T15:46:25Z
# system  : Linux x86_64, 16 visible cores
# python  : 3.10.12 | python-flint 0.9.0 | mpmath 1.3.0
Theorem PP80, tau-basis Hermite route (Arb ball arithmetic)
parameter file toy/pp80/params/pp80.json  sha256 9f840fb2e65142ddf7bd47f33f2e95be51ac05dc42a03ef93fea5401cc82f91c
levels K = 135..160, working precision 6000 bits, nodes y_j = 2 pi n_j for n_j in [2, 3, 4, 5, 7] ... 311 (81 nodes)
tau values cached (6.3 s)
K=135  (I0) ok  (I1') ok  (Y0) ok  min rel. LR increment >= 5.868927e-2  rel. radius <= 1.62e-861  [5.8 s]
K=136  (I0) ok  (I1') ok  (Y0) ok  min rel. LR increment >= 5.814425e-2  rel. radius <= 1.37e-853  | J=68 (N) ok  p_2J>0 ok  TEL ok  half-step ok  consistency ok  [11.8 s]
K=137  (I0) ok  (I1') ok  (Y0) ok  min rel. LR increment >= 5.760850e-2  rel. radius <= 2.57e-844  [6.1 s]
K=138  (I0) ok  (I1') ok  (Y0) ok  min rel. LR increment >= 5.708141e-2  rel. radius <= 1.03e-835  | J=69 (N) ok  p_2J>0 ok  TEL ok  half-step ok  consistency ok  [9.0 s]
K=139  (I0) ok  (I1') ok  (Y0) ok  min rel. LR increment >= 5.656911e-2  rel. radius <= 3.19e-827  [6.3 s]
K=140  (I0) ok  (I1') ok  (Y0) ok  min rel. LR increment >= 5.605644e-2  rel. radius <= 5.13e-819  | J=70 (N) ok  p_2J>0 ok  TEL ok  half-step ok  consistency ok  [9.3 s]
K=141  (I0) ok  (I1') ok  (Y0) ok  min rel. LR increment >= 5.555599e-2  rel. radius <= 1.87e-810  [6.6 s]
K=142  (I0) ok  (I1') ok  (Y0) ok  min rel. LR increment >= 5.506093e-2  rel. radius <= 1.49e-802  | J=71 (N) ok  p_2J>0 ok  TEL ok  half-step ok  consistency ok  [9.7 s]
K=143  (I0) ok  (I1') ok  (Y0) ok  min rel. LR increment >= 5.457482e-2  rel. radius <= 7.41e-794  [6.7 s]
K=144  (I0) ok  (I1') ok  (Y0) ok  min rel. LR increment >= 5.409932e-2  rel. radius <= 2.35e-785  | J=72 (N) ok  p_2J>0 ok  TEL ok  half-step ok  consistency ok  [10.0 s]
K=145  (I0) ok  (I1') ok  (Y0) ok  min rel. LR increment >= 5.362907e-2  rel. radius <= 6.33e-777  [7.0 s]
K=146  (I0) ok  (I1') ok  (Y0) ok  min rel. LR increment >= 5.316686e-2  rel. radius <= 5.03e-769  | J=73 (N) ok  p_2J>0 ok  TEL ok  half-step ok  consistency ok  [10.5 s]
K=147  (I0) ok  (I1') ok  (Y0) ok  min rel. LR increment >= 5.271393e-2  rel. radius <= 1.46e-759  [7.2 s]
K=148  (I0) ok  (I1') ok  (Y0) ok  min rel. LR increment >= 5.226177e-2  rel. radius <= 9.59e-752  | J=74 (N) ok  p_2J>0 ok  TEL ok  half-step ok  consistency ok  [10.7 s]
K=149  (I0) ok  (I1') ok  (Y0) ok  min rel. LR increment >= 5.182325e-2  rel. radius <= 9.23e-743  [7.4 s]
K=150  (I0) ok  (I1') ok  (Y0) ok  min rel. LR increment >= 5.138820e-2  rel. radius <= 8.17e-735  | J=75 (N) ok  p_2J>0 ok  TEL ok  half-step ok  consistency ok  [11.3 s]
K=151  (I0) ok  (I1') ok  (Y0) ok  min rel. LR increment >= 5.096027e-2  rel. radius <= 2.67e-726  [7.7 s]
K=152  (I0) ok  (I1') ok  (Y0) ok  min rel. LR increment >= 5.054127e-2  rel. radius <= 3.48e-718  | J=76 (N) ok  p_2J>0 ok  TEL ok  half-step ok  consistency ok  [11.6 s]
K=153  (I0) ok  (I1') ok  (Y0) ok  min rel. LR increment >= 5.012311e-2  rel. radius <= 2.65e-709  [8.0 s]
K=154  (I0) ok  (I1') ok  (Y0) ok  min rel. LR increment >= 4.971299e-2  rel. radius <= 2.34e-701  | J=77 (N) ok  p_2J>0 ok  TEL ok  half-step ok  consistency ok  [12.0 s]
K=155  (I0) ok  (I1') ok  (Y0) ok  min rel. LR increment >= 4.931185e-2  rel. radius <= 6.67e-693  [8.3 s]
K=156  (I0) ok  (I1') ok  (Y0) ok  min rel. LR increment >= 4.891262e-2  rel. radius <= 1.64e-684  | J=78 (N) ok  p_2J>0 ok  TEL ok  half-step ok  consistency ok  [12.2 s]
K=157  (I0) ok  (I1') ok  (Y0) ok  min rel. LR increment >= 4.852372e-2  rel. radius <= 3.80e-676  [8.5 s]
K=158  (I0) ok  (I1') ok  (Y0) ok  min rel. LR increment >= 4.813656e-2  rel. radius <= 5.50e-668  | J=79 (N) ok  p_2J>0 ok  TEL ok  half-step ok  consistency ok  [12.7 s]
K=159  (I0) ok  (I1') ok  (Y0) ok  min rel. LR increment >= 4.776186e-2  rel. radius <= 8.03e-658  [8.8 s]
K=160  (I0) ok  (I1') ok  (Y0) ok  min rel. LR increment >= 4.739370e-2  rel. radius <= 2.56e-649  | J=80 (N) ok  p_2J>0 ok  TEL ok  half-step ok  consistency ok  [13.2 s]
minimum over these levels of the relative LR increment min_k (r_{k+1}-r_k)/|r_k| >= 4.739370e-2
worst relative radius of a cofactor coefficient <= 2.56e-649
ALL CERTIFIED: (I0), (I1'), (Y0) at every level K = 135..160; (N), p_2J > 0, TEL_J, half-step positivity, consistency for J = 68..80
# exit code 0; wall time 244.9 s
