# command : python toy/pp80/verify_pp80_chain.py toy/pp80/params/pp80_chain.json
# date    : 2026-10-06T15:40:35Z
# system  : Linux x86_64, 16 visible cores
# python  : 3.10.12 | python-flint 0.9.0 | mpmath 1.3.0
Theorem PP80, hypotheses of Theorem A via the Stirling-1 cofactor system (Arb ball arithmetic)
parameter file toy/pp80/params/pp80_chain.json  sha256 0fedf5dd3f57bd2335abc6678b9451ace7cab7de6fb8e8943dc9dd3bcc90f9ca
levels K = 0..160, working precision 4000 bits, chain z = 2 pi (2, 2, 3, 3, 4, 4, ..., 311, 311)
K=  0  (I0) ok  (I1') ok  (Y0) ok  [0.0 s]
K=  1  (I0) ok  (I1') ok  (Y0) ok  rel. radius <= 3.73e-1204  [0.0 s]
K=  2  (I0) ok  (I1') ok  (Y0) ok  min_{1<=k<K} rel. LR increment >= 4.517085e+0  rel. radius <= 2.57e-1203  [0.0 s]
K=  3  (I0) ok  (I1') ok  (Y0) ok  min_{1<=k<K} rel. LR increment >= 2.921712e+0  rel. radius <= 1.04e-1202  [0.0 s]
K=  4  (I0) ok  (I1') ok  (Y0) ok  min_{1<=k<K} rel. LR increment >= 1.818332e+0  rel. radius <= 4.19e-1202  [0.0 s]
K=  5  (I0) ok  (I1') ok  (Y0) ok  min_{1<=k<K} rel. LR increment >= 1.436108e+0  rel. radius <= 1.48e-1201  [0.0 s]
K=  6  (I0) ok  (I1') ok  (Y0) ok  min_{1<=k<K} rel. LR increment >= 1.117244e+0  rel. radius <= 6.10e-1201  [0.0 s]
K=  7  (I0) ok  (I1') ok  (Y0) ok  min_{1<=k<K} rel. LR increment >= 9.616806e-1  rel. radius <= 2.95e-1200  [0.0 s]
K=  8  (I0) ok  (I1') ok  (Y0) ok  min_{1<=k<K} rel. LR increment >= 8.177510e-1  rel. radius <= 1.82e-1199  [0.0 s]
K=  9  (I0) ok  (I1') ok  (Y0) ok  min_{1<=k<K} rel. LR increment >= 7.450370e-1  rel. radius <= 8.79e-1199  [0.0 s]
K= 10  (I0) ok  (I1') ok  (Y0) ok  min_{1<=k<K} rel. LR increment >= 6.675382e-1  rel. radius <= 4.80e-1198  [0.0 s]
K= 11  (I0) ok  (I1') ok  (Y0) ok  min_{1<=k<K} rel. LR increment >= 6.175584e-1  rel. radius <= 2.48e-1197  [0.0 s]
K= 12  (I0) ok  (I1') ok  (Y0) ok  min_{1<=k<K} rel. LR increment >= 5.689842e-1  rel. radius <= 1.51e-1196  [0.0 s]
K= 13  (I0) ok  (I1') ok  (Y0) ok  min_{1<=k<K} rel. LR increment >= 5.316766e-1  rel. radius <= 9.67e-1196  [0.0 s]
K= 14  (I0) ok  (I1') ok  (Y0) ok  min_{1<=k<K} rel. LR increment >= 4.978501e-1  rel. radius <= 7.34e-1195  [0.0 s]
K= 15  (I0) ok  (I1') ok  (Y0) ok  min_{1<=k<K} rel. LR increment >= 4.718574e-1  rel. radius <= 5.95e-1194  [0.0 s]
K= 16  (I0) ok  (I1') ok  (Y0) ok  min_{1<=k<K} rel. LR increment >= 4.497872e-1  rel. radius <= 7.03e-1193  [0.0 s]
K= 17  (I0) ok  (I1') ok  (Y0) ok  min_{1<=k<K} rel. LR increment >= 4.300586e-1  rel. radius <= 7.51e-1192  [0.0 s]
K= 18  (I0) ok  (I1') ok  (Y0) ok  min_{1<=k<K} rel. LR increment >= 4.129651e-1  rel. radius <= 8.98e-1191  [0.0 s]
K= 19  (I0) ok  (I1') ok  (Y0) ok  min_{1<=k<K} rel. LR increment >= 4.001290e-1  rel. radius <= 8.92e-1190  [0.0 s]
K= 20  (I0) ok  (I1') ok  (Y0) ok  min_{1<=k<K} rel. LR increment >= 3.869948e-1  rel. radius <= 9.98e-1189  [0.0 s]
K= 21  (I0) ok  (I1') ok  (Y0) ok  min_{1<=k<K} rel. LR increment >= 3.759678e-1  rel. radius <= 1.18e-1187  [0.0 s]
K= 22  (I0) ok  (I1') ok  (Y0) ok  min_{1<=k<K} rel. LR increment >= 3.650343e-1  rel. radius <= 1.55e-1186  [0.0 s]
K= 23  (I0) ok  (I1') ok  (Y0) ok  min_{1<=k<K} rel. LR increment >= 3.554819e-1  rel. radius <= 1.98e-1185  [0.0 s]
K= 24  (I0) ok  (I1') ok  (Y0) ok  min_{1<=k<K} rel. LR increment >= 3.467332e-1  rel. radius <= 2.81e-1184  [0.0 s]
K= 25  (I0) ok  (I1') ok  (Y0) ok  min_{1<=k<K} rel. LR increment >= 3.394148e-1  rel. radius <= 3.60e-1183  [0.0 s]
K= 26  (I0) ok  (I1') ok  (Y0) ok  min_{1<=k<K} rel. LR increment >= 3.323386e-1  rel. radius <= 5.23e-1182  [0.1 s]
K= 27  (I0) ok  (I1') ok  (Y0) ok  min_{1<=k<K} rel. LR increment >= 3.263192e-1  rel. radius <= 7.77e-1181  [0.1 s]
K= 28  (I0) ok  (I1') ok  (Y0) ok  min_{1<=k<K} rel. LR increment >= 3.199944e-1  rel. radius <= 1.31e-1179  [0.1 s]
K= 29  (I0) ok  (I1') ok  (Y0) ok  min_{1<=k<K} rel. LR increment >= 3.144176e-1  rel. radius <= 2.28e-1178  [0.1 s]
K= 30  (I0) ok  (I1') ok  (Y0) ok  min_{1<=k<K} rel. LR increment >= 3.090438e-1  rel. radius <= 4.49e-1177  [0.1 s]
K= 31  (I0) ok  (I1') ok  (Y0) ok  min_{1<=k<K} rel. LR increment >= 3.038635e-1  rel. radius <= 9.31e-1176  [0.1 s]
K= 32  (I0) ok  (I1') ok  (Y0) ok  min_{1<=k<K} rel. LR increment >= 2.989677e-1  rel. radius <= 2.18e-1174  [0.1 s]
K= 33  (I0) ok  (I1') ok  (Y0) ok  min_{1<=k<K} rel. LR increment >= 2.942322e-1  rel. radius <= 5.33e-1173  [0.1 s]
K= 34  (I0) ok  (I1') ok  (Y0) ok  min_{1<=k<K} rel. LR increment >= 2.896668e-1  rel. radius <= 1.47e-1171  [0.1 s]
K= 35  (I0) ok  (I1') ok  (Y0) ok  min_{1<=k<K} rel. LR increment >= 2.850904e-1  rel. radius <= 4.41e-1170  [0.1 s]
K= 36  (I0) ok  (I1') ok  (Y0) ok  min_{1<=k<K} rel. LR increment >= 2.805773e-1  rel. radius <= 1.57e-1168  [0.1 s]
K= 37  (I0) ok  (I1') ok  (Y0) ok  min_{1<=k<K} rel. LR increment >= 2.766496e-1  rel. radius <= 5.75e-1167  [0.1 s]
K= 38  (I0) ok  (I1') ok  (Y0) ok  min_{1<=k<K} rel. LR increment >= 2.726013e-1  rel. radius <= 2.42e-1165  [0.1 s]
K= 39  (I0) ok  (I1') ok  (Y0) ok  min_{1<=k<K} rel. LR increment >= 2.688866e-1  rel. radius <= 1.07e-1163  [0.1 s]
K= 40  (I0) ok  (I1') ok  (Y0) ok  min_{1<=k<K} rel. LR increment >= 2.650057e-1  rel. radius <= 5.28e-1162  [0.2 s]
K= 41  (I0) ok  (I1') ok  (Y0) ok  min_{1<=k<K} rel. LR increment >= 2.609874e-1  rel. radius <= 2.87e-1160  [0.2 s]
K= 42  (I0) ok  (I1') ok  (Y0) ok  min_{1<=k<K} rel. LR increment >= 2.562234e-1  rel. radius <= 1.73e-1158  [0.2 s]
K= 43  (I0) ok  (I1') ok  (Y0) ok  min_{1<=k<K} rel. LR increment >= 2.509983e-1  rel. radius <= 1.10e-1156  [0.2 s]
K= 44  (I0) ok  (I1') ok  (Y0) ok  min_{1<=k<K} rel. LR increment >= 2.452439e-1  rel. radius <= 7.71e-1155  [0.2 s]
K= 45  (I0) ok  (I1') ok  (Y0) ok  min_{1<=k<K} rel. LR increment >= 2.395083e-1  rel. radius <= 5.95e-1153  [0.2 s]
K= 46  (I0) ok  (I1') ok  (Y0) ok  min_{1<=k<K} rel. LR increment >= 2.336560e-1  rel. radius <= 5.02e-1151  [0.2 s]
K= 47  (I0) ok  (I1') ok  (Y0) ok  min_{1<=k<K} rel. LR increment >= 2.281034e-1  rel. radius <= 4.45e-1149  [0.3 s]
K= 48  (I0) ok  (I1') ok  (Y0) ok  min_{1<=k<K} rel. LR increment >= 2.225341e-1  rel. radius <= 4.35e-1147  [0.3 s]
K= 49  (I0) ok  (I1') ok  (Y0) ok  min_{1<=k<K} rel. LR increment >= 2.174222e-1  rel. radius <= 4.29e-1145  [0.3 s]
K= 50  (I0) ok  (I1') ok  (Y0) ok  min_{1<=k<K} rel. LR increment >= 2.123443e-1  rel. radius <= 4.74e-1143  [0.3 s]
K= 51  (I0) ok  (I1') ok  (Y0) ok  min_{1<=k<K} rel. LR increment >= 2.074511e-1  rel. radius <= 5.59e-1141  [0.3 s]
K= 52  (I0) ok  (I1') ok  (Y0) ok  min_{1<=k<K} rel. LR increment >= 2.026171e-1  rel. radius <= 7.26e-1139  [0.3 s]
K= 53  (I0) ok  (I1') ok  (Y0) ok  min_{1<=k<K} rel. LR increment >= 1.979220e-1  rel. radius <= 9.99e-1137  [0.4 s]
K= 54  (I0) ok  (I1') ok  (Y0) ok  min_{1<=k<K} rel. LR increment >= 1.933218e-1  rel. radius <= 1.50e-1134  [0.4 s]
K= 55  (I0) ok  (I1') ok  (Y0) ok  min_{1<=k<K} rel. LR increment >= 1.889626e-1  rel. radius <= 2.39e-1132  [0.4 s]
K= 56  (I0) ok  (I1') ok  (Y0) ok  min_{1<=k<K} rel. LR increment >= 1.847095e-1  rel. radius <= 4.21e-1130  [0.4 s]
K= 57  (I0) ok  (I1') ok  (Y0) ok  min_{1<=k<K} rel. LR increment >= 1.806218e-1  rel. radius <= 7.72e-1128  [0.4 s]
K= 58  (I0) ok  (I1') ok  (Y0) ok  min_{1<=k<K} rel. LR increment >= 1.766059e-1  rel. radius <= 1.54e-1125  [0.5 s]
K= 59  (I0) ok  (I1') ok  (Y0) ok  min_{1<=k<K} rel. LR increment >= 1.727688e-1  rel. radius <= 3.28e-1123  [0.5 s]
K= 60  (I0) ok  (I1') ok  (Y0) ok  min_{1<=k<K} rel. LR increment >= 1.690426e-1  rel. radius <= 7.61e-1121  [0.5 s]
K= 61  (I0) ok  (I1') ok  (Y0) ok  min_{1<=k<K} rel. LR increment >= 1.654895e-1  rel. radius <= 1.80e-1118  [0.5 s]
K= 62  (I0) ok  (I1') ok  (Y0) ok  min_{1<=k<K} rel. LR increment >= 1.620209e-1  rel. radius <= 4.61e-1116  [0.6 s]
K= 63  (I0) ok  (I1') ok  (Y0) ok  min_{1<=k<K} rel. LR increment >= 1.587056e-1  rel. radius <= 1.28e-1113  [0.6 s]
K= 64  (I0) ok  (I1') ok  (Y0) ok  min_{1<=k<K} rel. LR increment >= 1.554623e-1  rel. radius <= 3.78e-1111  [0.6 s]
K= 65  (I0) ok  (I1') ok  (Y0) ok  min_{1<=k<K} rel. LR increment >= 1.522784e-1  rel. radius <= 1.19e-1108  [0.7 s]
K= 66  (I0) ok  (I1') ok  (Y0) ok  min_{1<=k<K} rel. LR increment >= 1.491968e-1  rel. radius <= 4.00e-1106  [0.7 s]
K= 67  (I0) ok  (I1') ok  (Y0) ok  min_{1<=k<K} rel. LR increment >= 1.463278e-1  rel. radius <= 1.41e-1103  [0.7 s]
K= 68  (I0) ok  (I1') ok  (Y0) ok  min_{1<=k<K} rel. LR increment >= 1.434678e-1  rel. radius <= 5.29e-1101  [0.7 s]
K= 69  (I0) ok  (I1') ok  (Y0) ok  min_{1<=k<K} rel. LR increment >= 1.408048e-1  rel. radius <= 2.01e-1098  [0.8 s]
K= 70  (I0) ok  (I1') ok  (Y0) ok  min_{1<=k<K} rel. LR increment >= 1.382221e-1  rel. radius <= 8.15e-1096  [0.8 s]
K= 71  (I0) ok  (I1') ok  (Y0) ok  min_{1<=k<K} rel. LR increment >= 1.357296e-1  rel. radius <= 3.51e-1093  [0.9 s]
K= 72  (I0) ok  (I1') ok  (Y0) ok  min_{1<=k<K} rel. LR increment >= 1.332637e-1  rel. radius <= 1.63e-1090  [0.9 s]
K= 73  (I0) ok  (I1') ok  (Y0) ok  min_{1<=k<K} rel. LR increment >= 1.308989e-1  rel. radius <= 7.90e-1088  [0.9 s]
K= 74  (I0) ok  (I1') ok  (Y0) ok  min_{1<=k<K} rel. LR increment >= 1.285868e-1  rel. radius <= 4.11e-1085  [1.0 s]
K= 75  (I0) ok  (I1') ok  (Y0) ok  min_{1<=k<K} rel. LR increment >= 1.263282e-1  rel. radius <= 2.23e-1082  [1.0 s]
K= 76  (I0) ok  (I1') ok  (Y0) ok  min_{1<=k<K} rel. LR increment >= 1.241396e-1  rel. radius <= 1.30e-1079  [1.0 s]
K= 77  (I0) ok  (I1') ok  (Y0) ok  min_{1<=k<K} rel. LR increment >= 1.220362e-1  rel. radius <= 8.00e-1077  [1.1 s]
K= 78  (I0) ok  (I1') ok  (Y0) ok  min_{1<=k<K} rel. LR increment >= 1.199272e-1  rel. radius <= 5.24e-1074  [1.1 s]
K= 79  (I0) ok  (I1') ok  (Y0) ok  min_{1<=k<K} rel. LR increment >= 1.179212e-1  rel. radius <= 3.56e-1071  [1.2 s]
K= 80  (I0) ok  (I1') ok  (Y0) ok  min_{1<=k<K} rel. LR increment >= 1.159777e-1  rel. radius <= 2.56e-1068  [1.2 s]
K= 81  (I0) ok  (I1') ok  (Y0) ok  min_{1<=k<K} rel. LR increment >= 1.140989e-1  rel. radius <= 1.89e-1065  [1.3 s]
K= 82  (I0) ok  (I1') ok  (Y0) ok  min_{1<=k<K} rel. LR increment >= 1.122702e-1  rel. radius <= 1.48e-1062  [1.4 s]
K= 83  (I0) ok  (I1') ok  (Y0) ok  min_{1<=k<K} rel. LR increment >= 1.105261e-1  rel. radius <= 1.21e-1059  [1.5 s]
K= 84  (I0) ok  (I1') ok  (Y0) ok  min_{1<=k<K} rel. LR increment >= 1.087832e-1  rel. radius <= 1.05e-1056  [1.7 s]
K= 85  (I0) ok  (I1') ok  (Y0) ok  min_{1<=k<K} rel. LR increment >= 1.070964e-1  rel. radius <= 9.51e-1054  [1.7 s]
K= 86  (I0) ok  (I1') ok  (Y0) ok  min_{1<=k<K} rel. LR increment >= 1.054607e-1  rel. radius <= 9.12e-1051  [1.8 s]
K= 87  (I0) ok  (I1') ok  (Y0) ok  min_{1<=k<K} rel. LR increment >= 1.038371e-1  rel. radius <= 9.20e-1048  [1.8 s]
K= 88  (I0) ok  (I1') ok  (Y0) ok  min_{1<=k<K} rel. LR increment >= 1.022525e-1  rel. radius <= 9.85e-1045  [1.9 s]
K= 89  (I0) ok  (I1') ok  (Y0) ok  min_{1<=k<K} rel. LR increment >= 1.007331e-1  rel. radius <= 1.11e-1041  [2.0 s]
K= 90  (I0) ok  (I1') ok  (Y0) ok  min_{1<=k<K} rel. LR increment >= 9.922120e-2  rel. radius <= 1.31e-1038  [2.1 s]
K= 91  (I0) ok  (I1') ok  (Y0) ok  min_{1<=k<K} rel. LR increment >= 9.777446e-2  rel. radius <= 1.57e-1035  [2.1 s]
K= 92  (I0) ok  (I1') ok  (Y0) ok  min_{1<=k<K} rel. LR increment >= 9.637144e-2  rel. radius <= 2.00e-1032  [2.2 s]
K= 93  (I0) ok  (I1') ok  (Y0) ok  min_{1<=k<K} rel. LR increment >= 9.498243e-2  rel. radius <= 2.65e-1029  [2.3 s]
K= 94  (I0) ok  (I1') ok  (Y0) ok  min_{1<=k<K} rel. LR increment >= 9.362741e-2  rel. radius <= 3.73e-1026  [2.3 s]
K= 95  (I0) ok  (I1') ok  (Y0) ok  min_{1<=k<K} rel. LR increment >= 9.235405e-2  rel. radius <= 5.28e-1023  [2.4 s]
K= 96  (I0) ok  (I1') ok  (Y0) ok  min_{1<=k<K} rel. LR increment >= 9.107990e-2  rel. radius <= 7.86e-1020  [2.5 s]
K= 97  (I0) ok  (I1') ok  (Y0) ok  min_{1<=k<K} rel. LR increment >= 8.984636e-2  rel. radius <= 1.22e-1016  [2.5 s]
K= 98  (I0) ok  (I1') ok  (Y0) ok  min_{1<=k<K} rel. LR increment >= 8.864837e-2  rel. radius <= 1.99e-1013  [2.6 s]
K= 99  (I0) ok  (I1') ok  (Y0) ok  min_{1<=k<K} rel. LR increment >= 8.746765e-2  rel. radius <= 3.31e-1010  [2.7 s]
K=100  (I0) ok  (I1') ok  (Y0) ok  min_{1<=k<K} rel. LR increment >= 8.632101e-2  rel. radius <= 5.81e-1007  [2.8 s]
K=101  (I0) ok  (I1') ok  (Y0) ok  min_{1<=k<K} rel. LR increment >= 8.522022e-2  rel. radius <= 1.06e-1003  [2.8 s]
K=102  (I0) ok  (I1') ok  (Y0) ok  min_{1<=k<K} rel. LR increment >= 8.412078e-2  rel. radius <= 2.01e-1000  [3.0 s]
K=103  (I0) ok  (I1') ok  (Y0) ok  min_{1<=k<K} rel. LR increment >= 8.306409e-2  rel. radius <= 3.94e-997  [3.0 s]
K=104  (I0) ok  (I1') ok  (Y0) ok  min_{1<=k<K} rel. LR increment >= 8.202560e-2  rel. radius <= 8.10e-994  [3.2 s]
K=105  (I0) ok  (I1') ok  (Y0) ok  min_{1<=k<K} rel. LR increment >= 8.100011e-2  rel. radius <= 1.73e-990  [3.2 s]
K=106  (I0) ok  (I1') ok  (Y0) ok  min_{1<=k<K} rel. LR increment >= 8.000330e-2  rel. radius <= 3.86e-987  [3.3 s]
K=107  (I0) ok  (I1') ok  (Y0) ok  min_{1<=k<K} rel. LR increment >= 7.902804e-2  rel. radius <= 8.87e-984  [3.5 s]
K=108  (I0) ok  (I1') ok  (Y0) ok  min_{1<=k<K} rel. LR increment >= 7.806576e-2  rel. radius <= 2.15e-980  [3.5 s]
K=109  (I0) ok  (I1') ok  (Y0) ok  min_{1<=k<K} rel. LR increment >= 7.714385e-2  rel. radius <= 5.34e-977  [3.6 s]
K=110  (I0) ok  (I1') ok  (Y0) ok  min_{1<=k<K} rel. LR increment >= 7.622611e-2  rel. radius <= 1.39e-973  [3.7 s]
K=111  (I0) ok  (I1') ok  (Y0) ok  min_{1<=k<K} rel. LR increment >= 7.533056e-2  rel. radius <= 3.71e-970  [3.9 s]
K=112  (I0) ok  (I1') ok  (Y0) ok  min_{1<=k<K} rel. LR increment >= 7.445925e-2  rel. radius <= 1.04e-966  [3.9 s]
K=113  (I0) ok  (I1') ok  (Y0) ok  min_{1<=k<K} rel. LR increment >= 7.360613e-2  rel. radius <= 2.92e-963  [4.0 s]
K=114  (I0) ok  (I1') ok  (Y0) ok  min_{1<=k<K} rel. LR increment >= 7.277477e-2  rel. radius <= 8.58e-960  [4.1 s]
K=115  (I0) ok  (I1') ok  (Y0) ok  min_{1<=k<K} rel. LR increment >= 7.196340e-2  rel. radius <= 2.62e-956  [4.2 s]
K=116  (I0) ok  (I1') ok  (Y0) ok  min_{1<=k<K} rel. LR increment >= 7.115478e-2  rel. radius <= 8.33e-953  [4.3 s]
K=117  (I0) ok  (I1') ok  (Y0) ok  min_{1<=k<K} rel. LR increment >= 7.037426e-2  rel. radius <= 2.74e-949  [4.4 s]
K=118  (I0) ok  (I1') ok  (Y0) ok  min_{1<=k<K} rel. LR increment >= 6.960284e-2  rel. radius <= 9.39e-946  [4.5 s]
K=119  (I0) ok  (I1') ok  (Y0) ok  min_{1<=k<K} rel. LR increment >= 6.884343e-2  rel. radius <= 3.33e-942  [4.6 s]
K=120  (I0) ok  (I1') ok  (Y0) ok  min_{1<=k<K} rel. LR increment >= 6.810364e-2  rel. radius <= 1.23e-938  [4.7 s]
K=121  (I0) ok  (I1') ok  (Y0) ok  min_{1<=k<K} rel. LR increment >= 6.738480e-2  rel. radius <= 4.51e-935  [4.8 s]
K=122  (I0) ok  (I1') ok  (Y0) ok  min_{1<=k<K} rel. LR increment >= 6.667922e-2  rel. radius <= 1.73e-931  [5.0 s]
K=123  (I0) ok  (I1') ok  (Y0) ok  min_{1<=k<K} rel. LR increment >= 6.600653e-2  rel. radius <= 6.63e-928  [5.1 s]
K=124  (I0) ok  (I1') ok  (Y0) ok  min_{1<=k<K} rel. LR increment >= 6.533215e-2  rel. radius <= 2.65e-924  [5.2 s]
K=125  (I0) ok  (I1') ok  (Y0) ok  min_{1<=k<K} rel. LR increment >= 6.467945e-2  rel. radius <= 1.09e-920  [5.3 s]
K=126  (I0) ok  (I1') ok  (Y0) ok  min_{1<=k<K} rel. LR increment >= 6.403477e-2  rel. radius <= 4.67e-917  [5.5 s]
K=127  (I0) ok  (I1') ok  (Y0) ok  min_{1<=k<K} rel. LR increment >= 6.339738e-2  rel. radius <= 2.08e-913  [5.7 s]
K=128  (I0) ok  (I1') ok  (Y0) ok  min_{1<=k<K} rel. LR increment >= 6.277520e-2  rel. radius <= 9.59e-910  [5.8 s]
K=129  (I0) ok  (I1') ok  (Y0) ok  min_{1<=k<K} rel. LR increment >= 6.215979e-2  rel. radius <= 4.55e-906  [6.0 s]
K=130  (I0) ok  (I1') ok  (Y0) ok  min_{1<=k<K} rel. LR increment >= 6.155458e-2  rel. radius <= 2.24e-902  [6.1 s]
K=131  (I0) ok  (I1') ok  (Y0) ok  min_{1<=k<K} rel. LR increment >= 6.096896e-2  rel. radius <= 1.13e-898  [6.4 s]
K=132  (I0) ok  (I1') ok  (Y0) ok  min_{1<=k<K} rel. LR increment >= 6.038221e-2  rel. radius <= 5.86e-895  [6.4 s]
K=133  (I0) ok  (I1') ok  (Y0) ok  min_{1<=k<K} rel. LR increment >= 5.981118e-2  rel. radius <= 3.15e-891  [6.5 s]
K=134  (I0) ok  (I1') ok  (Y0) ok  min_{1<=k<K} rel. LR increment >= 5.924708e-2  rel. radius <= 1.76e-887  [6.7 s]
K=135  (I0) ok  (I1') ok  (Y0) ok  min_{1<=k<K} rel. LR increment >= 5.868927e-2  rel. radius <= 1.01e-883  [7.1 s]
K=136  (I0) ok  (I1') ok  (Y0) ok  min_{1<=k<K} rel. LR increment >= 5.814425e-2  rel. radius <= 6.02e-880  [7.5 s]
K=137  (I0) ok  (I1') ok  (Y0) ok  min_{1<=k<K} rel. LR increment >= 5.760850e-2  rel. radius <= 3.66e-876  [7.3 s]
K=138  (I0) ok  (I1') ok  (Y0) ok  min_{1<=k<K} rel. LR increment >= 5.708141e-2  rel. radius <= 2.30e-872  [7.4 s]
K=139  (I0) ok  (I1') ok  (Y0) ok  min_{1<=k<K} rel. LR increment >= 5.656911e-2  rel. radius <= 1.47e-868  [7.6 s]
K=140  (I0) ok  (I1') ok  (Y0) ok  min_{1<=k<K} rel. LR increment >= 5.605644e-2  rel. radius <= 9.75e-865  [7.8 s]
K=141  (I0) ok  (I1') ok  (Y0) ok  min_{1<=k<K} rel. LR increment >= 5.555599e-2  rel. radius <= 6.69e-861  [8.0 s]
K=142  (I0) ok  (I1') ok  (Y0) ok  min_{1<=k<K} rel. LR increment >= 5.506093e-2  rel. radius <= 4.74e-857  [8.0 s]
K=143  (I0) ok  (I1') ok  (Y0) ok  min_{1<=k<K} rel. LR increment >= 5.457482e-2  rel. radius <= 3.42e-853  [8.2 s]
K=144  (I0) ok  (I1') ok  (Y0) ok  min_{1<=k<K} rel. LR increment >= 5.409932e-2  rel. radius <= 2.55e-849  [8.4 s]
K=145  (I0) ok  (I1') ok  (Y0) ok  min_{1<=k<K} rel. LR increment >= 5.362907e-2  rel. radius <= 1.94e-845  [8.6 s]
K=146  (I0) ok  (I1') ok  (Y0) ok  min_{1<=k<K} rel. LR increment >= 5.316686e-2  rel. radius <= 1.52e-841  [8.7 s]
K=147  (I0) ok  (I1') ok  (Y0) ok  min_{1<=k<K} rel. LR increment >= 5.271393e-2  rel. radius <= 1.23e-837  [9.0 s]
K=148  (I0) ok  (I1') ok  (Y0) ok  min_{1<=k<K} rel. LR increment >= 5.226177e-2  rel. radius <= 1.03e-833  [9.2 s]
K=149  (I0) ok  (I1') ok  (Y0) ok  min_{1<=k<K} rel. LR increment >= 5.182325e-2  rel. radius <= 8.78e-830  [9.4 s]
K=150  (I0) ok  (I1') ok  (Y0) ok  min_{1<=k<K} rel. LR increment >= 5.138820e-2  rel. radius <= 7.73e-826  [9.7 s]
K=151  (I0) ok  (I1') ok  (Y0) ok  min_{1<=k<K} rel. LR increment >= 5.096027e-2  rel. radius <= 6.95e-822  [9.8 s]
K=152  (I0) ok  (I1') ok  (Y0) ok  min_{1<=k<K} rel. LR increment >= 5.054127e-2  rel. radius <= 6.44e-818  [10.3 s]
K=153  (I0) ok  (I1') ok  (Y0) ok  min_{1<=k<K} rel. LR increment >= 5.012311e-2  rel. radius <= 6.13e-814  [10.1 s]
K=154  (I0) ok  (I1') ok  (Y0) ok  min_{1<=k<K} rel. LR increment >= 4.971299e-2  rel. radius <= 6.01e-810  [10.3 s]
K=155  (I0) ok  (I1') ok  (Y0) ok  min_{1<=k<K} rel. LR increment >= 4.931185e-2  rel. radius <= 5.99e-806  [10.5 s]
K=156  (I0) ok  (I1') ok  (Y0) ok  min_{1<=k<K} rel. LR increment >= 4.891262e-2  rel. radius <= 6.15e-802  [10.9 s]
K=157  (I0) ok  (I1') ok  (Y0) ok  min_{1<=k<K} rel. LR increment >= 4.852372e-2  rel. radius <= 6.44e-798  [11.0 s]
K=158  (I0) ok  (I1') ok  (Y0) ok  min_{1<=k<K} rel. LR increment >= 4.813656e-2  rel. radius <= 6.96e-794  [11.3 s]
K=159  (I0) ok  (I1') ok  (Y0) ok  min_{1<=k<K} rel. LR increment >= 4.776186e-2  rel. radius <= 7.52e-790  [11.7 s]
K=160  (I0) ok  (I1') ok  (Y0) ok  min_{1<=k<K} rel. LR increment >= 4.739370e-2  rel. radius <= 8.40e-786  [11.7 s]
minimum over these levels of min_{1<=k<K} (r_{k+1}-r_k)/|r_k| >= 4.739370e-2
worst relative radius of a cofactor coefficient <= 8.40e-786
ALL CERTIFIED: (I0), (I1'), (Y0) at every level K = 0..160
# exit code 0; wall time 462.3 s
