# command : python toy/pp80/verify_pp80_tau.py toy/pp80/params/pp80.json 0 134
# date    : 2026-10-06T15:41:59Z
# system  : Linux x86_64, 16 visible cores
# python  : 3.10.12 | python-flint 0.9.0 | mpmath 1.3.0
Theorem PP80, tau-basis Hermite route (Arb ball arithmetic)
parameter file toy/pp80/params/pp80.json  sha256 9f840fb2e65142ddf7bd47f33f2e95be51ac05dc42a03ef93fea5401cc82f91c
levels K = 0..134, working precision 6000 bits, nodes y_j = 2 pi n_j for n_j in [2, 3, 4, 5, 7] ... 243 (68 nodes)
tau values cached (3.4 s)
K=  0  (I0) ok  (I1') ok  (Y0) ok  [0.0 s]
K=  1  (I0) ok  (I1') ok  (Y0) ok  min rel. LR increment >= 1.092431e+1  rel. radius <= 1.64e-1805  [0.0 s]
K=  2  (I0) ok  (I1') ok  (Y0) ok  min rel. LR increment >= 4.517085e+0  rel. radius <= 1.88e-1804  | J= 1 (N) ok  p_2J>0 ok  TEL ok  half-step ok  consistency ok  [0.0 s]
K=  3  (I0) ok  (I1') ok  (Y0) ok  min rel. LR increment >= 2.921712e+0  rel. radius <= 4.57e-1802  [0.0 s]
K=  4  (I0) ok  (I1') ok  (Y0) ok  min rel. LR increment >= 1.818332e+0  rel. radius <= 2.43e-1800  | J= 2 (N) ok  p_2J>0 ok  TEL ok  half-step ok  consistency ok  [0.0 s]
K=  5  (I0) ok  (I1') ok  (Y0) ok  min rel. LR increment >= 1.436108e+0  rel. radius <= 2.50e-1797  [0.0 s]
K=  6  (I0) ok  (I1') ok  (Y0) ok  min rel. LR increment >= 1.117244e+0  rel. radius <= 1.41e-1795  | J= 3 (N) ok  p_2J>0 ok  TEL ok  half-step ok  consistency ok  [0.0 s]
K=  7  (I0) ok  (I1') ok  (Y0) ok  min rel. LR increment >= 9.616806e-1  rel. radius <= 1.90e-1791  [0.0 s]
K=  8  (I0) ok  (I1') ok  (Y0) ok  min rel. LR increment >= 8.177510e-1  rel. radius <= 1.61e-1789  | J= 4 (N) ok  p_2J>0 ok  TEL ok  half-step ok  consistency ok  [0.0 s]
K=  9  (I0) ok  (I1') ok  (Y0) ok  min rel. LR increment >= 7.450370e-1  rel. radius <= 8.14e-1784  [0.0 s]
K= 10  (I0) ok  (I1') ok  (Y0) ok  min rel. LR increment >= 6.675382e-1  rel. radius <= 4.58e-1781  | J= 5 (N) ok  p_2J>0 ok  TEL ok  half-step ok  consistency ok  [0.0 s]
K= 11  (I0) ok  (I1') ok  (Y0) ok  min rel. LR increment >= 6.175584e-1  rel. radius <= 1.31e-1776  [0.0 s]
K= 12  (I0) ok  (I1') ok  (Y0) ok  min rel. LR increment >= 5.689842e-1  rel. radius <= 5.40e-1774  | J= 6 (N) ok  p_2J>0 ok  TEL ok  half-step ok  consistency ok  [0.0 s]
K= 13  (I0) ok  (I1') ok  (Y0) ok  min rel. LR increment >= 5.316766e-1  rel. radius <= 2.35e-1769  [0.0 s]
K= 14  (I0) ok  (I1') ok  (Y0) ok  min rel. LR increment >= 4.978501e-1  rel. radius <= 1.54e-1766  | J= 7 (N) ok  p_2J>0 ok  TEL ok  half-step ok  consistency ok  [0.0 s]
K= 15  (I0) ok  (I1') ok  (Y0) ok  min rel. LR increment >= 4.718574e-1  rel. radius <= 1.40e-1760  [0.0 s]
K= 16  (I0) ok  (I1') ok  (Y0) ok  min rel. LR increment >= 4.497872e-1  rel. radius <= 1.60e-1756  | J= 8 (N) ok  p_2J>0 ok  TEL ok  half-step ok  consistency ok  [0.0 s]
K= 17  (I0) ok  (I1') ok  (Y0) ok  min rel. LR increment >= 4.300586e-1  rel. radius <= 1.09e-1749  [0.0 s]
K= 18  (I0) ok  (I1') ok  (Y0) ok  min rel. LR increment >= 4.129651e-1  rel. radius <= 2.23e-1745  | J= 9 (N) ok  p_2J>0 ok  TEL ok  half-step ok  consistency ok  [0.0 s]
K= 19  (I0) ok  (I1') ok  (Y0) ok  min rel. LR increment >= 4.001290e-1  rel. radius <= 5.56e-1738  [0.0 s]
K= 20  (I0) ok  (I1') ok  (Y0) ok  min rel. LR increment >= 3.869948e-1  rel. radius <= 9.97e-1733  | J=10 (N) ok  p_2J>0 ok  TEL ok  half-step ok  consistency ok  [0.1 s]
K= 21  (I0) ok  (I1') ok  (Y0) ok  min rel. LR increment >= 3.759678e-1  rel. radius <= 2.16e-1727  [0.0 s]
K= 22  (I0) ok  (I1') ok  (Y0) ok  min rel. LR increment >= 3.650343e-1  rel. radius <= 5.97e-1723  | J=11 (N) ok  p_2J>0 ok  TEL ok  half-step ok  consistency ok  [0.1 s]
K= 23  (I0) ok  (I1') ok  (Y0) ok  min rel. LR increment >= 3.554819e-1  rel. radius <= 5.93e-1716  [0.1 s]
K= 24  (I0) ok  (I1') ok  (Y0) ok  min rel. LR increment >= 3.467332e-1  rel. radius <= 1.61e-1711  | J=12 (N) ok  p_2J>0 ok  TEL ok  half-step ok  consistency ok  [0.1 s]
K= 25  (I0) ok  (I1') ok  (Y0) ok  min rel. LR increment >= 3.394148e-1  rel. radius <= 1.87e-1703  [0.1 s]
K= 26  (I0) ok  (I1') ok  (Y0) ok  min rel. LR increment >= 3.323386e-1  rel. radius <= 1.09e-1697  | J=13 (N) ok  p_2J>0 ok  TEL ok  half-step ok  consistency ok  [0.1 s]
K= 27  (I0) ok  (I1') ok  (Y0) ok  min rel. LR increment >= 3.263192e-1  rel. radius <= 2.07e-1690  [0.1 s]
K= 28  (I0) ok  (I1') ok  (Y0) ok  min rel. LR increment >= 3.199944e-1  rel. radius <= 4.07e-1685  | J=14 (N) ok  p_2J>0 ok  TEL ok  half-step ok  consistency ok  [0.1 s]
K= 29  (I0) ok  (I1') ok  (Y0) ok  min rel. LR increment >= 3.144176e-1  rel. radius <= 5.16e-1679  [0.1 s]
K= 30  (I0) ok  (I1') ok  (Y0) ok  min rel. LR increment >= 3.090438e-1  rel. radius <= 1.68e-1673  | J=15 (N) ok  p_2J>0 ok  TEL ok  half-step ok  consistency ok  [0.1 s]
K= 31  (I0) ok  (I1') ok  (Y0) ok  min rel. LR increment >= 3.038635e-1  rel. radius <= 3.87e-1666  [0.1 s]
K= 32  (I0) ok  (I1') ok  (Y0) ok  min rel. LR increment >= 2.989677e-1  rel. radius <= 4.17e-1661  | J=16 (N) ok  p_2J>0 ok  TEL ok  half-step ok  consistency ok  [0.2 s]
K= 33  (I0) ok  (I1') ok  (Y0) ok  min rel. LR increment >= 2.942322e-1  rel. radius <= 3.40e-1654  [0.1 s]
K= 34  (I0) ok  (I1') ok  (Y0) ok  min rel. LR increment >= 2.896668e-1  rel. radius <= 2.88e-1649  | J=17 (N) ok  p_2J>0 ok  TEL ok  half-step ok  consistency ok  [0.2 s]
K= 35  (I0) ok  (I1') ok  (Y0) ok  min rel. LR increment >= 2.850904e-1  rel. radius <= 1.31e-1643  [0.1 s]
K= 36  (I0) ok  (I1') ok  (Y0) ok  min rel. LR increment >= 2.805773e-1  rel. radius <= 3.08e-1638  | J=18 (N) ok  p_2J>0 ok  TEL ok  half-step ok  consistency ok  [0.2 s]
K= 37  (I0) ok  (I1') ok  (Y0) ok  min rel. LR increment >= 2.766496e-1  rel. radius <= 2.36e-1630  [0.2 s]
K= 38  (I0) ok  (I1') ok  (Y0) ok  min rel. LR increment >= 2.726013e-1  rel. radius <= 6.44e-1624  | J=19 (N) ok  p_2J>0 ok  TEL ok  half-step ok  consistency ok  [0.2 s]
K= 39  (I0) ok  (I1') ok  (Y0) ok  min rel. LR increment >= 2.688866e-1  rel. radius <= 6.86e-1616  [0.2 s]
K= 40  (I0) ok  (I1') ok  (Y0) ok  min rel. LR increment >= 2.650057e-1  rel. radius <= 7.21e-1610  | J=20 (N) ok  p_2J>0 ok  TEL ok  half-step ok  consistency ok  [0.3 s]
K= 41  (I0) ok  (I1') ok  (Y0) ok  min rel. LR increment >= 2.609874e-1  rel. radius <= 4.94e-1602  [0.2 s]
K= 42  (I0) ok  (I1') ok  (Y0) ok  min rel. LR increment >= 2.562234e-1  rel. radius <= 8.99e-1596  | J=21 (N) ok  p_2J>0 ok  TEL ok  half-step ok  consistency ok  [0.3 s]
K= 43  (I0) ok  (I1') ok  (Y0) ok  min rel. LR increment >= 2.509983e-1  rel. radius <= 2.19e-1587  [0.2 s]
K= 44  (I0) ok  (I1') ok  (Y0) ok  min rel. LR increment >= 2.452439e-1  rel. radius <= 7.33e-1581  | J=22 (N) ok  p_2J>0 ok  TEL ok  half-step ok  consistency ok  [0.3 s]
K= 45  (I0) ok  (I1') ok  (Y0) ok  min rel. LR increment >= 2.395083e-1  rel. radius <= 3.47e-1574  [0.3 s]
K= 46  (I0) ok  (I1') ok  (Y0) ok  min rel. LR increment >= 2.336560e-1  rel. radius <= 3.52e-1568  | J=23 (N) ok  p_2J>0 ok  TEL ok  half-step ok  consistency ok  [0.4 s]
K= 47  (I0) ok  (I1') ok  (Y0) ok  min rel. LR increment >= 2.281034e-1  rel. radius <= 8.31e-1560  [0.3 s]
K= 48  (I0) ok  (I1') ok  (Y0) ok  min rel. LR increment >= 2.225341e-1  rel. radius <= 2.11e-1553  | J=24 (N) ok  p_2J>0 ok  TEL ok  half-step ok  consistency ok  [0.4 s]
K= 49  (I0) ok  (I1') ok  (Y0) ok  min rel. LR increment >= 2.174222e-1  rel. radius <= 2.01e-1544  [0.3 s]
K= 50  (I0) ok  (I1') ok  (Y0) ok  min rel. LR increment >= 2.123443e-1  rel. radius <= 4.50e-1537  | J=25 (N) ok  p_2J>0 ok  TEL ok  half-step ok  consistency ok  [0.5 s]
K= 51  (I0) ok  (I1') ok  (Y0) ok  min rel. LR increment >= 2.074511e-1  rel. radius <= 1.58e-1529  [0.4 s]
K= 52  (I0) ok  (I1') ok  (Y0) ok  min rel. LR increment >= 2.026171e-1  rel. radius <= 2.54e-1522  | J=26 (N) ok  p_2J>0 ok  TEL ok  half-step ok  consistency ok  [0.5 s]
K= 53  (I0) ok  (I1') ok  (Y0) ok  min rel. LR increment >= 1.979220e-1  rel. radius <= 2.11e-1515  [0.4 s]
K= 54  (I0) ok  (I1') ok  (Y0) ok  min rel. LR increment >= 1.933218e-1  rel. radius <= 1.43e-1508  | J=27 (N) ok  p_2J>0 ok  TEL ok  half-step ok  consistency ok  [0.6 s]
K= 55  (I0) ok  (I1') ok  (Y0) ok  min rel. LR increment >= 1.889626e-1  rel. radius <= 2.25e-1500  [0.4 s]
K= 56  (I0) ok  (I1') ok  (Y0) ok  min rel. LR increment >= 1.847095e-1  rel. radius <= 1.02e-1493  | J=28 (N) ok  p_2J>0 ok  TEL ok  half-step ok  consistency ok  [0.7 s]
K= 57  (I0) ok  (I1') ok  (Y0) ok  min rel. LR increment >= 1.806218e-1  rel. radius <= 3.55e-1486  [0.5 s]
K= 58  (I0) ok  (I1') ok  (Y0) ok  min rel. LR increment >= 1.766059e-1  rel. radius <= 2.02e-1479  | J=29 (N) ok  p_2J>0 ok  TEL ok  half-step ok  consistency ok  [0.7 s]
K= 59  (I0) ok  (I1') ok  (Y0) ok  min rel. LR increment >= 1.727688e-1  rel. radius <= 2.14e-1472  [0.5 s]
K= 60  (I0) ok  (I1') ok  (Y0) ok  min rel. LR increment >= 1.690426e-1  rel. radius <= 1.09e-1465  | J=30 (N) ok  p_2J>0 ok  TEL ok  half-step ok  consistency ok  [0.8 s]
K= 61  (I0) ok  (I1') ok  (Y0) ok  min rel. LR increment >= 1.654895e-1  rel. radius <= 3.74e-1457  [0.6 s]
K= 62  (I0) ok  (I1') ok  (Y0) ok  min rel. LR increment >= 1.620209e-1  rel. radius <= 1.15e-1449  | J=31 (N) ok  p_2J>0 ok  TEL ok  half-step ok  consistency ok  [0.9 s]
K= 63  (I0) ok  (I1') ok  (Y0) ok  min rel. LR increment >= 1.587056e-1  rel. radius <= 5.86e-1442  [0.6 s]
K= 64  (I0) ok  (I1') ok  (Y0) ok  min rel. LR increment >= 1.554623e-1  rel. radius <= 1.28e-1435  | J=32 (N) ok  p_2J>0 ok  TEL ok  half-step ok  consistency ok  [0.9 s]
K= 65  (I0) ok  (I1') ok  (Y0) ok  min rel. LR increment >= 1.522784e-1  rel. radius <= 5.39e-1428  [0.7 s]
K= 66  (I0) ok  (I1') ok  (Y0) ok  min rel. LR increment >= 1.491968e-1  rel. radius <= 5.86e-1421  | J=33 (N) ok  p_2J>0 ok  TEL ok  half-step ok  consistency ok  [1.0 s]
K= 67  (I0) ok  (I1') ok  (Y0) ok  min rel. LR increment >= 1.463278e-1  rel. radius <= 5.92e-1413  [0.7 s]
K= 68  (I0) ok  (I1') ok  (Y0) ok  min rel. LR increment >= 1.434678e-1  rel. radius <= 7.23e-1406  | J=34 (N) ok  p_2J>0 ok  TEL ok  half-step ok  consistency ok  [1.1 s]
K= 69  (I0) ok  (I1') ok  (Y0) ok  min rel. LR increment >= 1.408048e-1  rel. radius <= 4.61e-1396  [0.8 s]
K= 70  (I0) ok  (I1') ok  (Y0) ok  min rel. LR increment >= 1.382221e-1  rel. radius <= 3.57e-1388  | J=35 (N) ok  p_2J>0 ok  TEL ok  half-step ok  consistency ok  [1.2 s]
K= 71  (I0) ok  (I1') ok  (Y0) ok  min rel. LR increment >= 1.357296e-1  rel. radius <= 5.47e-1380  [0.9 s]
K= 72  (I0) ok  (I1') ok  (Y0) ok  min rel. LR increment >= 1.332637e-1  rel. radius <= 1.14e-1372  | J=36 (N) ok  p_2J>0 ok  TEL ok  half-step ok  consistency ok  [1.3 s]
K= 73  (I0) ok  (I1') ok  (Y0) ok  min rel. LR increment >= 1.308989e-1  rel. radius <= 1.36e-1364  [0.9 s]
K= 74  (I0) ok  (I1') ok  (Y0) ok  min rel. LR increment >= 1.285868e-1  rel. radius <= 1.49e-1357  | J=37 (N) ok  p_2J>0 ok  TEL ok  half-step ok  consistency ok  [1.4 s]
K= 75  (I0) ok  (I1') ok  (Y0) ok  min rel. LR increment >= 1.263282e-1  rel. radius <= 1.55e-1349  [1.0 s]
K= 76  (I0) ok  (I1') ok  (Y0) ok  min rel. LR increment >= 1.241396e-1  rel. radius <= 2.51e-1342  | J=38 (N) ok  p_2J>0 ok  TEL ok  half-step ok  consistency ok  [1.5 s]
K= 77  (I0) ok  (I1') ok  (Y0) ok  min rel. LR increment >= 1.220362e-1  rel. radius <= 3.74e-1335  [1.1 s]
K= 78  (I0) ok  (I1') ok  (Y0) ok  min rel. LR increment >= 1.199272e-1  rel. radius <= 8.62e-1328  | J=39 (N) ok  p_2J>0 ok  TEL ok  half-step ok  consistency ok  [1.6 s]
K= 79  (I0) ok  (I1') ok  (Y0) ok  min rel. LR increment >= 1.179212e-1  rel. radius <= 3.98e-1319  [1.2 s]
K= 80  (I0) ok  (I1') ok  (Y0) ok  min rel. LR increment >= 1.159777e-1  rel. radius <= 5.45e-1312  | J=40 (N) ok  p_2J>0 ok  TEL ok  half-step ok  consistency ok  [1.8 s]
K= 81  (I0) ok  (I1') ok  (Y0) ok  min rel. LR increment >= 1.140989e-1  rel. radius <= 4.13e-1303  [1.3 s]
K= 82  (I0) ok  (I1') ok  (Y0) ok  min rel. LR increment >= 1.122702e-1  rel. radius <= 1.94e-1295  | J=41 (N) ok  p_2J>0 ok  TEL ok  half-step ok  consistency ok  [1.7 s]
K= 83  (I0) ok  (I1') ok  (Y0) ok  min rel. LR increment >= 1.105261e-1  rel. radius <= 4.21e-1287  [1.3 s]
K= 84  (I0) ok  (I1') ok  (Y0) ok  min rel. LR increment >= 1.087832e-1  rel. radius <= 5.79e-1280  | J=42 (N) ok  p_2J>0 ok  TEL ok  half-step ok  consistency ok  [2.7 s]
K= 85  (I0) ok  (I1') ok  (Y0) ok  min rel. LR increment >= 1.070964e-1  rel. radius <= 6.05e-1272  [1.9 s]
K= 86  (I0) ok  (I1') ok  (Y0) ok  min rel. LR increment >= 1.054607e-1  rel. radius <= 8.34e-1264  | J=43 (N) ok  p_2J>0 ok  TEL ok  half-step ok  consistency ok  [2.8 s]
K= 87  (I0) ok  (I1') ok  (Y0) ok  min rel. LR increment >= 1.038371e-1  rel. radius <= 1.11e-1256  [2.0 s]
K= 88  (I0) ok  (I1') ok  (Y0) ok  min rel. LR increment >= 1.022525e-1  rel. radius <= 8.10e-1250  | J=44 (N) ok  p_2J>0 ok  TEL ok  half-step ok  consistency ok  [3.0 s]
K= 89  (I0) ok  (I1') ok  (Y0) ok  min rel. LR increment >= 1.007331e-1  rel. radius <= 4.61e-1242  [2.1 s]
K= 90  (I0) ok  (I1') ok  (Y0) ok  min rel. LR increment >= 9.922120e-2  rel. radius <= 4.20e-1235  | J=45 (N) ok  p_2J>0 ok  TEL ok  half-step ok  consistency ok  [3.1 s]
K= 91  (I0) ok  (I1') ok  (Y0) ok  min rel. LR increment >= 9.777446e-2  rel. radius <= 1.98e-1226  [2.2 s]
K= 92  (I0) ok  (I1') ok  (Y0) ok  min rel. LR increment >= 9.637144e-2  rel. radius <= 3.08e-1219  | J=46 (N) ok  p_2J>0 ok  TEL ok  half-step ok  consistency ok  [3.3 s]
K= 93  (I0) ok  (I1') ok  (Y0) ok  min rel. LR increment >= 9.498243e-2  rel. radius <= 1.46e-1211  [2.3 s]
K= 94  (I0) ok  (I1') ok  (Y0) ok  min rel. LR increment >= 9.362741e-2  rel. radius <= 3.88e-1204  | J=47 (N) ok  p_2J>0 ok  TEL ok  half-step ok  consistency ok  [3.5 s]
K= 95  (I0) ok  (I1') ok  (Y0) ok  min rel. LR increment >= 9.235405e-2  rel. radius <= 2.70e-1195  [2.4 s]
K= 96  (I0) ok  (I1') ok  (Y0) ok  min rel. LR increment >= 9.107990e-2  rel. radius <= 3.15e-1187  | J=48 (N) ok  p_2J>0 ok  TEL ok  half-step ok  consistency ok  [3.7 s]
K= 97  (I0) ok  (I1') ok  (Y0) ok  min rel. LR increment >= 8.984636e-2  rel. radius <= 4.90e-1179  [2.6 s]
K= 98  (I0) ok  (I1') ok  (Y0) ok  min rel. LR increment >= 8.864837e-2  rel. radius <= 1.37e-1171  | J=49 (N) ok  p_2J>0 ok  TEL ok  half-step ok  consistency ok  [3.8 s]
K= 99  (I0) ok  (I1') ok  (Y0) ok  min rel. LR increment >= 8.746765e-2  rel. radius <= 1.03e-1162  [2.7 s]
K=100  (I0) ok  (I1') ok  (Y0) ok  min rel. LR increment >= 8.632101e-2  rel. radius <= 7.54e-1155  | J=50 (N) ok  p_2J>0 ok  TEL ok  half-step ok  consistency ok  [4.1 s]
K=101  (I0) ok  (I1') ok  (Y0) ok  min rel. LR increment >= 8.522022e-2  rel. radius <= 6.89e-1146  [2.8 s]
K=102  (I0) ok  (I1') ok  (Y0) ok  min rel. LR increment >= 8.412078e-2  rel. radius <= 2.21e-1137  | J=51 (N) ok  p_2J>0 ok  TEL ok  half-step ok  consistency ok  [4.3 s]
K=103  (I0) ok  (I1') ok  (Y0) ok  min rel. LR increment >= 8.306409e-2  rel. radius <= 1.82e-1129  [3.0 s]
K=104  (I0) ok  (I1') ok  (Y0) ok  min rel. LR increment >= 8.202560e-2  rel. radius <= 1.55e-1121  | J=52 (N) ok  p_2J>0 ok  TEL ok  half-step ok  consistency ok  [4.5 s]
K=105  (I0) ok  (I1') ok  (Y0) ok  min rel. LR increment >= 8.100011e-2  rel. radius <= 6.55e-1113  [3.1 s]
K=106  (I0) ok  (I1') ok  (Y0) ok  min rel. LR increment >= 8.000330e-2  rel. radius <= 2.67e-1105  | J=53 (N) ok  p_2J>0 ok  TEL ok  half-step ok  consistency ok  [4.7 s]
K=107  (I0) ok  (I1') ok  (Y0) ok  min rel. LR increment >= 7.902804e-2  rel. radius <= 2.89e-1097  [3.3 s]
K=108  (I0) ok  (I1') ok  (Y0) ok  min rel. LR increment >= 7.806576e-2  rel. radius <= 8.06e-1089  | J=54 (N) ok  p_2J>0 ok  TEL ok  half-step ok  consistency ok  [5.0 s]
K=109  (I0) ok  (I1') ok  (Y0) ok  min rel. LR increment >= 7.714385e-2  rel. radius <= 2.35e-1080  [3.5 s]
K=110  (I0) ok  (I1') ok  (Y0) ok  min rel. LR increment >= 7.622611e-2  rel. radius <= 8.79e-1073  | J=55 (N) ok  p_2J>0 ok  TEL ok  half-step ok  consistency ok  [5.1 s]
K=111  (I0) ok  (I1') ok  (Y0) ok  min rel. LR increment >= 7.533056e-2  rel. radius <= 1.40e-1064  [3.6 s]
K=112  (I0) ok  (I1') ok  (Y0) ok  min rel. LR increment >= 7.445925e-2  rel. radius <= 3.71e-1057  | J=56 (N) ok  p_2J>0 ok  TEL ok  half-step ok  consistency ok  [5.4 s]
K=113  (I0) ok  (I1') ok  (Y0) ok  min rel. LR increment >= 7.360613e-2  rel. radius <= 1.78e-1047  [3.7 s]
K=114  (I0) ok  (I1') ok  (Y0) ok  min rel. LR increment >= 7.277477e-2  rel. radius <= 4.29e-1040  | J=57 (N) ok  p_2J>0 ok  TEL ok  half-step ok  consistency ok  [5.8 s]
K=115  (I0) ok  (I1') ok  (Y0) ok  min rel. LR increment >= 7.196340e-2  rel. radius <= 1.23e-1031  [4.0 s]
K=116  (I0) ok  (I1') ok  (Y0) ok  min rel. LR increment >= 7.115478e-2  rel. radius <= 7.16e-1024  | J=58 (N) ok  p_2J>0 ok  TEL ok  half-step ok  consistency ok  [6.0 s]
K=117  (I0) ok  (I1') ok  (Y0) ok  min rel. LR increment >= 7.037426e-2  rel. radius <= 9.70e-1015  [4.1 s]
K=118  (I0) ok  (I1') ok  (Y0) ok  min rel. LR increment >= 6.960284e-2  rel. radius <= 2.30e-1006  | J=59 (N) ok  p_2J>0 ok  TEL ok  half-step ok  consistency ok  [6.1 s]
K=119  (I0) ok  (I1') ok  (Y0) ok  min rel. LR increment >= 6.884343e-2  rel. radius <= 2.66e-998  [4.3 s]
K=120  (I0) ok  (I1') ok  (Y0) ok  min rel. LR increment >= 6.810364e-2  rel. radius <= 3.28e-991  | J=60 (N) ok  p_2J>0 ok  TEL ok  half-step ok  consistency ok  [6.7 s]
K=121  (I0) ok  (I1') ok  (Y0) ok  min rel. LR increment >= 6.738480e-2  rel. radius <= 4.81e-982  [4.4 s]
K=122  (I0) ok  (I1') ok  (Y0) ok  min rel. LR increment >= 6.667922e-2  rel. radius <= 1.26e-973  | J=61 (N) ok  p_2J>0 ok  TEL ok  half-step ok  consistency ok  [6.7 s]
K=123  (I0) ok  (I1') ok  (Y0) ok  min rel. LR increment >= 6.600653e-2  rel. radius <= 8.45e-963  [4.6 s]
K=124  (I0) ok  (I1') ok  (Y0) ok  min rel. LR increment >= 6.533215e-2  rel. radius <= 1.14e-953  | J=62 (N) ok  p_2J>0 ok  TEL ok  half-step ok  consistency ok  [7.0 s]
K=125  (I0) ok  (I1') ok  (Y0) ok  min rel. LR increment >= 6.467945e-2  rel. radius <= 6.74e-945  [4.8 s]
K=126  (I0) ok  (I1') ok  (Y0) ok  min rel. LR increment >= 6.403477e-2  rel. radius <= 6.02e-937  | J=63 (N) ok  p_2J>0 ok  TEL ok  half-step ok  consistency ok  [7.3 s]
K=127  (I0) ok  (I1') ok  (Y0) ok  min rel. LR increment >= 6.339738e-2  rel. radius <= 2.74e-928  [5.0 s]
K=128  (I0) ok  (I1') ok  (Y0) ok  min rel. LR increment >= 6.277520e-2  rel. radius <= 1.28e-919  | J=64 (N) ok  p_2J>0 ok  TEL ok  half-step ok  consistency ok  [7.6 s]
K=129  (I0) ok  (I1') ok  (Y0) ok  min rel. LR increment >= 6.215979e-2  rel. radius <= 5.28e-911  [5.2 s]
K=130  (I0) ok  (I1') ok  (Y0) ok  min rel. LR increment >= 6.155458e-2  rel. radius <= 5.96e-903  | J=65 (N) ok  p_2J>0 ok  TEL ok  half-step ok  consistency ok  [7.8 s]
K=131  (I0) ok  (I1') ok  (Y0) ok  min rel. LR increment >= 6.096896e-2  rel. radius <= 7.45e-894  [5.4 s]
K=132  (I0) ok  (I1') ok  (Y0) ok  min rel. LR increment >= 6.038221e-2  rel. radius <= 2.38e-885  | J=66 (N) ok  p_2J>0 ok  TEL ok  half-step ok  consistency ok  [8.1 s]
K=133  (I0) ok  (I1') ok  (Y0) ok  min rel. LR increment >= 5.981118e-2  rel. radius <= 2.90e-877  [5.6 s]
K=134  (I0) ok  (I1') ok  (Y0) ok  min rel. LR increment >= 5.924708e-2  rel. radius <= 7.11e-869  | J=67 (N) ok  p_2J>0 ok  TEL ok  half-step ok  consistency ok  [8.5 s]
minimum over these levels of the relative LR increment min_k (r_{k+1}-r_k)/|r_k| >= 5.924708e-2
worst relative radius of a cofactor coefficient <= 7.11e-869
ALL CERTIFIED: (I0), (I1'), (Y0) at every level K = 0..134; (N), p_2J > 0, TEL_J, half-step positivity, consistency for J = 1..67
# exit code 0; wall time 266.1 s
