# command : python cone/cert_exact.py 111 --pball exact/out/P111_ball.txt --sha 25669a321f71ddef789247cd0adc0fd129c5d70f293e488bc4dab8c3f708b3f1 --prec 3000 --order 28 --order-far 64 --order-switch 121 --workers 3 --xmin 2 --cost 800 --json cone/out/W_J111_x2.json
# date    : 2026-10-07T10:17:20Z
# system  : Linux x86_64, 16 visible cores
# python  : 3.10.12 | python-flint 0.9.0 | mpmath 1.3.0
cert_exact: J = 111, working precision 3000 bits, Taylor order 28, order 64 for x >= 121.0, K backend trap, x_min = 2, workers 3
  python 3.10.12 | flint 0.9.0
  pball exact/out/P111_ball.txt  sha256 25669a321f71ddef789247cd0adc0fd129c5d70f293e488bc4dab8c3f708b3f1  (expected 25669a321f71: True)
  code cone/cert_exact.py       sha256 58b4afeabe96a27070b1b24dde4171d598b09377adcf4c20a6eaced40803e46b
  code cone/conelib.py          sha256 cc1534c4f34b72579f3eedd2df2adb8ce649d6ddbdacbd5a1090143031db12ee
  code lib/bessel_form.py       sha256 b80182e8bdbe8ceaafd78d2813251a5ab949767808e8a97b96d3fd20f3c072bc
  code lib/besselk.py           sha256 3d3fd6601742c49b17fc355a0d9310474704ad480508010f91ae92615131501a
  code lib/common.py            sha256 d8e3056e04fdb144a8706bbc31ef0d3028860f21bd5dc09e0db9ee65aa14242a
  code lib/k01_trapezoid.py     sha256 864867203d52f421ade04725be5f78f8be4dcbf8569d355c98a3d43bf87408a1
(POS) p_0 = 1 exactly; all 223 coefficients p_k certified > 0: True  (min_k p_k >= 1.639e-1240 at k = 222)
      => P_J(u) >= 1 for u >= 0, H_J(t) = P_J(t^2) >= 1 and F_J >= Xi^2 on R
  nodes: the first 111 prime powers 2 .. 479; operator length D = 514 (setup 0.2 s)
(BF) Q = Abel preimage, degree 448 = 4J+4, leading coefficient > 0; all 449 Taylor coefficients of Q at y_0 = 2 pi x_0 certified > 0 for x_0 = 4793/10 (first point of the grid n_J + k*1/20)
     => Fhat_J > 0 on [x_0, oo) = [4793/10, oo)  (Lemma 4.6, all divisor terms)
(NODE) jet-subtracted neighbourhoods of the 111 nodes (n = 2 one-sided):
    n =    2: p = 28, h = 1.000e-02, c_0 = [+/- 7.49e-96], c_1 = [+/- 2.41e-92], c_2 = Fhat_J''(xi_n)/2 = [58.117249 +/- 3.60e-7], bracket >= 3.26191e1 (0.56 c_2)
    n =    3: p = 28, h = 1.000e-02, c_0 = [+/- 3.82e-94], c_1 = [+/- 1.21e-90], c_2 = Fhat_J''(xi_n)/2 = [2.3845974 +/- 4.21e-8], bracket >= 2.11723e-1 (0.09 c_2)
    n =    4: p = 28, h = 7.991e-03, c_0 = [+/- 5.08e-96], c_1 = [+/- 1.62e-92], c_2 = Fhat_J''(xi_n)/2 = [0.17205927 +/- 1.46e-10], bracket >= 8.87540e-2 (0.52 c_2)
    n =   17: p = 28, h = 2.171e-03, c_0 = [+/- 6.05e-82], c_1 = [+/- 1.68e-78], c_2 = Fhat_J''(xi_n)/2 = [4.3601800e-19 +/- 4.60e-27], bracket >= 2.18235e-19 (0.50 c_2)
    n =   43: p = 28, h = 4.264e-04, c_0 = [+/- 3.50e-196], c_1 = [+/- 1.78e-192], c_2 = Fhat_J''(xi_n)/2 = [1.3299557e-66 +/- 3.74e-74], bracket >= 6.39578e-67 (0.48 c_2)
    n =   79: p = 28, h = 5.596e-05, c_0 = [+/- 1.60e-420], c_1 = [+/- 1.62e-416], c_2 = Fhat_J''(xi_n)/2 = [2.4539474e-143 +/- 1.92e-151], bracket >= 2.05422e-143 (0.84 c_2)
    n =  121: p = 64, h = 2.912e-04, c_0 = [+/- 6.32e-702], c_1 = [+/- 9.33e-698], c_2 = Fhat_J''(xi_n)/2 = [1.0403725e-237 +/- 9.64e-246], bracket >= 2.68387e-238 (0.26 c_2)
    n =  163: p = 64, h = 2.170e-04, c_0 = [+/- 1.17e-996], c_1 = [+/- 2.34e-992], c_2 = Fhat_J''(xi_n)/2 = [5.9587349e-333 +/- 2.66e-341], bracket >= 1.61597e-333 (0.27 c_2)
    n =  211: p = 64, h = 1.238e-04, c_0 = [+/- 3.83e-1140], c_1 = [+/- 3.89e-1136], c_2 = Fhat_J''(xi_n)/2 = [1.0341731e-440 +/- 4.00e-449], bracket >= 4.25513e-441 (0.41 c_2)
    n =  257: p = 64, h = 6.980e-05, c_0 = [+/- 7.64e-1240], c_1 = [+/- 9.26e-1236], c_2 = Fhat_J''(xi_n)/2 = [1.3208453e-553 +/- 3.35e-561], bracket >= 8.59694e-554 (0.65 c_2)
    n =  311: p = 64, h = 2.869e-05, c_0 = [+/- 2.77e-1360], c_1 = [+/- 3.98e-1356], c_2 = Fhat_J''(xi_n)/2 = [8.1703700e-675 +/- 2.22e-683], bracket >= 5.82165e-675 (0.71 c_2)
    n =  361: p = 64, h = 2.487e-05, c_0 = [+/- 1.98e-1474], c_1 = [+/- 3.26e-1470], c_2 = Fhat_J''(xi_n)/2 = [3.8701805e-790 +/- 4.39e-798], bracket >= 3.05115e-790 (0.79 c_2)
    n =  421: p = 64, h = 4.263e-05, c_0 = [+/- 4.48e-1614], c_1 = [+/- 8.47e-1610], c_2 = Fhat_J''(xi_n)/2 = [8.3184971e-921 +/- 2.35e-929], bracket >= 5.13775e-921 (0.62 c_2)
    n =  463: p = 64, h = 3.876e-05, c_0 = [+/- 2.24e-1713], c_1 = [+/- 4.62e-1709], c_2 = Fhat_J''(xi_n)/2 = [1.1715210e-1010 +/- 2.95e-1018], bracket >= 7.67457e-1011 (0.66 c_2)
    n =  467: p = 64, h = 3.851e-05, c_0 = [+/- 6.82e-1723], c_1 = [+/- 1.42e-1718], c_2 = Fhat_J''(xi_n)/2 = [2.7643298e-1017 +/- 1.70e-1025], bracket >= 1.82445e-1017 (0.66 c_2)
    n =  479: p = 64, h = 5.678e-05, c_0 = [+/- 1.70e-1751], c_1 = [+/- 3.61e-1747], c_2 = Fhat_J''(xi_n)/2 = [1.1922459e-1038 +/- 3.19e-1046], bracket >= 5.76211e-1039 (0.48 c_2)
    all certified: True; every c_0, c_1 ball contains 0 (input consistency): True  (20 s)
(GAP) 111 gaps, 6448 Taylor pieces (3037 bisections), all certified: True; min (lower bound / |centre value|) = [0.000289 +/- 1e-11]  (539 s)
(COVER) the items tile [xi_2 (x = 2; one-sided node item from the exact xi_2), xi(x_0)] with exact dyadic endpoints, and the last endpoint >= xi(x_0): True
W_J: Fhat_J >= 0 on [x = 2, oo), with exact double zeros at the 111 nodes and Fhat_J > 0 elsewhere: True
     In particular W_J holds on every window [2, L(D+1)], D = 4J (any L > 0).
(C) clauses of Def 2.4 for F_J = Xi^2 P_J(t^2):  F_J in T (Sec 4.1, a theorem: even, real, Xi^2 P(t^2) in T_delta);  F_J >= Xi^2 >= 0 on R (POS);  Fhat_J >= 0 on [xi_2, oo) (W above)  =>  F_J in C, exactly (no cushion).
(A) A(F_J) = (1/pi) sum_{n in PP, n > n_J} Lambda(n) n^{-1/2} Fhat_J(xi_n)  (Lemma 2.3 + Cor 4.4 + Prop 4.5; unconditional)
    truncation: terms n_J = 479 < n <= 800 (51 prime powers), each enclosed; their sum / pi = [3.98510732131437e-1060 +/- 2.02e-1075]
    first terms: n = 487: [3.9851072e-1060 +/- 1.36e-1068]; n = 491: [1.0778418e-1067 +/- 3.45e-1075]; n = 499: [1.7880392e-1083 +/- 3.78e-1091]
    tail n >= 801: every term >= 0 (W_J); sum <= log(n1) U(n1)/((1 - q) pi) = 2.52e-1759, q = [0.00355 +/- 3.18e-6] < 1/2
    A(F_J) in [3.98510732131e-1060, 3.98510732132e-1060]   (certified ball: [3.98510732131e-1060 +/- 4.37e-1072])
    int F_J = Fhat_J(0) = [2.788431830818955391538863 +/- 4.24e-25]
    kappa_J^exact = A(F_J)/int F_J in [1.429157161e-1060, 1.429157162e-1060]  =>  kappa* <= 1.4291572e-1060  (F_J in C, Def 2.4)
    near-rigidity: every admissible pair (mu, nu) has int Xi^2 dmu <= int F_J dmu <= A(F_J) <= 3.9851074e-1060  (Lemma 2.5, F_J >= Xi^2, Fhat_J >= 0 on supp nu)
CERTIFIED: True   [J = 111, 541 s]
{"J": 111, "pball": "exact/out/P111_ball.txt", "pball_sha256": "25669a321f71ddef789247cd0adc0fd129c5d70f293e488bc4dab8c3f708b3f1", "prec": 3000, "order": 28, "order_far": 64, "order_switch": 121.0, "kback": "trap", "xmin": 2, "POS": true, "x0_BF": "4793/10", "nodes_ok": true, "pieces": 6448, "cover_ok": true, "W_certified": true, "A_lower": "3.98510732131e-1060", "A_upper": "3.98510732132e-1060", "Fhat0": "[2.788431830818955391538863 +/- 4.24e-25]", "nmax": 800, "tail_upper": "2.52e-1759", "kappa_exact_lower": "1.429157161e-1060", "kappa_exact_upper": "1.429157162e-1060", "secs": 541.4}
# exit code 0; wall time 541.5 s
