# command : python cone/cert_exact_alt.py 10 --pball exact/ref/P10_ref.txt --sha 101eba6041a44d9ecf7f8f2fb267899759d9b048fcf5fa420499b516db8a7971 --prec 800 --order 24 --workers 3 --xmin 2 --kback series --cost 400 --json cone/out/Wref_J10_x2.json
# date    : 2026-10-07T10:06:57Z
# system  : Linux x86_64, 16 visible cores
# python  : 3.10.12 | python-flint 0.9.0 | mpmath 1.3.0
Second evaluation path cert_exact_alt.py: evaluator = conelib_alt.FhatAlt (independent operator construction); code sha256 cc3d0af2570c6348528c320fc454b0c615d8d11cc5f0c296b1bf6c7945dabd91 (driver), a382244cbfc7c51ec74ada5faf5fe60337dd51e647547b011cf45d9bf023f638 (conelib_alt), c1c245c6186ad4c7f13980573c63fcd8eebac74815d91ce3bcb6ee456be81565 (lib/opcalc.py)
cert_exact: J = 10, working precision 800 bits, Taylor order 24, K backend series, x_min = 2, workers 3
  python 3.10.12 | flint 0.9.0
  pball exact/ref/P10_ref.txt  sha256 101eba6041a44d9ecf7f8f2fb267899759d9b048fcf5fa420499b516db8a7971  (expected 101eba6041a4: True)
  code cone/cert_exact.py       sha256 58b4afeabe96a27070b1b24dde4171d598b09377adcf4c20a6eaced40803e46b
  code cone/conelib.py          sha256 cc1534c4f34b72579f3eedd2df2adb8ce649d6ddbdacbd5a1090143031db12ee
  code lib/bessel_form.py       sha256 b80182e8bdbe8ceaafd78d2813251a5ab949767808e8a97b96d3fd20f3c072bc
  code lib/besselk.py           sha256 3d3fd6601742c49b17fc355a0d9310474704ad480508010f91ae92615131501a
  code lib/common.py            sha256 d8e3056e04fdb144a8706bbc31ef0d3028860f21bd5dc09e0db9ee65aa14242a
  code lib/k01_trapezoid.py     sha256 864867203d52f421ade04725be5f78f8be4dcbf8569d355c98a3d43bf87408a1
(POS) p_0 = 1 exactly; all 21 coefficients p_k certified > 0: True  (min_k p_k >= 6.600e-55 at k = 20)
      => P_J(u) >= 1 for u >= 0, H_J(t) = P_J(t^2) >= 1 and F_J >= Xi^2 on R
  nodes: the first 10 prime powers 2 .. 16; operator length D = 70 (setup 0.0 s)
(BF) Q = Abel preimage, degree 44 = 4J+4, leading coefficient > 0; all 45 Taylor coefficients of Q at y_0 = 2 pi x_0 certified > 0 for x_0 = 329/20 (first point of the grid n_J + k*1/20)
     => Fhat_J > 0 on [x_0, oo) = [329/20, oo)  (Lemma 4.6, all divisor terms)
(NODE) jet-subtracted neighbourhoods of the 10 nodes (n = 2 one-sided):
    n =    2: p = 24, h = 5.000e-03, c_0 = [+/- 1.23e-51], c_1 = [+/- 2.16e-48], c_2 = Fhat_J''(xi_n)/2 = [58.118650 +/- 1.59e-7], bracket >= 4.42305e1 (0.76 c_2)
    n =    3: p = 24, h = 5.000e-03, c_0 = [+/- 6.64e-54], c_1 = [+/- 1.20e-50], c_2 = Fhat_J''(xi_n)/2 = [2.3857873 +/- 7.44e-9], bracket >= 1.70473e0 (0.71 c_2)
    n =    4: p = 24, h = 3.995e-03, c_0 = [+/- 3.50e-56], c_1 = [+/- 6.42e-53], c_2 = Fhat_J''(xi_n)/2 = [0.17337233 +/- 1.18e-9], bracket >= 1.29372e-1 (0.75 c_2)
    n =   11: p = 24, h = 2.991e-03, c_0 = [+/- 2.13e-65], c_1 = [+/- 4.26e-62], c_2 = Fhat_J''(xi_n)/2 = [1.4513774e-8 +/- 4.65e-16], bracket >= 8.29062e-9 (0.57 c_2)
    n =   13: p = 24, h = 2.991e-03, c_0 = [+/- 6.64e-54], c_1 = [+/- 1.20e-50], c_2 = Fhat_J''(xi_n)/2 = [2.0390346e-10 +/- 4.77e-18], bracket >= 1.04400e-10 (0.51 c_2)
    n =   16: p = 24, h = 1.859e-03, c_0 = [+/- 9.42e-75], c_1 = [+/- 2.03e-71], c_2 = Fhat_J''(xi_n)/2 = [2.5535880e-13 +/- 3.10e-21], bracket >= 1.64484e-13 (0.64 c_2)
    all certified: True; every c_0, c_1 ball contains 0 (input consistency): True  (0 s)
(GAP) 10 gaps, 67 Taylor pieces (21 bisections), all certified: True; min (lower bound / |centre value|) = [0.0733 +/- 3e-8]  (1 s)
(COVER) the items tile [xi_2 (x = 2; one-sided node item from the exact xi_2), xi(x_0)] with exact dyadic endpoints, and the last endpoint >= xi(x_0): True
W_J: Fhat_J >= 0 on [x = 2, oo), with exact double zeros at the 10 nodes and Fhat_J > 0 elsewhere: True
     In particular W_J holds on every window [2, L(D+1)], D = 4J (any L > 0).
(C) clauses of Def 2.4 for F_J = Xi^2 P_J(t^2):  F_J in T (Sec 4.1, a theorem: even, real, Xi^2 P(t^2) in T_delta);  F_J >= Xi^2 >= 0 on R (POS);  Fhat_J >= 0 on [xi_2, oo) (W above)  =>  F_J in C, exactly (no cushion).
(A) A(F_J) = (1/pi) sum_{n in PP, n > n_J} Lambda(n) n^{-1/2} Fhat_J(xi_n)  (Lemma 2.3 + Cor 4.4 + Prop 4.5; unconditional)
    truncation: terms n_J = 16 < n <= 400 (87 prime powers), each enclosed; their sum / pi = [4.21255630297191e-19 +/- 2.64e-34]
    first terms: n = 17: [4.1415135e-19 +/- 4.44e-27]; n = 19: [7.1042742e-21 +/- 3.83e-30]; n = 23: [1.0530994e-26 +/- 4.68e-34]
    tail n >= 401: every term >= 0 (W_J); sum <= log(n1) U(n1)/((1 - q) pi) = 6.17e-998, q = [0.00222 +/- 4.06e-6] < 1/2
    A(F_J) in [4.21255630297e-19, 4.21255630298e-19]   (certified ball: [4.21255630297e-19 +/- 1.92e-31])
    int F_J = Fhat_J(0) = [2.788432137013103687755378 +/- 2.72e-25]
    kappa_J^exact = A(F_J)/int F_J in [1.510725775e-19, 1.510725776e-19]  =>  kappa* <= 1.5107258e-19  (F_J in C, Def 2.4)
    near-rigidity: every admissible pair (mu, nu) has int Xi^2 dmu <= int F_J dmu <= A(F_J) <= 4.2125564e-19  (Lemma 2.5, F_J >= Xi^2, Fhat_J >= 0 on supp nu)
CERTIFIED: True   [J = 10, 1 s]
{"J": 10, "pball": "exact/ref/P10_ref.txt", "pball_sha256": "101eba6041a44d9ecf7f8f2fb267899759d9b048fcf5fa420499b516db8a7971", "prec": 800, "order": 24, "order_far": null, "order_switch": null, "kback": "series", "xmin": 2, "POS": true, "x0_BF": "329/20", "nodes_ok": true, "pieces": 67, "cover_ok": true, "W_certified": true, "A_lower": "4.21255630297e-19", "A_upper": "4.21255630298e-19", "Fhat0": "[2.788432137013103687755378 +/- 2.72e-25]", "nmax": 400, "tail_upper": "6.17e-998", "kappa_exact_lower": "1.510725775e-19", "kappa_exact_upper": "1.510725776e-19", "secs": 1.4}
# exit code 0; wall time 1.4 s
