# command : python toy/w/verify_w_cex.py toy/w/params/w_cex.json
# date    : 2026-10-06T15:58:00Z
# system  : Linux x86_64, 16 visible cores
# python  : 3.10.12 | python-flint 0.9.0 | mpmath 1.3.0
Certified counterexamples to W (Arb ball arithmetic)
parameter file toy/w/params/w_cex.json  sha256 fd2f0f47437d346ee09f11b71d7e4e4030cc8b8f0e368305592900776f0e4cef
(a) (N); Q''(y_j) > 0 for all j; mu_7 < 0   [working precision 1500 bits]
    n = 1..7: (N) certified; in the class: True; mu signs ++++++-; Q'' signs +++++++
    mu_7 = [-2.33187e-18 +/- 1.61e-24]
    item (a): CERTIFIED  [0.0 s]
(b) mu_9 < 0, mu_10 < 0; p_1(1..10) < p_1(1..9)   [working precision 1500 bits]
    n = 1..10: (N) certified; in the class: True; mu signs ++++++++--; Q'' signs ++++++++++
    mu_9 = [-8.92426e-23 +/- 4.44e-30], mu_10 = [-1.40316e-25 +/- 2.92e-31]
    p_1(1..10) - p_1(1..9) = [-7.34099e-11 +/- 1.81e-17]  (p_1(1..10) = [0.0462737747672814 +/- 1.94e-17])
    item (b): CERTIFIED  [0.0 s]
(c) S < 0; for each Y: mu_Y < 0 and p_1(1..5, Y) < p_1(1..5)   [working precision 2000 bits]
    n = 1..5: (N) certified; S = [-3.47836e-6 +/- 2.72e-12]
    n = 1..5 + {10}: (N) certified; in the class: True; mu signs +++++-, Q'' signs ++++++; mu_Y = [-1.1424e-23 +/- 4.74e-28]; Delta = p_1(new) - p_1(old) = [-1.9724e-9 +/- 2.60e-14]
    n = 1..5 + {15}: (N) certified; in the class: True; mu signs +++++-, Q'' signs ++++++; mu_Y = [-4.9224e-27 +/- 4.54e-32]; Delta = p_1(new) - p_1(old) = [-1.0545e-9 +/- 4.05e-14]
    n = 1..5 + {20}: (N) certified; in the class: True; mu signs +++++-, Q'' signs ++++++; mu_Y = [-7.1542e-30 +/- 1.92e-35]; Delta = p_1(new) - p_1(old) = [-5.7222e-10 +/- 2.95e-15]
    n = 1..5 + {50}: (N) certified; in the class: True; mu signs +++++-, Q'' signs ++++++; mu_Y = [-1.1694e-38 +/- 1.13e-43]; Delta = p_1(new) - p_1(old) = [-7.9549e-11 +/- 3.78e-16]
    n = 1..5 + {100}: (N) certified; in the class: True; mu signs +++++-, Q'' signs ++++++; mu_Y = [-3.9898e-45 +/- 2.55e-50]; Delta = p_1(new) - p_1(old) = [-1.8753e-11 +/- 1.34e-17]
    n = 1..5 + {1000}: (N) certified; in the class: True; mu signs +++++-, Q'' signs ++++++; mu_Y = [-2.9560e-66 +/- 3.61e-71]; Delta = p_1(new) - p_1(old) = [-1.7734e-13 +/- 1.28e-18]
    item (c): CERTIFIED  [0.0 s]
(d) n_j = (1 + eps) j, j <= 10: mu_9, mu_10 < 0 and S(n_1..n_5) < 0; for eps_weak: mu_10 < 0   [working precision 2000 bits]
    eps = 1/10000: n_j = (1 + eps) j, j <= 10, strictly inside the class: True; mu signs ++++++++--, Q'' signs ++++++++++; mu_9 = [-8.7263e-23 +/- 1.43e-28], mu_10 = [-1.3896e-25 +/- 7.58e-31]; S(n_1..n_5) = [-3.2919e-6 +/- 1.58e-11]
    eps = 1/1000: n_j = (1 + eps) j, j <= 10, strictly inside the class: True; mu signs ++++++++--, Q'' signs ++++++++++; mu_9 = [-6.7370e-23 +/- 4.79e-28], mu_10 = [-1.2566e-25 +/- 2.65e-30]; S(n_1..n_5) = [-1.5379e-6 +/- 4.86e-11]
    eps = 1/200: n_j = (1 + eps) j, j <= 10, strictly inside the class: True; mu signs +++++++++-, Q'' signs ++++++++++; mu_9 = [8.5665e-23 +/- 2.17e-28], mu_10 = [-3.0248e-26 +/- 1.59e-31]
    item (d): CERTIFIED  [0.0 s]
(e) n_j = 11/10 + j, 0 <= j < 50: mu_48, mu_49, mu_50 < 0   [working precision 7000 bits]
    n_j = 11/10 + j, j = 0..49: (N) certified; in the class: True; mu signs +++++++++++++++++++++++++++++++++++++++++++++++---; Q'' signs ++++++++++++++++++++++++++++++++++++++++++++++++++
    mu_48 = [-7.0495e-122 +/- 3.39e-127]
    mu_49 = [-2.8411e-125 +/- 6.46e-132]
    mu_50 = [-1.7195e-129 +/- 1.43e-134]
    item (e): CERTIFIED  [5.7 s]
(f) (W) holds: mu_j > 0 and Q''(y_j) > 0 for all j (while its subset 1..7 fails, item (a))   [working precision 1500 bits]
    n = 1..8: (N) certified; in the class: True; mu signs ++++++++; Q'' signs ++++++++
    item (f): CERTIFIED  [0.0 s]
ALL CERTIFIED: items a,b,c,d,e,f
# exit code 0; wall time 5.8 s
