# command : python toy/w/verify_w_small.py toy/w/params/w_small.json 2
# date    : 2026-10-06T15:58:13Z
# system  : Linux x86_64, 16 visible cores
# python  : 3.10.12 | python-flint 0.9.0 | mpmath 1.3.0
Theorem W2: exact certificate (Cramer route)
parameter file toy/w/params/w_small.json  sha256 3bd43f9891a42840b64dee0ce993a5b30aed2e4c0e2a0fb90692204edd3b7a77
[1] det M: 94 terms; divisible by (y_1...y_J)^2 V^4: True (quotient Dc: 54 terms); N_j terms [80, 80], total degrees [17, 17]
    Cramer formula mu_j = -N_j/det M equals the direct exact solve at y = (13/2, 27/2): True
[2] region (a): y_1 = 157/25 + w_1, gaps = 157/25 + w_k; inside PT_delta (delta = 1/20): True
    Dc: +60 terms, one-signed, strict via constant term
    N_1: -158 terms, one-signed, strict via constant term  =>  sign mu_1 = +
    N_2: -123 terms, one-signed, strict via constant term  =>  sign mu_2 = +
    region (a): CERTIFIED: (N), mu_j > 0 for all j (Q''(y_j) > 0 by Theorem PT2)
[2] region (b): y_1 = 8 + w_1, gaps = 0 + w_k; inside PT_delta (delta = 1/20): True
    Dc: +60 terms, one-signed, strict via constant term
    N_1: -126 terms, one-signed, strict via 12 monomials free of w1  =>  sign mu_1 = +
    N_2: -91 terms, one-signed, strict via 7 monomials free of w1  =>  sign mu_2 = +
    region (b): CERTIFIED: (N), mu_j > 0 for all j (Q''(y_j) > 0 by Theorem PT2)
total time 0.0 s
ALL CERTIFIED: Theorem W2 on regions a,b
# exit code 0; wall time 0.1 s
