# command : python toy/w/verify_w_small.py toy/w/params/w_small.json 3
# date    : 2026-10-06T15:58:11Z
# system  : Linux x86_64, 16 visible cores
# python  : 3.10.12 | python-flint 0.9.0 | mpmath 1.3.0
Theorem W3: exact certificate (Cramer route)
parameter file toy/w/params/w_small.json  sha256 3bd43f9891a42840b64dee0ce993a5b30aed2e4c0e2a0fb90692204edd3b7a77
[1] det M: 4418 terms; divisible by (y_1...y_J)^2 V^4: True (quotient Dc: 1304 terms); N_j terms [3396, 3396, 3396], total degrees [38, 38, 38]
    Cramer formula mu_j = -N_j/det M equals the direct exact solve at y = (13/2, 71/5, 47/2): True
[2] region (a): y_1 = 157/25 + w_1, gaps = 157/25 + w_k; inside PT_delta (delta = 1/20): True
    Dc: -1732 terms, one-signed, strict via constant term
    N_1: +8997 terms, one-signed, strict via constant term  =>  sign mu_1 = +
    N_2: +8444 terms, one-signed, strict via constant term  =>  sign mu_2 = +
    N_3: +6516 terms, one-signed, strict via constant term  =>  sign mu_3 = +
    region (a): CERTIFIED: (N), mu_j > 0 for all j (Q''(y_j) > 0 by Theorem PT3)
[2] region (b): y_1 = 12 + w_1, gaps = 0 + w_k; inside PT_delta (delta = 1/20): True
    Dc: -1732 terms, one-signed, strict via constant term
    N_1: +5588 terms, one-signed, strict via 366 monomials free of w1  =>  sign mu_1 = +
    N_2: +5860 terms, one-signed, strict via 320 monomials free of w1  =>  sign mu_2 = +
    N_3: +3929 terms, one-signed, strict via 206 monomials free of w1  =>  sign mu_3 = +
    region (b): CERTIFIED: (N), mu_j > 0 for all j (Q''(y_j) > 0 by Theorem PT3)
total time 0.6 s
ALL CERTIFIED: Theorem W3 on regions a,b
# exit code 0; wall time 0.7 s
