# command : python exact/verify_r1.py exact/out/P110_ball.txt exact/out/P111_ball.txt --target 31:1.037e9 --target 43:2.701e9 --target 47:3.476e9 --target 53:4.844e9 --target 59:6.474e9 --prec 3000 --workers 2
# date    : 2026-10-06T15:43:44Z
# system  : Linux x86_64, 16 visible cores
# python  : 3.10.12 | python-flint 0.9.0 | mpmath 1.3.0
P_J  enclosure exact/out/P110_ball.txt (sha256 7c8999567bc77cd1c6fb5a9e816bb0b4f212b971f26dd0f3bda3237ff51c117a), J = 110
P_J+1 enclosure exact/out/P111_ball.txt (sha256 25669a321f71ddef789247cd0adc0fd129c5d70f293e488bc4dab8c3f708b3f1)
Delta p_1 = p_1^(J+1) - p_1^(J) in [2.91831836483267e-12 +/- 2.11e-27];  region [xi_2, xi_59] (25 nodes); 3000 bits, Taylor order 28
node items: ratio bound on the punctured neighbourhood (limit value |D''|/(|Delta p_1| Fhat_J'') in brackets):
  n =   2: <= 2.97678e2  [[220.69 +/- 1.77e-3]]
  n =   3: <= 6.96818e3  [[4553.8 +/- 0.0133]]
  n =   4: <= 1.04996e5  [[6.9472e+4 +/- 0.205]]
  n =   5: <= 4.26142e5  [[3.2502e+5 +/- 3.23]]
  n =   7: <= 6.08717e6  [[2.2524e+6 +/- 30.6]]
  n =   8: <= 2.54377e7  [[4.4029e+6 +/- 15.3]]
  n =   9: <= 1.62919e7  [[7.6627e+6 +/- 37.3]]
  n =  11: <= 4.83212e7  [[1.8391e+7 +/- 4.54e+2]]
  n =  13: <= 1.52083e8  [[3.6052e+7 +/- 3.05e+2]]
  n =  16: <= 2.77120e8  [[7.8575e+7 +/- 1.77e+2]]
  n =  17: <= 2.98255e8  [[9.7631e+7 +/- 1.09e+2]]
  n =  19: <= 3.49172e8  [[1.4387e+8 +/- 4.47e+3]]
  n =  23: <= 7.20243e8  [[2.7217e+8 +/- 8.62e+2]]
  n =  25: <= 9.14195e8  [[3.5590e+8 +/- 3.65e+2]]
  n =  27: <= 6.75301e8  [[4.5368e+8 +/- 3.76e+3]]
  n =  29: <= 8.34549e8  [[5.6616e+8 +/- 3.92e+3]]
  n =  31: <= 8.57651e8  [[6.9398e+8 +/- 4.57e+3]]
  n =  32: <= 1.02197e9  [[7.6381e+8 +/- 4.08e+3]]
  n =  37: <= 2.16574e9  [[1.1748e+9 +/- 2.37e+2]]
  n =  41: <= 2.58059e9  [[1.5813e+9 +/- 7.20e+2]]
  n =  43: <= 2.65645e9  [[1.8116e+9 +/- 4.05e+3]]
  n =  47: <= 2.91891e9  [[2.3282e+9 +/- 2.63e+4]]
  n =  49: <= 3.78483e9  [[2.6151e+9 +/- 9.85e+3]]
  n =  53: <= 3.96040e9  [[3.2478e+9 +/- 1.07e+4]]
  n =  59: <= 5.89773e9  [[4.3480e+9 +/- 2.48e+4]]
all 24 gaps certified with 1451 pieces
  X =  31: certified sup bound on [2, X] <= 1.03543e9;  target R_1(X) = 1.03700e+9: True
  X =  43: certified sup bound on [2, X] <= 2.68925e9;  target R_1(X) = 2.70100e+9: True
  X =  47: certified sup bound on [2, X] <= 3.46048e9;  target R_1(X) = 3.47600e+9: True
  X =  53: certified sup bound on [2, X] <= 4.79036e9;  target R_1(X) = 4.84400e+9: True
  X =  59: certified sup bound on [2, X] <= 6.45773e9;  target R_1(X) = 6.47400e+9: True
CERTIFIED: R_1 bounds (J = 110): True   (444 s)
# exit code 0; wall time 443.6 s
