# command : python exact/verify_r1.py exact/out/P60_ball.txt exact/out/P61_ball.txt --target 31:1.021e9 --prec 1800 --workers 2
# date    : 2026-10-06T15:56:30Z
# system  : Linux x86_64, 16 visible cores
# python  : 3.10.12 | python-flint 0.9.0 | mpmath 1.3.0
P_J  enclosure exact/out/P60_ball.txt (sha256 fdfbfe57bfe9945f640291b6f1e1b7e74e4d5afb04278961d5737f26db6cda4b), J = 60
P_J+1 enclosure exact/out/P61_ball.txt (sha256 8cc7b2b9a66f643e8e40d84fd4ffd6970401342aeab87b716ec169bc91ca3dd4)
Delta p_1 = p_1^(J+1) - p_1^(J) in [2.08079540774023e-11 +/- 3.54e-26];  region [xi_2, xi_31] (17 nodes); 1800 bits, Taylor order 28
node items: ratio bound on the punctured neighbourhood (limit value |D''|/(|Delta p_1| Fhat_J'') in brackets):
  n =   2: <= 2.97661e2  [[220.68 +/- 4.83e-3]]
  n =   3: <= 6.96792e3  [[4553.6 +/- 0.0103]]
  n =   4: <= 1.04990e5  [[6.9468e+4 +/- 0.346]]
  n =   5: <= 4.26063e5  [[3.2497e+5 +/- 3.22]]
  n =   7: <= 6.08251e6  [[2.2511e+6 +/- 18.2]]
  n =   8: <= 2.53791e7  [[4.3992e+6 +/- 7.62]]
  n =   9: <= 1.62609e7  [[7.6537e+6 +/- 33.5]]
  n =  11: <= 4.81587e7  [[1.8355e+7 +/- 4.67e+2]]
  n =  13: <= 1.51066e8  [[3.5949e+7 +/- 3.76e+2]]
  n =  16: <= 2.75141e8  [[7.8224e+7 +/- 4.20e+2]]
  n =  17: <= 2.95111e8  [[9.7138e+7 +/- 3.95e+2]]
  n =  19: <= 3.45459e8  [[1.4297e+8 +/- 1.72e+3]]
  n =  23: <= 7.10736e8  [[2.6970e+8 +/- 3.61e+3]]
  n =  25: <= 8.99793e8  [[3.5213e+8 +/- 4.76e+3]]
  n =  27: <= 6.65638e8  [[4.4815e+8 +/- 4.22e+2]]
  n =  29: <= 8.20959e8  [[5.5832e+8 +/- 4.07e+3]]
  n =  31: <= 8.52651e8  [[6.8313e+8 +/- 3.14e+3]]
all 16 gaps certified with 457 pieces
  X =  31: certified sup bound on [2, X] <= 1.02023e9;  target R_1(X) = 1.02100e+9: True
CERTIFIED: R_1 bounds (J = 60): True   (74 s)
# exit code 0; wall time 74.5 s
