# command : python general/verify_windows.py general/params/F80_windows.json 2
# date    : 2026-10-06T20:14:41Z
# system  : Linux x86_64, 16 visible cores
# python  : 3.10.12 | python-flint 0.9.0 | mpmath 1.3.0
input general/params/F80_windows.json          sha256 af90186bb2a9126187e3dd4b2358aec7ca4e69c40fbfef7a6daafdabe9579b24
input general/params/zeta_K80_s12_F80.json     sha256 c0f3afc2d3367ebdadd0897a6e2f15fc5ae8a7caf8b7c6879b504119a845eee6
function       : K = 80, s = 12 (params/zeta_K80_s12_F80.json); 59 lower-bound claims; Taylor order 60, pieces of width <= 6 in X or Y
gap1_eta0.1        F  >= m on t in [14.2347251418, 20.9220396387], m >= 1.407307e-8 : PROVED (2 pieces)
gap2_eta0.1        F  >= m on t in [21.1220396388, 24.9108575801], m >= 2.032466e-9 : PROVED (2 pieces)
gap3_eta0.1        F  >= m on t in [25.1108575802, 30.3248761258], m >= 8.034813e-11 : PROVED (3 pieces)
gap4_eta0.1        F  >= m on t in [30.5248761259, 32.8350615877], m >= 1.697159e-11 : PROVED (2 pieces)
gap5_eta0.1        F  >= m on t in [33.0350615878, 37.4861781588], m >= 1.621571e-12 : PROVED (3 pieces)
gap6_eta0.1        F  >= m on t in [37.6861781589, 40.8187190121], m >= 8.839660e-14 : PROVED (2 pieces)
gap7_eta0.1        F  >= m on t in [41.0187190122, 43.2270732809], m >= 1.986260e-14 : PROVED (2 pieces)
gap8_eta0.1        F  >= m on t in [43.427073281, 47.9051508811], m >= 3.751326e-16 : PROVED (3 pieces)
gap9_eta0.1        F  >= m on t in [48.1051508812, 49.6738324776], m >= 5.696764e-17 : PROVED (2 pieces)
gap10_eta0.1       F  >= m on t in [49.8738324777, 52.8703214777], m >= 9.734952e-18 : PROVED (3 pieces)
gap11_eta0.1       F  >= m on t in [53.0703214778, 56.346247697], m >= 3.565212e-19 : PROVED (3 pieces)
gap12_eta0.1       F  >= m on t in [56.5462476971, 59.2470440026], m >= 7.351104e-21 : PROVED (3 pieces)
gap1_eta0.05       F  >= m on t in [14.1847251418, 20.9720396387], m >= 3.404083e-9 : PROVED (2 pieces)
gap2_eta0.05       F  >= m on t in [21.0720396388, 24.9608575801], m >= 5.008238e-10 : PROVED (2 pieces)
gap3_eta0.05       F  >= m on t in [25.0608575802, 30.3748761258], m >= 1.908029e-11 : PROVED (3 pieces)
gap4_eta0.05       F  >= m on t in [30.4748761259, 32.8850615877], m >= 4.229932e-12 : PROVED (2 pieces)
gap5_eta0.05       F  >= m on t in [32.9850615878, 37.5361781588], m >= 3.883945e-13 : PROVED (3 pieces)
gap1_eta0.2        F  >= m on t in [14.3347251418, 20.8220396387], m >= 6.001643e-8 : PROVED (2 pieces)
gap2_eta0.2        F  >= m on t in [21.2220396388, 24.8108575801], m >= 8.347525e-9 : PROVED (2 pieces)
gap3_eta0.2        F  >= m on t in [25.2108575802, 30.2248761258], m >= 3.547744e-10 : PROVED (3 pieces)
gap4_eta0.2        F  >= m on t in [30.6248761259, 32.7350615877], m >= 6.798394e-11 : PROVED (1 piece)
gap5_eta0.2        F  >= m on t in [33.1350615878, 37.3861781588], m >= 7.039805e-12 : PROVED (3 pieces)
gap1_eta0.5        F  >= m on t in [14.6347251418, 20.5220396387], m >= 4.478468e-7 : PROVED (2 pieces)
gap2_eta0.5        F  >= m on t in [21.5220396388, 24.5108575801], m >= 5.534012e-8 : PROVED (2 pieces)
gap3_eta0.5        F  >= m on t in [25.5108575802, 29.9248761258], m >= 2.892924e-9 : PROVED (2 pieces)
gap4_eta0.5        F  >= m on t in [30.9248761259, 32.4350615877], m >= 4.099511e-10 : PROVED (1 piece)
gap5_eta0.5        F  >= m on t in [33.4350615878, 37.0861781588], m >= 5.460443e-11 : PROVED (2 pieces)
win2.05-2.95       F^ >= m on n in [2.05, 2.95], m >= 3.568896e-6 : PROVED (3 pieces)
win5.05-6.95       F^ >= m on n in [5.05, 6.95], m >= 3.500101e-11 : PROVED (5 pieces)
win5.5-6.5         F^ >= m on n in [5.5, 6.5], m >= 1.753156e-8 : PROVED (3 pieces)
win7.05-7.95       F^ >= m on n in [7.05, 7.95], m >= 8.932024e-13 : PROVED (2 pieces)
win10.05-10.95     F^ >= m on n in [10.05, 10.95], m >= 4.079078e-15 : PROVED (2 pieces)
win12.05-12.95     F^ >= m on n in [12.05, 12.95], m >= 6.394993e-17 : PROVED (2 pieces)
win14.0-15.0       F^ >= m on n in [14, 15], m >= 1.340778e-16 : PROVED (2 pieces)
nsF0.00-14.08      F  >= m on t in [0, 14.0847251417], m >= 1.126390e-7 : PROVED (2 pieces)
nsF14.18-20.97     F  >= m on t in [14.1847251418, 20.9720396387], m >= 3.404083e-9 : PROVED (2 pieces)
nsF21.07-24.96     F  >= m on t in [21.0720396388, 24.9608575801], m >= 5.008238e-10 : PROVED (2 pieces)
nsF25.06-30.37     F  >= m on t in [25.0608575802, 30.3748761258], m >= 1.908029e-11 : PROVED (3 pieces)
nsF30.47-32.89     F  >= m on t in [30.4748761259, 32.8850615877], m >= 4.229932e-12 : PROVED (2 pieces)
nsF32.99-37.54     F  >= m on t in [32.9850615878, 37.5361781588], m >= 3.883945e-13 : PROVED (3 pieces)
nsF37.64-40.87     F  >= m on t in [37.6361781589, 40.8687190121], m >= 2.111121e-14 : PROVED (2 pieces)
nsF40.97-43.28     F  >= m on t in [40.9687190122, 43.2770732809], m >= 4.932886e-15 : PROVED (2 pieces)
nsF43.38-47.96     F  >= m on t in [43.377073281, 47.9551508811], m >= 8.624615e-17 : PROVED (4 pieces)
nsF48.06-49.72     F  >= m on t in [48.0551508812, 49.7238324776], m >= 1.413925e-17 : PROVED (2 pieces)
nsF49.82-52.92     F  >= m on t in [49.8238324777, 52.9203214777], m >= 2.352536e-18 : PROVED (3 pieces)
nsF53.02-56.40     F  >= m on t in [53.0203214778, 56.396247697], m >= 8.402965e-20 : PROVED (3 pieces)
nsF56.50-59.30     F  >= m on t in [56.4962476971, 59.2970440026], m >= 1.693617e-21 : PROVED (3 pieces)
nsFh2.010-2.985    F^ >= m on n in [2.01, 2.985], m >= 2.856319e-7 : PROVED (3 pieces)
nsFh3.015-3.980    F^ >= m on n in [3.015, 3.98], m >= 2.094210e-8 : PROVED (3 pieces)
nsFh4.020-4.975    F^ >= m on n in [4.02, 4.975], m >= 3.323211e-9 : PROVED (3 pieces)
nsFh5.025-6.965    F^ >= m on n in [5.025, 6.965], m >= 1.605766e-11 : PROVED (5 pieces)
nsFh7.035-7.960    F^ >= m on n in [7.035, 7.96], m >= 5.573284e-13 : PROVED (2 pieces)
nsFh8.040-8.955    F^ >= m on n in [8.04, 8.955], m >= 9.714341e-14 : PROVED (2 pieces)
nsFh9.045-10.945   F^ >= m on n in [9.045, 10.945], m >= 4.985225e-15 : PROVED (4 pieces)
nsFh11.055-12.935  F^ >= m on n in [11.055, 12.935], m >= 1.111108e-16 : PROVED (3 pieces)
nsFh13.065-15.920  F^ >= m on n in [13.065, 15.92], m >= 6.498859e-20 : PROVED (5 pieces)
nsFh16.080-16.915  F^ >= m on n in [16.08, 16.915], m >= 5.835903e-21 : PROVED (2 pieces)
nsFh17.085-18.905  F^ >= m on n in [17.085, 18.905], m >= 1.113391e-21 : PROVED (3 pieces)
nsFh19.095-22.885  F^ >= m on n in [19.095, 22.885], m >= 5.176337e-24 : PROVED (5 pieces)
LOWER BOUNDS   : 59/59 proved
input general/results/zeta_K80_s12_F80.json    sha256 0868ce12d7fcfe6a3a2f3323b97dcb9f8f82018e7ddb0828b2a54290a8c02533
A(F_rep)       <= 7.72525424595e-25 (from the certificate summary)
---- derived bounds for every admissible pair (rounded up)
gap1_eta0.1        mu([14.2347251418, 20.9220396387]) <= 2.745e-17   CLAIM <= 2.75e-17 ... implied
gap2_eta0.1        mu([21.1220396388, 24.9108575801]) <= 1.901e-16   CLAIM <= 1.91e-16 ... implied
gap3_eta0.1        mu([25.1108575802, 30.3248761258]) <= 4.808e-15   CLAIM <= 4.81e-15 ... implied
gap4_eta0.1        mu([30.5248761259, 32.8350615877]) <= 2.276e-14   CLAIM <= 2.28e-14 ... implied
gap5_eta0.1        mu([33.0350615878, 37.4861781588]) <= 2.383e-13   CLAIM <= 2.39e-13 ... implied
gap6_eta0.1        mu([37.6861781589, 40.8187190121]) <= 4.370e-12
gap7_eta0.1        mu([41.0187190122, 43.2270732809]) <= 1.945e-11
gap8_eta0.1        mu([43.427073281, 47.9051508811]) <= 1.030e-9
gap9_eta0.1        mu([48.1051508812, 49.6738324776]) <= 6.781e-9
gap10_eta0.1       mu([49.8738324777, 52.8703214777]) <= 3.968e-8
gap11_eta0.1       mu([53.0703214778, 56.346247697]) <= 1.084e-6
gap12_eta0.1       mu([56.5462476971, 59.2470440026]) <= 5.255e-5
gap1_eta0.05       mu([14.1847251418, 20.9720396387]) <= 1.135e-16
gap2_eta0.05       mu([21.0720396388, 24.9608575801]) <= 7.713e-16
gap3_eta0.05       mu([25.0608575802, 30.3748761258]) <= 2.025e-14
gap4_eta0.05       mu([30.4748761259, 32.8850615877]) <= 9.132e-14
gap5_eta0.05       mu([32.9850615878, 37.5361781588]) <= 9.946e-13
gap1_eta0.2        mu([14.3347251418, 20.8220396387]) <= 6.436e-18
gap2_eta0.2        mu([21.2220396388, 24.8108575801]) <= 4.628e-17
gap3_eta0.2        mu([25.2108575802, 30.2248761258]) <= 1.089e-15
gap4_eta0.2        mu([30.6248761259, 32.7350615877]) <= 5.682e-15
gap5_eta0.2        mu([33.1350615878, 37.3861781588]) <= 5.487e-14
gap1_eta0.5        mu([14.6347251418, 20.5220396387]) <= 8.625e-19
gap2_eta0.5        mu([21.5220396388, 24.5108575801]) <= 6.980e-18
gap3_eta0.5        mu([25.5108575802, 29.9248761258]) <= 1.336e-16
gap4_eta0.5        mu([30.9248761259, 32.4350615877]) <= 9.423e-16
gap5_eta0.5        mu([33.4350615878, 37.0861781588]) <= 7.074e-15
win2.05-2.95       nu([xi(2.05), xi(2.95)]) <= 6.801e-19   CLAIM <= 6.81e-19 ... implied
win5.05-6.95       nu([xi(5.05), xi(6.95)]) <= 6.934e-14   CLAIM <= 6.94e-14 ... implied
win5.5-6.5         nu([xi(5.5), xi(6.5)]) <= 1.385e-16
win7.05-7.95       nu([xi(7.05), xi(7.95)]) <= 2.718e-12   CLAIM <= 2.72e-12 ... implied
win10.05-10.95     nu([xi(10.05), xi(10.95)]) <= 5.950e-10   CLAIM <= 5.95e-10 ... implied
win12.05-12.95     nu([xi(12.05), xi(12.95)]) <= 3.796e-8   CLAIM <= 3.80e-8 ... implied
win14.0-15.0       nu([xi(14), xi(15)]) <= 1.811e-8   CLAIM <= 1.82e-8 ... implied
nsF14.18-20.97     mu([14.1847251418, 20.9720396387]) <= 1.135e-16
nsF21.07-24.96     mu([21.0720396388, 24.9608575801]) <= 7.713e-16
nsF25.06-30.37     mu([25.0608575802, 30.3748761258]) <= 2.025e-14
nsF30.47-32.89     mu([30.4748761259, 32.8850615877]) <= 9.132e-14
nsF32.99-37.54     mu([32.9850615878, 37.5361781588]) <= 9.946e-13
nsF37.64-40.87     mu([37.6361781589, 40.8687190121]) <= 1.830e-11
nsF40.97-43.28     mu([40.9687190122, 43.2770732809]) <= 7.831e-11
nsF43.38-47.96     mu([43.377073281, 47.9551508811]) <= 4.479e-9
nsF48.06-49.72     mu([48.0551508812, 49.7238324776]) <= 2.732e-8
nsF49.82-52.92     mu([49.8238324777, 52.9203214777]) <= 1.642e-7
nsF53.02-56.40     mu([53.0203214778, 56.396247697]) <= 4.597e-6
nsF56.50-59.30     mu([56.4962476971, 59.2970440026]) <= 0.0002281
nsFh2.010-2.985    nu([xi(2.01), xi(2.985)]) <= 8.497e-18
nsFh3.015-3.980    nu([xi(3.015), xi(3.98)]) <= 1.159e-16
nsFh4.020-4.975    nu([xi(4.02), xi(4.975)]) <= 7.304e-16
nsFh5.025-6.965    nu([xi(5.025), xi(6.965)]) <= 1.512e-13
nsFh7.035-7.960    nu([xi(7.035), xi(7.96)]) <= 4.355e-12
nsFh8.040-8.955    nu([xi(8.04), xi(8.955)]) <= 2.499e-11
nsFh9.045-10.945   nu([xi(9.045), xi(10.945)]) <= 4.869e-10
nsFh11.055-12.935  nu([xi(11.055), xi(12.935)]) <= 2.185e-8
nsFh13.065-15.920  nu([xi(13.065), xi(15.92)]) <= 3.735e-5
nsFh16.080-16.915  nu([xi(16.08), xi(16.915)]) <= 0.0004159
nsFh17.085-18.905  nu([xi(17.085), xi(18.905)]) <= 0.002180
nsFh19.095-22.885  nu([xi(19.095), xi(22.885)]) <= 0.4689
atom n = 2.5      F^(xi_n) = [0.0015866025 +/- 3.99e-13], nu({xi_n}) <= 1.530e-21   CLAIM <= 1.53e-21 ... implied
atom n = 6        F^(xi_n) = [3.8125495e-7 +/- 3.84e-15], nu({xi_n}) <= 6.366e-18   CLAIM <= 6.37e-18 ... implied
atom n = 10       F^(xi_n) = [8.7358161e-12 +/- 1.92e-20], nu({xi_n}) <= 2.779e-13
atom n = 12       F^(xi_n) = [1.4433547e-13 +/- 2.91e-21], nu({xi_n}) <= 1.682e-11
atom n = 14       F^(xi_n) = [3.6329675e-15 +/- 3.25e-24], nu({xi_n}) <= 6.681e-10
atom n = 15       F^(xi_n) = [2.6815568e-16 +/- 3.07e-24], nu({xi_n}) <= 9.051e-9
atom n = 18       F^(xi_n) = [2.3803294e-19 +/- 1.17e-27], nu({xi_n}) <= 1.020e-5
RESULT         : CERTIFIED
# exit code 0; wall time 1.9 s
