# command : python general/verify_general.py general/params/gammaR2_K80_s7.json
# date    : 2026-10-06T20:07:53Z
# system  : Linux x86_64, 16 visible cores
# python  : 3.10.12 | python-flint 0.9.0 | mpmath 1.3.0
parameter file : general/params/gammaR2_K80_s7.json
sha256         : 79936770a00991a3c4b24ac614f8405686fdf499d6eb0040dd9976ae026a71ee
object         : K = 80, s = 7, eps = 1e-30, Gamma_R shifts ['0', '0'], log N = 0, pole residue 1
numerics       : 448-bit Arb, integral over [0, 120], rel_tol 2^-200, abs_tol 1e-45
P, Q built     : degrees 80, 80 (0.0 s)
Sturm(P)       : length 81 (2.3 s)
Sturm(Q)       : length 81 (5.0 s)
P              : P(0) > 0: True; leading coefficient > 0: True; distinct real roots in (0, oo): 0
Q              : Q(0) > 0: True; leading coefficient > 0: True; distinct real roots in (0, oo): 0
Q at gap edge  : Y_lo < Y_c < Y_hi rational, |Y_hi - Y_lo| <= 2^-219; roots in (Y_lo, oo): 0, in (Y_hi, oo): 0; Q(Y_lo) = [0.31762174 +/- 1.82e-9] (> 0: True)
POSITIVITY     : F_rep > 0 on R: True | F_rep^ > 0 on [xi_2, oo) (cone): True | F_rep^ > 0 on R (OPS cone): True
integral       : int_0^T F_rep(t) sum_j Re psi = [-0.853704405323858269723745756310 +/- 4.43e-31] (imaginary part [+/- 3.02e-43]) (167 s)
tail bound     : [1.74e-52 +/- 1.07e-55]
A(F_rep)       = [-0.2556670578983154619143652 +/- 1.36e-26]
int F_rep      = [0.9999999999999999444888488 +/- 3.13e-26]
D = 2F_rep(i/2)= [0.38045433387082879977 +/- 3.28e-21]
A/int F_rep    = [-0.2556670578983154761067379 +/- 2.27e-27]
---- read-off (decimal bounds rounded outward)
SLACK          : kappa*_OPS (and kappa*) of the data <= -0.25566705789831547610
CLAIM          : kappa*_OPS (and kappa*) <= -0.25566705789831547 ... implied
CONDUCTOR      : no admissible pair for log q < 1.6064035017165284457, i.e. q < 4.9848509422676437635; q_min >= 4.9848509422676437635
CLAIM          : q_min >= 4.98485094226764 ... implied
summary written: general/results/gammaR2_K80_s7.json
RESULT         : CERTIFIED (167 s)
# exit code 0; wall time 167.5 s
