# command : python general/verify_pair.py general/params/pair_zeta_logq002_X10.json --gap-x 2
# date    : 2026-10-06T20:13:48Z
# system  : Linux x86_64, 16 visible cores
# python  : 3.10.12 | python-flint 0.9.0 | mpmath 1.3.0
parameter file : general/params/pair_zeta_logq002_X10.json
sha256         : d28b347d9807e6934a55bb326f20e09318c2aab4851595b914788f5c708888f6
pair           : Gamma_R shifts [0], log q = 0.02; 300 cells, 14 bumps (half-width 0, order 1), tails [], X = e^{v_n} = [10.0000000000 +/- 4e-15]
nu~ >= 0       : f in [0,1], w >= 0, bump supports in [log 2, oo), sum_m a_m X^-m = 0 < 1: True
nu~ support    : supp nu~ in [x0, oo) with x0 >= 2.000000
  t = 900.205, steps = 5000, min lower bound so far [0.000472 +/- 5.11e-8] (8 s)
steps on [0, 2000]: 8437 mean-value steps; min lower bound for mu = [0.00047195 +/- 9.82e-10] (>= 0.00047194)
tail t >= 2000   : mu(t) >= [0.36452268 +/- 4.92e-9] (>= 0.364522)
MU FLOOR       : mu(t) >= 0.000471949 for all real t
ADMISSIBLE     : True  (mu > 0 on R, nu >= 0 on [xi_2, oo))
GAP            : admissible at gap xi_2 (prime measure on [2, oo)): True
CONDUCTOR      : admissible at log q = 0.02, q = [1.02020134002676 +/- 4.20e-15]; hence q_min(data) <= 1.0202014
CLAIM          : mu >= 4.58e-4 on [0, 2000] ... implied
CLAIM          : mu >= 0.3641 on [2000, oo) ... implied
SLACK AT q = 1 : kappa*(data with log q = 0) >= mu_floor - log q/(2 pi) >= -0.00271115
CLAIM          : kappa*(data with log q = 0) >= -2.7112e-3 ... implied
summary written: general/results/pair_zeta_logq002_X10.json
RESULT         : CERTIFIED (12 s)
# exit code 0; wall time 12.1 s
