# command : python general/verify_general.py general/params/zeta_K128_s13.json
# date    : 2026-10-06T19:47:02Z
# system  : Linux x86_64, 16 visible cores
# python  : 3.10.12 | python-flint 0.9.0 | mpmath 1.3.0
parameter file : general/params/zeta_K128_s13.json
sha256         : 0976a6711193adc0f02a532931974b8ef4912337f79e39f59aa21445879a4df2
object         : K = 128, s = 13, eps = 1e-56, Gamma_R shifts ['0'], log N = 0, pole residue 1
numerics       : 512-bit Arb, integral over [0, 220], rel_tol 2^-200, abs_tol 1e-60
P, Q built     : degrees 128, 128 (0.0 s)
Sturm(P)       : length 129 (19.4 s)
Sturm(Q)       : length 129 (44.4 s)
P              : P(0) > 0: True; leading coefficient > 0: True; distinct real roots in (0, oo): 0
Q              : Q(0) > 0: True; leading coefficient > 0: True; distinct real roots in (0, oo): 0
Q at gap edge  : Y_lo < Y_c < Y_hi rational, |Y_hi - Y_lo| <= 2^-219; roots in (Y_lo, oo): 0, in (Y_hi, oo): 0; Q(Y_lo) = [2.1101186e-44 +/- 2.25e-52] (> 0: True)
POSITIVITY     : F_rep > 0 on R: True | F_rep^ > 0 on [xi_2, oo) (cone): True | F_rep^ > 0 on R (OPS cone): True
integral       : int_0^T F_rep(t) sum_j Re psi = [0.0123160276508517048855638075921 +/- 4.96e-32] (imaginary part [+/- 2.32e-58]) (557 s)
tail bound     : [1.30e-77 +/- 4.33e-80]
A(F_rep)       = [9.9461827001452556e-41 +/- 2.46e-58]
int F_rep      = [1.000000000000000055511151 +/- 2.32e-25]
D = 2F_rep(i/2)= [0.17826910647817411366 +/- 6.82e-22]
A/int F_rep    = [9.9461827001452551e-41 +/- 4.24e-58]
---- read-off (decimal bounds rounded outward)
SLACK          : kappa*_OPS (and kappa*) of the data <= 9.9461827001452550725e-41
CLAIM          : kappa*_OPS (and kappa*) <= 9.9462e-41 ... implied
CONDUCTOR      : no admissible pair for log q < -6.2493709004076453347e-40; q_min = exp(-2 pi kappa*) >= 1 - 6.24938e-40
CLAIM          : q_min >= 1 - 6.25e-40 ... implied
POLE RESIDUE   : D > 0; A_r(F_rep) < 0, hence no admissible pair, for every r < 1 - A/D, A/D <= 5.57930810147e-40
summary written: general/results/zeta_K128_s13.json
RESULT         : CERTIFIED (557 s)
# exit code 0; wall time 557.0 s
