# command : python general/corollary_slack.py general/params/corollary_qsqrtm3.json --gap-x 3
# date    : 2026-10-06T20:14:42Z
# system  : Linux x86_64, 16 visible cores
# python  : 3.10.12 | python-flint 0.9.0 | mpmath 1.3.0
input general/params/corollary_qsqrtm3.json        sha256 c0011615f1a31599b4217b3c48b3718192c8b26a092faa34aea3058a6a7fd822
input general/params/gammaC_K64_s9.json            sha256 e330d8b743bd835920ecaad507a195773f4c858181d97bafb9d3eca1c296021a
input general/params/pair_gammaC_X40.json          sha256 f32152ae73a8e202fafd9bd56097dc0b98d68741392ee8149ee3d9262828eeae
input general/results/gammaC_K64_s9.json           sha256 b51249bf71c6fdc858bd5511909830210018a8ec192dceef8362a1a8256def9f
input general/results/pair_gammaC_X40.json         sha256 83c8d09df002c1c4f40aaf65f3b9b4f0088ec58f53619fb282bdc290989672fb
data       : Gamma_R shifts ['0', '1'], one pole; field Q(sqrt -3) with conductor 3
dual       : kappa*_0 <= -0.17385102660887763683
primal     : admissible pair at log q0 = 1.0976698108720329 with mu >= 6.67226e-8 on R
BRACKET    : 2.981236704765081 <= q_min <= 2.997173899
SLACK      : 0.00015006672 <= kappa*(Q(sqrt -3)) <= 0.00099854968
GAPS       : dual function in the OPS cone: True; supp nu~ of the pair in [x0, oo) with x0 >= 3.011664; so the bracket and the slack interval hold for every gap g with e^{2 pi g} <= x0
CLAIM      : q_min >= 2.981236704765 ... implied
CLAIM      : q_min <= 2.997174 ... implied
CLAIM      : kappa*(Q(sqrt -3)) >= 1.5e-4 ... implied
CLAIM      : kappa*(Q(sqrt -3)) <= 9.99e-4 ... implied
CLAIM      : kappa*(Q(sqrt -3)) > 0, so these data are not critical ... implied
CLAIM      : the bracket and the slack interval hold at the natural gap xi_3 of Q(sqrt -3) (3 <= x0) ... implied
RESULT     : CERTIFIED
# exit code 0; wall time 0.1 s
