# command : python general/verify_general.py general/params/zeta_K104_s13.json
# date    : 2026-10-06T20:04:09Z
# system  : Linux x86_64, 16 visible cores
# python  : 3.10.12 | python-flint 0.9.0 | mpmath 1.3.0
parameter file : general/params/zeta_K104_s13.json
sha256         : 737928c4912bc81b352fb163eef1b4171903e5c470f80a79a96bab08cdc1adde
object         : K = 104, s = 13, eps = 1e-45, Gamma_R shifts ['0'], log N = 0, pole residue 1
numerics       : 448-bit Arb, integral over [0, 200], rel_tol 2^-200, abs_tol 1e-55
P, Q built     : degrees 104, 104 (0.0 s)
Sturm(P)       : length 105 (7.4 s)
Sturm(Q)       : length 105 (16.5 s)
P              : P(0) > 0: True; leading coefficient > 0: True; distinct real roots in (0, oo): 0
Q              : Q(0) > 0: True; leading coefficient > 0: True; distinct real roots in (0, oo): 0
Q at gap edge  : Y_lo < Y_c < Y_hi rational, |Y_hi - Y_lo| <= 2^-219; roots in (Y_lo, oo): 0, in (Y_hi, oo): 0; Q(Y_lo) = [2.3019695e-34 +/- 7.28e-43] (> 0: True)
POSITIVITY     : F_rep > 0 on R: True | F_rep^ > 0 on [xi_2, oo) (cone): True | F_rep^ > 0 on R (OPS cone): True
integral       : int_0^T F_rep(t) sum_j Re psi = [0.0123160330512935628441596333145 +/- 1.57e-32] (imaginary part [+/- 1.84e-53]) (224 s)
tail bound     : [2.26e-62 +/- 1.43e-65]
A(F_rep)       = [7.246505067157387600466e-32 +/- 6.91e-54]
int F_rep      = [1.000000000000000055511151 +/- 2.32e-25]
D = 2F_rep(i/2)= [0.17826910475916008051 +/- 1.71e-21]
A/int F_rep    = [7.246505067157387198204e-32 +/- 6.60e-54]
---- read-off (decimal bounds rounded outward)
SLACK          : kappa*_OPS (and kappa*) of the data <= 7.2465050671573871983e-32
CLAIM          : kappa*_OPS (and kappa*) <= 7.24651e-32 ... implied
CONDUCTOR      : no admissible pair for log q < -4.5531134166365717816e-31; q_min = exp(-2 pi kappa*) >= 1 - 4.55312e-31
POLE RESIDUE   : D > 0; A_r(F_rep) < 0, hence no admissible pair, for every r < 1 - A/D, A/D <= 4.06492480958e-31
CLAIM          : no admissible pair for r <= 1 - 4.065e-31 ... implied
summary written: general/results/zeta_K104_s13.json
RESULT         : CERTIFIED (224 s)
# exit code 0; wall time 224.1 s
