# command : python general/verify_general.py general/params/zeta_K80_s12_edge.json
# date    : 2026-10-06T20:10:36Z
# system  : Linux x86_64, 16 visible cores
# python  : 3.10.12 | python-flint 0.9.0 | mpmath 1.3.0
parameter file : general/params/zeta_K80_s12_edge.json
sha256         : 9c70ac7938e9d63c54437233bc22f2283fb44f9c2060c542c2005a4187e8b6ce
object         : K = 80, s = 12, eps = 1e-30, Gamma_R shifts ['0'], log N = 0, pole residue 1
numerics       : 448-bit Arb, integral over [0, 200], rel_tol 2^-200, abs_tol 1e-50
P, Q built     : degrees 80, 80 (0.0 s)
Sturm(P)       : length 81 (2.5 s)
Sturm(Q)       : length 81 (5.5 s)
P              : P(0) > 0: True; leading coefficient > 0: True; distinct real roots in (0, oo): 0
Q              : Q(0) > 0: True; leading coefficient > 0: True; distinct real roots in (0, oo): 2
Q at gap edge  : Y_lo < Y_c < Y_hi rational, |Y_hi - Y_lo| <= 2^-219; roots in (Y_lo, oo): 0, in (Y_hi, oo): 0; Q(Y_lo) = [7.4243397e-29 +/- 1.67e-37] (> 0: True)
POSITIVITY     : F_rep > 0 on R: True | F_rep^ > 0 on [xi_2, oo) (cone): True | F_rep^ > 0 on R (OPS cone): False
integral       : int_0^T F_rep(t) sum_j Re psi = [0.577077359541898595864508665111 +/- 1.39e-31] (imaginary part [+/- 1.39e-48]) (165 s)
tail bound     : [6.03e-51 +/- 2.00e-55]
A(F_rep)       = [1.178271039769965624082871e-23 +/- 4.77e-48]
int F_rep      = [1.000000000000000000000000 +/- 7e-29]
D = 2F_rep(i/2)= [-0.0015000087970710611878 +/- 3.35e-23]
A/int F_rep    = [1.178271039769965624082871e-23 +/- 4.77e-48]
---- read-off (decimal bounds rounded outward)
SLACK          : kappa* of the data <= 1.1782710397699656241e-23
CONDUCTOR      : no admissible pair for log q < -7.4032952849578622141e-23; q_min = exp(-2 pi kappa*) >= 1 - 7.40330e-23
POLE RESIDUE   : D < 0; A_r(F_rep) < 0, hence no admissible pair, for every r > 1 + A/|D|, A/|D| <= 7.85509419726e-21
CLAIM          : no admissible pair for r >= 1 + 7.8551e-21 ... implied
summary written: general/results/zeta_K80_s12_edge.json
RESULT         : CERTIFIED (165 s)
# exit code 0; wall time 165.0 s
