# command : python kappa/verify_kappa.py kappa/params/J100.json --prec 3300 --order 28 --order-far 64 --order-switch 121 --workers 1
# date    : 2026-10-06T19:47:02Z
# system  : Linux x86_64, 16 visible cores
# python  : 3.10.12 | python-flint 0.9.0 | mpmath 1.3.0
parameter file  : kappa/params/J100.json
  file sha256   : 1186be2c9c2e575810781c02fc8a22ee060ffa4c61be4e8eab21b63a90719662
  factors sha256: 78d9e601ab0bf1b76c64baea297237b09a5d7de612583231f6bec6e6415816eb (canonical list, checked)
J = 100, eps = 1e-911, working precision 3300 bits, Taylor order 28, order 64 for x >= 121, workers 1
(1) H > 0 on R (exact: s_j > 0, r_j^2 < 4 s_j for all j): True
    operator degree D = 469, N-truncation z_cut = 3552 (setup 1.0 s)
    cushion: I_delta = int_{-1/20}^{1/20} Psi >= [0.0978288056476 +/- 4.3e-16];  A(Xi^2 e^{-pi t^2}) in [0.930646274515431 +/- 2.27e-16]
(2a) node neighbourhoods (centred at the 100 killed prime powers 2..419):
    n =    2: h = 4.00e-03, Fhat_H(xi_n) = [+/- 2.33e-983], Fhat_H'(xi_n) = [+/- 1.34e-980], c_2 = [58.1 +/- 0.0173], lower bound with cushion [8.9873e-913 +/- 2.31e-918]
    n =   17: h = 1.61e-03, Fhat_H(xi_n) = [+/- 4.05e-989], Fhat_H'(xi_n) = [+/- 4.58e-986], c_2 = [4.38e-19 +/- 3.84e-22], lower bound with cushion [4.4250e-913 +/- 1.52e-918]
    n =   43: h = 3.16e-04, Fhat_H(xi_n) = [+/- 8.87e-1022], Fhat_H'(xi_n) = [+/- 2.20e-1018], c_2 = [1.42e-66 +/- 3.63e-69], lower bound with cushion [2.6056e-913 +/- 4.38e-918]
    n =   79: h = 4.14e-05, Fhat_H(xi_n) = [+/- 1.78e-1081], Fhat_H'(xi_n) = [+/- 7.49e-1078], c_2 = [3.51e-143 +/- 3.79e-146], lower bound with cushion [1.7071e-913 +/- 3.15e-918]
    n =  121: h = 1.08e-04, Fhat_H(xi_n) = [+/- 3.90e-1160], Fhat_H'(xi_n) = [+/- 2.40e-1156], c_2 = [3.03e-237 +/- 3.57e-240], lower bound with cushion [1.2241e-913 +/- 2.09e-918]
    n =  163: h = 8.04e-05, Fhat_H(xi_n) = [+/- 1.26e-1244], Fhat_H'(xi_n) = [+/- 1.01e-1240], c_2 = [5.75e-332 +/- 2.94e-335], lower bound with cushion [9.5401e-914 +/- 1.31e-919]
    n =  211: h = 9.17e-05, Fhat_H(xi_n) = [+/- 4.86e-1346], Fhat_H'(xi_n) = [+/- 4.90e-1342], c_2 = [8.26e-439 +/- 3.10e-442], lower bound with cushion [7.5986e-914 +/- 5.20e-921]
    n =  257: h = 5.17e-05, Fhat_H(xi_n) = [+/- 7.16e-1447], Fhat_H'(xi_n) = [+/- 8.61e-1443], c_2 = [2.16e-550 +/- 1.32e-553], lower bound with cushion [6.3423e-914 +/- 1.53e-919]
    n =  311: h = 4.25e-05, Fhat_H(xi_n) = [+/- 1.09e-1568], Fhat_H'(xi_n) = [+/- 1.55e-1564], c_2 = [3.10e-669 +/- 2.84e-672], lower bound with cushion [5.2932e-914 +/- 1.28e-919]
    n =  361: h = 7.37e-05, Fhat_H(xi_n) = [+/- 3.69e-1684], Fhat_H'(xi_n) = [+/- 6.02e-1680], c_2 = [7.19e-781 +/- 7.92e-785], lower bound with cushion [4.5759e-914 +/- 1.30e-919]
    n =  419: h = 4.00e-05, Fhat_H(xi_n) = [+/- 1.08e-1820], Fhat_H'(xi_n) = [+/- 2.02e-1816], c_2 = [3.65e-895 +/- 1.64e-898], lower bound with cushion [3.9438e-914 +/- 2.08e-919]
    all 100 neighbourhoods certified; min lower bound 3.943e-914; max |Fhat_H(xi_n)| <= 2.34e-983 (142 s)
(2c) far region: x_far = 452, U(x_far) = [4.30e-916 +/- 8.38e-920] < cushion(x_far) = [3.65e-914 +/- 2.12e-917]; monotone beyond (2 pi x_far > D + 4)
(2b) gaps [c, xi_far] minus neighbourhoods: 5848 pieces, all certified; min lower bound 1.077e-914 (1618 s)
    => Fhat_rep >= 0 on [c, oo)
(3) prime-power sum over n <= 453 (106 terms): S(Xi^2 H) = [3.20902683496176e-906 +/- 4.12e-921]  (truncated)
    tail n >= 454: <= 1.45e-920;  eps A(cushion) <= 9.3065e-912
    A(Xi^2 H) = S(Xi^2 H) + tail in [3.2090268349618e-906 +/- 5.86e-920]
    A(F_rep) <= 3.20903614143e-906
    Fhat_H(0) = [2.7884318309231251488 +/- 3.43e-20]  (Fhat_rep(0) >= Fhat_H(0))
    cushion-free ratio A(Xi^2 H)/Fhat_H(0) = [1.15083567738e-906 +/- 2.38e-918]
(4) kappa* <= A_upper / Fhat_H(0)_lower <= 1.1508391e-906   (rounded up; 12 digits: 1.15083901491e-906)
CERTIFIED: True   [J = 100, total 1648 s]
{"J": 100, "param_file": "kappa/params/J100.json", "param_file_sha256": "1186be2c9c2e575810781c02fc8a22ee060ffa4c61be4e8eab21b63a90719662", "factors_sha256": "78d9e601ab0bf1b76c64baea297237b09a5d7de612583231f6bec6e6415816eb", "eps": "1e-911", "prec": 3300, "order": 28, "order_far": 64, "order_switch": 121, "H_positive": true, "nodes_ok": true, "pieces": 5848, "x_far": 452, "S_trunc": "[3.20902683496176e-906 +/- 4.12e-921]", "A_H": "[3.2090268349618e-906 +/- 5.86e-920]", "A_upper": "3.20903614143e-906", "Fhat0": "[2.7884318309231251488 +/- 3.43e-20]", "kappa_upper": "1.1508391e-906", "kappa_upper_12": "1.15083901491e-906", "certified": true, "secs": 1648.0}
# exit code 0; wall time 1648.1 s
