# command : python kappa/verify_kappa.py kappa/params/J20.json --prec 600 --order 28 --workers 1
# date    : 2026-10-06T20:14:00Z
# system  : Linux x86_64, 16 visible cores
# python  : 3.10.12 | python-flint 0.9.0 | mpmath 1.3.0
parameter file  : kappa/params/J20.json
  file sha256   : d686e47b0412358c8ad519370655c6f8600c2d44d25ee8da8e39ab66551c5ec8
  factors sha256: 8b5f584238142d2dd75722a4fce49dd04d517ec090de67e6a825de7b97373f31 (canonical list, checked)
J = 20, eps = 1e-67, working precision 600 bits, Taylor order 28, workers 1
(1) H > 0 on R (exact: s_j > 0, r_j^2 < 4 s_j for all j): True
    operator degree D = 113, N-truncation z_cut = 696 (setup 0.5 s)
    cushion: I_delta = int_{-1/20}^{1/20} Psi >= [0.0978288056476 +/- 4.3e-16];  A(Xi^2 e^{-pi t^2}) in [0.930646274515431 +/- 2.27e-16]
(2a) node neighbourhoods (centred at the 20 killed prime powers 2..41):
    n =    2: h = 4.00e-03, Fhat_H(xi_n) = [-1.87e-119 +/- 1.47e-122], Fhat_H'(xi_n) = [-3.07e-118 +/- 2.81e-121], c_2 = [58.1 +/- 0.0174], lower bound with cushion [8.9873e-69 +/- 2.31e-74]
    n =   17: h = 1.61e-03, Fhat_H(xi_n) = [-6.86e-133 +/- 3.56e-136], Fhat_H'(xi_n) = [3.86e-131 +/- 4.53e-134], c_2 = [1.12e-18 +/- 3.66e-21], lower bound with cushion [4.4250e-69 +/- 1.52e-74]
    n =   41: h = 5.00e-04, Fhat_H(xi_n) = [-2.87e-133 +/- 2.02e-138], Fhat_H'(xi_n) = [-1.19e-131 +/- 2.82e-134], c_2 = [3.49e-54 +/- 2.61e-57], lower bound with cushion [2.6850e-69 +/- 4.42e-74]
    all 20 neighbourhoods certified; min lower bound 2.684e-69; max |Fhat_H(xi_n)| <= 1.88e-119 (1 s)
(2c) far region: x_far = 55, U(x_far) = [5.93e-70 +/- 1.29e-73] < cushion(x_far) = [2.21e-69 +/- 3.34e-72]; monotone beyond (2 pi x_far > D + 4)
(2b) gaps [c, xi_far] minus neighbourhoods: 215 pieces, all certified; min lower bound 1.653e-69 (6 s)
    => Fhat_rep >= 0 on [c, oo)
(3) prime-power sum over n <= 56 (24 terms): S(Xi^2 H) = [5.61913456134069e-62 +/- 3.30e-77]  (truncated)
    tail n >= 57: <= 4.37e-74;  eps A(cushion) <= 9.3065e-68
    A(Xi^2 H) = S(Xi^2 H) + tail in [5.61913456134e-62 +/- 5.06e-74]
    A(F_rep) <= 5.61914386781e-62
    Fhat_H(0) = [2.7884318587320601465 +/- 3.82e-20]  (Fhat_rep(0) >= Fhat_H(0))
    cushion-free ratio A(Xi^2 H)/Fhat_H(0) = [2.01515936054e-62 +/- 5.57e-74]
(4) kappa* <= A_upper / Fhat_H(0)_lower <= 2.0151627e-62   (rounded up; 12 digits: 2.01516269807e-62)
CERTIFIED: True   [J = 20, total 7 s]
{"J": 20, "param_file": "kappa/params/J20.json", "param_file_sha256": "d686e47b0412358c8ad519370655c6f8600c2d44d25ee8da8e39ab66551c5ec8", "factors_sha256": "8b5f584238142d2dd75722a4fce49dd04d517ec090de67e6a825de7b97373f31", "eps": "1e-67", "prec": 600, "order": 28, "order_far": null, "order_switch": null, "H_positive": true, "nodes_ok": true, "pieces": 215, "x_far": 55, "S_trunc": "[5.61913456134069e-62 +/- 3.30e-77]", "A_H": "[5.61913456134e-62 +/- 5.06e-74]", "A_upper": "5.61914386781e-62", "Fhat0": "[2.7884318587320601465 +/- 3.82e-20]", "kappa_upper": "2.0151627e-62", "kappa_upper_12": "2.01516269807e-62", "certified": true, "secs": 6.8}
# exit code 0; wall time 6.9 s
