# command : python kappa/verify_kappa.py kappa/params/J30.json --prec 700 --order 26 --workers 1
# date    : 2026-10-06T20:13:44Z
# system  : Linux x86_64, 16 visible cores
# python  : 3.10.12 | python-flint 0.9.0 | mpmath 1.3.0
parameter file  : kappa/params/J30.json
  file sha256   : 472a5a881d5e96d55b8ce013e028416bd7bd7950ea936161a1dca60cba0c201c
  factors sha256: 9ca9d14597040bdd06cae290f3d5139e62365ff16344c2141d42c57ba6220dfa (canonical list, checked)
J = 30, eps = 1e-138, working precision 700 bits, Taylor order 26, workers 1
(1) H > 0 on R (exact: s_j > 0, r_j^2 < 4 s_j for all j): True
    operator degree D = 151, N-truncation z_cut = 928 (setup 0.5 s)
    cushion: I_delta = int_{-1/20}^{1/20} Psi >= [0.0978288056476 +/- 4.3e-16];  A(Xi^2 e^{-pi t^2}) in [0.930646274515431 +/- 2.27e-16]
(2a) node neighbourhoods (centred at the 30 killed prime powers 2..73):
    n =    2: h = 4.00e-03, Fhat_H(xi_n) = [+/- 1.06e-200], Fhat_H'(xi_n) = [+/- 4.92e-198], c_2 = [58.1 +/- 0.0173], lower bound with cushion [8.9873e-140 +/- 2.31e-145]
    n =   17: h = 1.61e-03, Fhat_H(xi_n) = [+/- 2.12e-207], Fhat_H'(xi_n) = [+/- 2.33e-204], c_2 = [5.84e-19 +/- 4.35e-22], lower bound with cushion [4.4250e-140 +/- 1.52e-145]
    n =   43: h = 3.16e-04, Fhat_H(xi_n) = [+/- 8.45e-246], Fhat_H'(xi_n) = [+/- 1.94e-242], c_2 = [3.02e-64 +/- 3.27e-67], lower bound with cushion [2.6056e-140 +/- 4.38e-145]
    n =   73: h = 1.84e-04, Fhat_H(xi_n) = [+/- 1.19e-304], Fhat_H'(xi_n) = [+/- 4.21e-301], c_2 = [6.15e-118 +/- 3.19e-121], lower bound with cushion [1.8086e-140 +/- 1.79e-145]
    all 30 neighbourhoods certified; min lower bound 1.808e-140; max |Fhat_H(xi_n)| <= 1.07e-200 (2 s)
(2c) far region: x_far = 93, U(x_far) = [4.86e-141 +/- 9.92e-145] < cushion(x_far) = [1.51e-140 +/- 1.27e-143]; monotone beyond (2 pi x_far > D + 4)
(2b) gaps [c, xi_far] minus neighbourhoods: 662 pieces, all certified; min lower bound 6.793e-141 (14 s)
    => Fhat_rep >= 0 on [c, oo)
(3) prime-power sum over n <= 94 (34 terms): S(Xi^2 H) = [2.16165869740083e-131 +/- 3.76e-146]  (truncated)
    tail n >= 95: <= 3.02e-145;  eps A(cushion) <= 9.3065e-139
    A(Xi^2 H) = S(Xi^2 H) + tail in [2.1616586974008e-131 +/- 5.64e-145]
    A(F_rep) <= 2.16165879047e-131
    Fhat_H(0) = [2.7884318392266876195 +/- 2.93e-20]  (Fhat_rep(0) >= Fhat_H(0))
    cushion-free ratio A(Xi^2 H)/Fhat_H(0) = [7.75223789584e-132 +/- 4.31e-144]
(4) kappa* <= A_upper / Fhat_H(0)_lower <= 7.7522383e-132   (rounded up; 12 digits: 7.75223822959e-132)
CERTIFIED: True   [J = 30, total 15 s]
{"J": 30, "param_file": "kappa/params/J30.json", "param_file_sha256": "472a5a881d5e96d55b8ce013e028416bd7bd7950ea936161a1dca60cba0c201c", "factors_sha256": "9ca9d14597040bdd06cae290f3d5139e62365ff16344c2141d42c57ba6220dfa", "eps": "1e-138", "prec": 700, "order": 26, "order_far": null, "order_switch": null, "H_positive": true, "nodes_ok": true, "pieces": 662, "x_far": 93, "S_trunc": "[2.16165869740083e-131 +/- 3.76e-146]", "A_H": "[2.1616586974008e-131 +/- 5.64e-145]", "A_upper": "2.16165879047e-131", "Fhat0": "[2.7884318392266876195 +/- 2.93e-20]", "kappa_upper": "7.7522383e-132", "kappa_upper_12": "7.75223822959e-132", "certified": true, "secs": 14.6}
# exit code 0; wall time 14.7 s
