# command : python kappa/verify_kappa.py kappa/params/J35.json --prec 850 --order 26 --workers 1
# date    : 2026-10-06T20:13:22Z
# system  : Linux x86_64, 16 visible cores
# python  : 3.10.12 | python-flint 0.9.0 | mpmath 1.3.0
parameter file  : kappa/params/J35.json
  file sha256   : 35e8cc8eb2b4c5fc478b69807a9fbaa94ea60fee62548d71e641eef033ae7dcb
  factors sha256: 17d9ff6e5e26ff9e9dd045ecbd8ca7f52861253f0e9f722d904f3f171bf89848 (canonical list, checked)
J = 35, eps = 1e-183, working precision 850 bits, Taylor order 26, workers 1
(1) H > 0 on R (exact: s_j > 0, r_j^2 < 4 s_j for all j): True
    operator degree D = 171, N-truncation z_cut = 1072 (setup 0.5 s)
    cushion: I_delta = int_{-1/20}^{1/20} Psi >= [0.0978288056476 +/- 4.3e-16];  A(Xi^2 e^{-pi t^2}) in [0.930646274515431 +/- 2.27e-16]
(2a) node neighbourhoods (centred at the 35 killed prime powers 2..97):
    n =    2: h = 4.00e-03, Fhat_H(xi_n) = [-1.77e-221 +/- 1.74e-224], Fhat_H'(xi_n) = [1.07e-219 +/- 1.59e-222], c_2 = [58.1 +/- 0.0173], lower bound with cushion [8.9873e-185 +/- 2.31e-190]
    n =   17: h = 1.61e-03, Fhat_H(xi_n) = [1.07e-241 +/- 2.39e-244], Fhat_H'(xi_n) = [-5.86e-239 +/- 4.41e-242], c_2 = [5.27e-19 +/- 4.28e-23], lower bound with cushion [4.4250e-185 +/- 1.52e-190]
    n =   43: h = 3.16e-04, Fhat_H(xi_n) = [2e-288 +/- 6.19e-289], Fhat_H'(xi_n) = [+/- 4.52e-285], c_2 = [4.41e-65 +/- 2.69e-68], lower bound with cushion [2.6056e-185 +/- 4.38e-190]
    n =   79: h = 8.29e-05, Fhat_H(xi_n) = [-2e-357 +/- 6.86e-358], Fhat_H'(xi_n) = [+/- 5.61e-354], c_2 = [1.40e-134 +/- 3.66e-137], lower bound with cushion [1.7068e-185 +/- 5.5e-193]
    n =   97: h = 2.50e-04, Fhat_H(xi_n) = [-5.53e-387 +/- 2.43e-390], Fhat_H'(xi_n) = [1.32e-383 +/- 2.23e-386], c_2 = [4.91e-164 +/- 4.21e-167], lower bound with cushion [1.4585e-185 +/- 2.59e-190]
    all 35 neighbourhoods certified; min lower bound 1.458e-185; max |Fhat_H(xi_n)| <= 1.78e-221 (3 s)
(2c) far region: x_far = 116, U(x_far) = [4.77e-187 +/- 1.09e-190] < cushion(x_far) = [1.27e-185 +/- 2.67e-188]; monotone beyond (2 pi x_far > D + 4)
(2b) gaps [c, xi_far] minus neighbourhoods: 1007 pieces, all certified; min lower bound 7.473e-186 (26 s)
    => Fhat_rep >= 0 on [c, oo)
(3) prime-power sum over n <= 117 (40 terms): S(Xi^2 H) = [2.78631374367902e-176 +/- 3.87e-191]  (truncated)
    tail n >= 118: <= 2.62e-191;  eps A(cushion) <= 9.3065e-184
    A(Xi^2 H) = S(Xi^2 H) + tail in [2.78631374367902e-176 +/- 6.49e-191]
    A(F_rep) <= 2.78631383675e-176
    Fhat_H(0) = [2.7884318362642232184 +/- 1.52e-20]  (Fhat_rep(0) >= Fhat_H(0))
    cushion-free ratio A(Xi^2 H)/Fhat_H(0) = [9.99240400085e-177 +/- 2.18e-189]
(4) kappa* <= A_upper / Fhat_H(0)_lower <= 9.9924044e-177   (rounded up; 12 digits: 9.99240433461e-177)
CERTIFIED: True   [J = 35, total 26 s]
{"J": 35, "param_file": "kappa/params/J35.json", "param_file_sha256": "35e8cc8eb2b4c5fc478b69807a9fbaa94ea60fee62548d71e641eef033ae7dcb", "factors_sha256": "17d9ff6e5e26ff9e9dd045ecbd8ca7f52861253f0e9f722d904f3f171bf89848", "eps": "1e-183", "prec": 850, "order": 26, "order_far": null, "order_switch": null, "H_positive": true, "nodes_ok": true, "pieces": 1007, "x_far": 116, "S_trunc": "[2.78631374367902e-176 +/- 3.87e-191]", "A_H": "[2.78631374367902e-176 +/- 6.49e-191]", "A_upper": "2.78631383675e-176", "Fhat0": "[2.7884318362642232184 +/- 1.52e-20]", "kappa_upper": "9.9924044e-177", "kappa_upper_12": "9.99240433461e-177", "certified": true, "secs": 26.5}
# exit code 0; wall time 26.5 s
