# command : python kappa/verify_kappa.py kappa/params/J40.json --prec 1000 --order 28 --workers 1
# date    : 2026-10-06T20:12:20Z
# system  : Linux x86_64, 16 visible cores
# python  : 3.10.12 | python-flint 0.9.0 | mpmath 1.3.0
parameter file  : kappa/params/J40.json
  file sha256   : b3b711578a6e21ad75ad6c69ce3a1a384bfef1255f94ef365f1dab15897e8884
  factors sha256: 8ad60012a30c61bd6e2e79682283092158ad988d65a5fea0453fb12a0d1ece31 (canonical list, checked)
J = 40, eps = 1e-226, working precision 1000 bits, Taylor order 28, workers 1
(1) H > 0 on R (exact: s_j > 0, r_j^2 < 4 s_j for all j): True
    operator degree D = 193, N-truncation z_cut = 1224 (setup 0.5 s)
    cushion: I_delta = int_{-1/20}^{1/20} Psi >= [0.0978288056476 +/- 4.3e-16];  A(Xi^2 e^{-pi t^2}) in [0.930646274515431 +/- 2.27e-16]
(2a) node neighbourhoods (centred at the 40 killed prime powers 2..113):
    n =    2: h = 4.00e-03, Fhat_H(xi_n) = [-3.53e-261 +/- 6.58e-265], Fhat_H'(xi_n) = [1.63e-259 +/- 2.01e-262], c_2 = [58.1 +/- 0.0173], lower bound with cushion [8.9873e-228 +/- 2.31e-233]
    n =   17: h = 1.61e-03, Fhat_H(xi_n) = [-3.75e-282 +/- 3.54e-285], Fhat_H'(xi_n) = [1.22e-279 +/- 3.79e-282], c_2 = [4.98e-19 +/- 7.67e-23], lower bound with cushion [4.4250e-228 +/- 1.52e-233]
    n =   43: h = 3.16e-04, Fhat_H(xi_n) = [-1.47e-329 +/- 2.94e-332], Fhat_H'(xi_n) = [2.28e-326 +/- 2.09e-329], c_2 = [1.54e-65 +/- 5.98e-69], lower bound with cushion [2.6056e-228 +/- 4.38e-233]
    n =   79: h = 8.29e-05, Fhat_H(xi_n) = [-1e-399 +/- 9.35e-400], Fhat_H'(xi_n) = [+/- 5.40e-396], c_2 = [1.70e-137 +/- 2.81e-140], lower bound with cushion [1.7068e-228 +/- 5.5e-236]
    n =  113: h = 1.19e-04, Fhat_H(xi_n) = [-7.74e-462 +/- 1.86e-465], Fhat_H'(xi_n) = [2.16e-458 +/- 1.98e-461], c_2 = [4.69e-201 +/- 3.44e-204], lower bound with cushion [1.2936e-228 +/- 4.38e-233]
    all 40 neighbourhoods certified; min lower bound 1.293e-228; max |Fhat_H(xi_n)| <= 3.54e-261 (5 s)
(2c) far region: x_far = 137, U(x_far) = [1.38e-229 +/- 4.02e-232] < cushion(x_far) = [1.11e-228 +/- 4.27e-231]; monotone beyond (2 pi x_far > D + 4)
(2b) gaps [c, xi_far] minus neighbourhoods: 1277 pieces, all certified; min lower bound 1.091e-228 (40 s)
    => Fhat_rep >= 0 on [c, oo)
(3) prime-power sum over n <= 138 (46 terms): S(Xi^2 H) = [2.61635708534971e-219 +/- 2.99e-234]  (truncated)
    tail n >= 139: <= 7.10e-234;  eps A(cushion) <= 9.3065e-227
    A(Xi^2 H) = S(Xi^2 H) + tail in [2.6163570853497e-219 +/- 2.01e-233]
    A(F_rep) <= 2.61635717842e-219
    Fhat_H(0) = [2.7884318346218521045 +/- 2.26e-20]  (Fhat_rep(0) >= Fhat_H(0))
    cushion-free ratio A(Xi^2 H)/Fhat_H(0) = [9.38289777381e-220 +/- 1.04e-232]
(4) kappa* <= A_upper / Fhat_H(0)_lower <= 9.3828982e-220   (rounded up; 12 digits: 9.38289810757e-220)
CERTIFIED: True   [J = 40, total 42 s]
{"J": 40, "param_file": "kappa/params/J40.json", "param_file_sha256": "b3b711578a6e21ad75ad6c69ce3a1a384bfef1255f94ef365f1dab15897e8884", "factors_sha256": "8ad60012a30c61bd6e2e79682283092158ad988d65a5fea0453fb12a0d1ece31", "eps": "1e-226", "prec": 1000, "order": 28, "order_far": null, "order_switch": null, "H_positive": true, "nodes_ok": true, "pieces": 1277, "x_far": 137, "S_trunc": "[2.61635708534971e-219 +/- 2.99e-234]", "A_H": "[2.6163570853497e-219 +/- 2.01e-233]", "A_upper": "2.61635717842e-219", "Fhat0": "[2.7884318346218521045 +/- 2.26e-20]", "kappa_upper": "9.3828982e-220", "kappa_upper_12": "9.38289810757e-220", "certified": true, "secs": 41.6}
# exit code 0; wall time 41.7 s
