# command : python toy/sm/verify_smset.py toy/sm/params/smset.json
# date    : 2026-10-06T15:55:00Z
# system  : Linux x86_64, 16 visible cores
# python  : 3.10.12 | python-flint 0.9.0 | mpmath 1.3.0
(SMset) along the prime-power nodes: Arb ball arithmetic
parameter file toy/sm/params/smset.json  sha256 fbe8d8f92cc6f7de98425f34cf87ec62739de75b86c6069eeef0131d9763f15b
k= 1  c = y_{k+1} = 2 pi   3  prec  2000:  W_2(PP_k) < 0 on (c,inf): neg (10 coeffs) | W_2(PP_{k+1}) < 0: neg (14) | P < 0: neg (21)  => (SMset)_1 CERTIFIED  [0.0 s]
k= 2  c = y_{k+1} = 2 pi   4  prec  2000:  W_2(PP_k) < 0 on (c,inf): neg (14 coeffs) | W_2(PP_{k+1}) < 0: neg (18) | P < 0: neg (29)  => (SMset)_2 CERTIFIED  [0.0 s]
k= 3  c = y_{k+1} = 2 pi   5  prec  2000:  W_2(PP_k) < 0 on (c,inf): neg (18 coeffs) | W_2(PP_{k+1}) < 0: neg (22) | P < 0: neg (37)  => (SMset)_3 CERTIFIED  [0.0 s]
k= 4  c = y_{k+1} = 2 pi   7  prec  2000:  W_2(PP_k) < 0 on (c,inf): neg (22 coeffs) | W_2(PP_{k+1}) < 0: neg (26) | P < 0: neg (45)  => (SMset)_4 CERTIFIED  [0.0 s]
k= 5  c = y_{k+1} = 2 pi   8  prec  2000:  W_2(PP_k) < 0 on (c,inf): neg (26 coeffs) | W_2(PP_{k+1}) < 0: neg (30) | P < 0: neg (53)  => (SMset)_5 CERTIFIED  [0.0 s]
k= 6  c = y_{k+1} = 2 pi   9  prec  2000:  W_2(PP_k) < 0 on (c,inf): neg (30 coeffs) | W_2(PP_{k+1}) < 0: neg (34) | P < 0: neg (61)  => (SMset)_6 CERTIFIED  [0.0 s]
k= 7  c = y_{k+1} = 2 pi  11  prec  2000:  W_2(PP_k) < 0 on (c,inf): neg (34 coeffs) | W_2(PP_{k+1}) < 0: neg (38) | P < 0: neg (69)  => (SMset)_7 CERTIFIED  [0.0 s]
k= 8  c = y_{k+1} = 2 pi  13  prec  2000:  W_2(PP_k) < 0 on (c,inf): neg (38 coeffs) | W_2(PP_{k+1}) < 0: neg (42) | P < 0: neg (77)  => (SMset)_8 CERTIFIED  [0.0 s]
k= 9  c = y_{k+1} = 2 pi  16  prec  2000:  W_2(PP_k) < 0 on (c,inf): neg (42 coeffs) | W_2(PP_{k+1}) < 0: neg (46) | P < 0: neg (85)  => (SMset)_9 CERTIFIED  [0.0 s]
k=10  c = y_{k+1} = 2 pi  17  prec  2000:  W_2(PP_k) < 0 on (c,inf): neg (46 coeffs) | W_2(PP_{k+1}) < 0: neg (50) | P < 0: neg (93)  => (SMset)_10 CERTIFIED  [0.0 s]
k=11  c = y_{k+1} = 2 pi  19  prec  2000:  W_2(PP_k) < 0 on (c,inf): neg (50 coeffs) | W_2(PP_{k+1}) < 0: neg (54) | P < 0: neg (101)  => (SMset)_11 CERTIFIED  [0.0 s]
k=12  c = y_{k+1} = 2 pi  23  prec  2000:  W_2(PP_k) < 0 on (c,inf): neg (54 coeffs) | W_2(PP_{k+1}) < 0: neg (58) | P < 0: neg (109)  => (SMset)_12 CERTIFIED  [0.1 s]
k=13  c = y_{k+1} = 2 pi  25  prec  2000:  W_2(PP_k) < 0 on (c,inf): neg (58 coeffs) | W_2(PP_{k+1}) < 0: neg (62) | P < 0: neg (117)  => (SMset)_13 CERTIFIED  [0.1 s]
k=14  c = y_{k+1} = 2 pi  27  prec  2000:  W_2(PP_k) < 0 on (c,inf): neg (62 coeffs) | W_2(PP_{k+1}) < 0: neg (66) | P < 0: neg (125)  => (SMset)_14 CERTIFIED  [0.1 s]
k=15  c = y_{k+1} = 2 pi  29  prec  2000:  W_2(PP_k) < 0 on (c,inf): neg (66 coeffs) | W_2(PP_{k+1}) < 0: neg (70) | P < 0: neg (133)  => (SMset)_15 CERTIFIED  [0.1 s]
k=16  c = y_{k+1} = 2 pi  31  prec  2000:  W_2(PP_k) < 0 on (c,inf): neg (70 coeffs) | W_2(PP_{k+1}) < 0: neg (74) | P < 0: neg (141)  => (SMset)_16 CERTIFIED  [0.1 s]
k=17  c = y_{k+1} = 2 pi  32  prec  2000:  W_2(PP_k) < 0 on (c,inf): neg (74 coeffs) | W_2(PP_{k+1}) < 0: neg (78) | P < 0: neg (149)  => (SMset)_17 CERTIFIED  [0.1 s]
k=18  c = y_{k+1} = 2 pi  37  prec  2000:  W_2(PP_k) < 0 on (c,inf): neg (78 coeffs) | W_2(PP_{k+1}) < 0: neg (82) | P < 0: neg (157)  => (SMset)_18 CERTIFIED  [0.1 s]
k=19  c = y_{k+1} = 2 pi  41  prec  2000:  W_2(PP_k) < 0 on (c,inf): neg (82 coeffs) | W_2(PP_{k+1}) < 0: neg (86) | P < 0: neg (165)  => (SMset)_19 CERTIFIED  [0.2 s]
k=20  c = y_{k+1} = 2 pi  43  prec  2000:  W_2(PP_k) < 0 on (c,inf): neg (86 coeffs) | W_2(PP_{k+1}) < 0: neg (90) | P < 0: neg (173)  => (SMset)_20 CERTIFIED  [0.2 s]
k=21  c = y_{k+1} = 2 pi  47  prec  2000:  W_2(PP_k) < 0 on (c,inf): neg (90 coeffs) | W_2(PP_{k+1}) < 0: neg (94) | P < 0: neg (181)  => (SMset)_21 CERTIFIED  [0.2 s]
k=22  c = y_{k+1} = 2 pi  49  prec  2000:  W_2(PP_k) < 0 on (c,inf): neg (94 coeffs) | W_2(PP_{k+1}) < 0: neg (98) | P < 0: neg (189)  => (SMset)_22 CERTIFIED  [0.2 s]
k=23  c = y_{k+1} = 2 pi  53  prec  2000:  W_2(PP_k) < 0 on (c,inf): neg (98 coeffs) | W_2(PP_{k+1}) < 0: neg (102) | P < 0: neg (197)  => (SMset)_23 CERTIFIED  [0.3 s]
k=24  c = y_{k+1} = 2 pi  59  prec  2000:  W_2(PP_k) < 0 on (c,inf): neg (102 coeffs) | W_2(PP_{k+1}) < 0: neg (106) | P < 0: neg (205)  => (SMset)_24 CERTIFIED  [0.3 s]
k=25  c = y_{k+1} = 2 pi  61  prec  2000:  W_2(PP_k) < 0 on (c,inf): neg (106 coeffs) | W_2(PP_{k+1}) < 0: neg (110) | P < 0: neg (213)  => (SMset)_25 CERTIFIED  [0.3 s]
k=26  c = y_{k+1} = 2 pi  64  prec  2000:  W_2(PP_k) < 0 on (c,inf): neg (110 coeffs) | W_2(PP_{k+1}) < 0: neg (114) | P < 0: neg (221)  => (SMset)_26 CERTIFIED  [0.4 s]
k=27  c = y_{k+1} = 2 pi  67  prec  2000:  W_2(PP_k) < 0 on (c,inf): neg (114 coeffs) | W_2(PP_{k+1}) < 0: neg (118) | P < 0: neg (229)  => (SMset)_27 CERTIFIED  [0.4 s]
k=28  c = y_{k+1} = 2 pi  71  prec  2000:  W_2(PP_k) < 0 on (c,inf): neg (118 coeffs) | W_2(PP_{k+1}) < 0: neg (122) | P < 0: neg (237)  => (SMset)_28 CERTIFIED  [0.4 s]
k=29  c = y_{k+1} = 2 pi  73  prec  2000:  W_2(PP_k) < 0 on (c,inf): neg (122 coeffs) | W_2(PP_{k+1}) < 0: neg (126) | P < 0: neg (245)  => (SMset)_29 CERTIFIED  [0.5 s]
k=30  c = y_{k+1} = 2 pi  79  prec  2000:  W_2(PP_k) < 0 on (c,inf): neg (126 coeffs) | W_2(PP_{k+1}) < 0: neg (130) | P < 0: neg (253)  => (SMset)_30 CERTIFIED  [0.5 s]
k=31  c = y_{k+1} = 2 pi  81  prec  2000:  W_2(PP_k) < 0 on (c,inf): neg (130 coeffs) | W_2(PP_{k+1}) < 0: neg (134) | P < 0: neg (261)  => (SMset)_31 CERTIFIED  [0.6 s]
k=32  c = y_{k+1} = 2 pi  83  prec  2000:  W_2(PP_k) < 0 on (c,inf): neg (134 coeffs) | W_2(PP_{k+1}) < 0: neg (138) | P < 0: neg (269)  => (SMset)_32 CERTIFIED  [0.6 s]
k=33  c = y_{k+1} = 2 pi  89  prec  2000:  W_2(PP_k) < 0 on (c,inf): neg (138 coeffs) | W_2(PP_{k+1}) < 0: neg (142) | P < 0: neg (277)  => (SMset)_33 CERTIFIED  [0.7 s]
k=34  c = y_{k+1} = 2 pi  97  prec  2000:  W_2(PP_k) < 0 on (c,inf): neg (142 coeffs) | W_2(PP_{k+1}) < 0: neg (146) | P < 0: neg (285)  => (SMset)_34 CERTIFIED  [0.7 s]
k=35  c = y_{k+1} = 2 pi 101  prec  2000:  W_2(PP_k) < 0 on (c,inf): neg (146 coeffs) | W_2(PP_{k+1}) < 0: neg (150) | P < 0: neg (293)  => (SMset)_35 CERTIFIED  [0.8 s]
k=36  c = y_{k+1} = 2 pi 103  prec  2000:  W_2(PP_k) < 0 on (c,inf): neg (150 coeffs) | W_2(PP_{k+1}) < 0: neg (154) | P < 0: neg (301)  => (SMset)_36 CERTIFIED  [0.9 s]
k=37  c = y_{k+1} = 2 pi 107  prec  2000:  W_2(PP_k) < 0 on (c,inf): neg (154 coeffs) | W_2(PP_{k+1}) < 0: neg (158) | P < 0: neg (309)  => (SMset)_37 CERTIFIED  [0.9 s]
k=38  c = y_{k+1} = 2 pi 109  prec  2000:  W_2(PP_k) < 0 on (c,inf): neg (158 coeffs) | W_2(PP_{k+1}) < 0: neg (162) | P < 0: neg (317)  => (SMset)_38 CERTIFIED  [1.0 s]
k=39  c = y_{k+1} = 2 pi 113  prec  2000:  W_2(PP_k) < 0 on (c,inf): neg (162 coeffs) | W_2(PP_{k+1}) < 0: neg (166) | P < 0: neg (325)  => (SMset)_39 CERTIFIED  [1.1 s]
k=40  c = y_{k+1} = 2 pi 121  prec  2000:  W_2(PP_k) < 0 on (c,inf): neg (166 coeffs) | W_2(PP_{k+1}) < 0: neg (170) | P < 0: neg (333)  => (SMset)_40 CERTIFIED  [1.2 s]
k=41  c = y_{k+1} = 2 pi 125  prec  2000:  W_2(PP_k) < 0 on (c,inf): neg (170 coeffs) | W_2(PP_{k+1}) < 0: neg (174) | P < 0: neg (341)  => (SMset)_41 CERTIFIED  [1.3 s]
k=42  c = y_{k+1} = 2 pi 127  prec  2000:  W_2(PP_k) < 0 on (c,inf): neg (174 coeffs) | W_2(PP_{k+1}) < 0: neg (178) | P < 0: neg (349)  => (SMset)_42 CERTIFIED  [1.4 s]
k=43  c = y_{k+1} = 2 pi 128  prec  2000:  W_2(PP_k) < 0 on (c,inf): neg (178 coeffs) | W_2(PP_{k+1}) < 0: neg (182) | P < 0: neg (357)  => (SMset)_43 CERTIFIED  [1.5 s]
k=44  c = y_{k+1} = 2 pi 131  prec  2000:  W_2(PP_k) < 0 on (c,inf): neg (182 coeffs) | W_2(PP_{k+1}) < 0: neg (186) | P < 0: neg (365)  => (SMset)_44 CERTIFIED  [1.6 s]
k=45  c = y_{k+1} = 2 pi 137  prec  2000:  W_2(PP_k) < 0 on (c,inf): neg (186 coeffs) | W_2(PP_{k+1}) < 0: neg (190) | P < 0: neg (373)  => (SMset)_45 CERTIFIED  [1.7 s]
k=46  c = y_{k+1} = 2 pi 139  prec  2000:  W_2(PP_k) < 0 on (c,inf): neg (190 coeffs) | W_2(PP_{k+1}) < 0: neg (194) | P < 0: neg (381)  => (SMset)_46 CERTIFIED  [1.8 s]
k=47  c = y_{k+1} = 2 pi 149  prec  2000:  W_2(PP_k) < 0 on (c,inf): neg (194 coeffs) | W_2(PP_{k+1}) < 0: neg (198) | P < 0: neg (389)  => (SMset)_47 CERTIFIED  [1.9 s]
k=48  c = y_{k+1} = 2 pi 151  prec  2000:  W_2(PP_k) < 0 on (c,inf): neg (198 coeffs) | W_2(PP_{k+1}) < 0: neg (202) | P < 0: neg (397)  => (SMset)_48 CERTIFIED  [2.0 s]
k=49  c = y_{k+1} = 2 pi 157  prec  2000:  W_2(PP_k) < 0 on (c,inf): neg (202 coeffs) | W_2(PP_{k+1}) < 0: neg (206) | P < 0: neg (405)  => (SMset)_49 CERTIFIED  [2.2 s]
k=50  c = y_{k+1} = 2 pi 163  prec  2000:  W_2(PP_k) < 0 on (c,inf): neg (206 coeffs) | W_2(PP_{k+1}) < 0: neg (210) | P < 0: neg (413)  => (SMset)_50 CERTIFIED  [2.3 s]
k=51  c = y_{k+1} = 2 pi 167  prec  2000:  W_2(PP_k) < 0 on (c,inf): neg (210 coeffs) | W_2(PP_{k+1}) < 0: neg (214) | P < 0: neg (421)  => (SMset)_51 CERTIFIED  [2.4 s]
k=52  c = y_{k+1} = 2 pi 169  prec  2000:  W_2(PP_k) < 0 on (c,inf): neg (214 coeffs) | W_2(PP_{k+1}) < 0: neg (218) | P < 0: neg (429)  => (SMset)_52 CERTIFIED  [2.5 s]
k=53  c = y_{k+1} = 2 pi 173  prec  2000:  W_2(PP_k) < 0 on (c,inf): neg (218 coeffs) | W_2(PP_{k+1}) < 0: neg (222) | P < 0: neg (437)  => (SMset)_53 CERTIFIED  [2.6 s]
k=54  c = y_{k+1} = 2 pi 179  prec  4000:  W_2(PP_k) < 0 on (c,inf): neg (222 coeffs) | W_2(PP_{k+1}) < 0: neg (226) | P < 0: neg (445)  => (SMset)_54 CERTIFIED  [7.1 s]
k=55  c = y_{k+1} = 2 pi 181  prec  4000:  W_2(PP_k) < 0 on (c,inf): neg (226 coeffs) | W_2(PP_{k+1}) < 0: neg (230) | P < 0: neg (453)  => (SMset)_55 CERTIFIED  [7.5 s]
k=56  c = y_{k+1} = 2 pi 191  prec  4000:  W_2(PP_k) < 0 on (c,inf): neg (230 coeffs) | W_2(PP_{k+1}) < 0: neg (234) | P < 0: neg (461)  => (SMset)_56 CERTIFIED  [7.9 s]
k=57  c = y_{k+1} = 2 pi 193  prec  4000:  W_2(PP_k) < 0 on (c,inf): neg (234 coeffs) | W_2(PP_{k+1}) < 0: neg (238) | P < 0: neg (469)  => (SMset)_57 CERTIFIED  [8.2 s]
k=58  c = y_{k+1} = 2 pi 197  prec  4000:  W_2(PP_k) < 0 on (c,inf): neg (238 coeffs) | W_2(PP_{k+1}) < 0: neg (242) | P < 0: neg (477)  => (SMset)_58 CERTIFIED  [8.6 s]
k=59  c = y_{k+1} = 2 pi 199  prec  4000:  W_2(PP_k) < 0 on (c,inf): neg (242 coeffs) | W_2(PP_{k+1}) < 0: neg (246) | P < 0: neg (485)  => (SMset)_59 CERTIFIED  [9.1 s]
k=60  c = y_{k+1} = 2 pi 211  prec  4000:  W_2(PP_k) < 0 on (c,inf): neg (246 coeffs) | W_2(PP_{k+1}) < 0: neg (250) | P < 0: neg (493)  => (SMset)_60 CERTIFIED  [9.5 s]
ALL CERTIFIED: (SMset)_k with (N) for every x > y_{k+1}, k = 1..60
# exit code 0; wall time 119.5 s
