# command : python toy/ap/verify_ap.py toy/ap/params/ap_delta005.json 1 80
# date    : 2026-10-06T15:41:17Z
# system  : Linux x86_64, 16 visible cores
# python  : 3.10.12 | python-flint 0.9.0 | mpmath 1.3.0
(AP+) certificate, exact rational arithmetic
parameter file toy/ap/params/ap_delta005.json  sha256 8154e4dd3a63096e6626be846752083bde36b5c5c26267db59506145d4175235
c = 1 + delta = 21/20, nodes y*_K = c(8K - 5), J = 1..80
J= 1  (N) ok  exact division ok  R_J > 0 (all 3 coefficients) ok  p_2J > 0 ok  identities ok  r_1/r_0 >= 3.17412786345e-1  [0.0 s]
J= 2  (N) ok  exact division ok  R_J > 0 (all 5 coefficients) ok  p_2J > 0 ok  identities ok  r_1/r_0 >= 3.45552125134e-1  [0.0 s]
J= 3  (N) ok  exact division ok  R_J > 0 (all 7 coefficients) ok  p_2J > 0 ok  identities ok  r_1/r_0 >= 4.72145498696e-1  [0.0 s]
J= 4  (N) ok  exact division ok  R_J > 0 (all 9 coefficients) ok  p_2J > 0 ok  identities ok  r_1/r_0 >= 5.45881555925e-1  [0.0 s]
J= 5  (N) ok  exact division ok  R_J > 0 (all 11 coefficients) ok  p_2J > 0 ok  identities ok  r_1/r_0 >= 6.01069909002e-1  [0.0 s]
J= 6  (N) ok  exact division ok  R_J > 0 (all 13 coefficients) ok  p_2J > 0 ok  identities ok  r_1/r_0 >= 6.45623722179e-1  [0.0 s]
J= 7  (N) ok  exact division ok  R_J > 0 (all 15 coefficients) ok  p_2J > 0 ok  identities ok  r_1/r_0 >= 6.83080936409e-1  [0.0 s]
J= 8  (N) ok  exact division ok  R_J > 0 (all 17 coefficients) ok  p_2J > 0 ok  identities ok  r_1/r_0 >= 7.15418423155e-1  [0.0 s]
J= 9  (N) ok  exact division ok  R_J > 0 (all 19 coefficients) ok  p_2J > 0 ok  identities ok  r_1/r_0 >= 7.43876692725e-1  [0.0 s]
J=10  (N) ok  exact division ok  R_J > 0 (all 21 coefficients) ok  p_2J > 0 ok  identities ok  r_1/r_0 >= 7.69290507066e-1  [0.0 s]
J=11  (N) ok  exact division ok  R_J > 0 (all 23 coefficients) ok  p_2J > 0 ok  identities ok  r_1/r_0 >= 7.92250010129e-1  [0.0 s]
J=12  (N) ok  exact division ok  R_J > 0 (all 25 coefficients) ok  p_2J > 0 ok  identities ok  r_1/r_0 >= 8.13188347356e-1  [0.0 s]
J=13  (N) ok  exact division ok  R_J > 0 (all 27 coefficients) ok  p_2J > 0 ok  identities ok  r_1/r_0 >= 8.32433034339e-1  [0.0 s]
J=14  (N) ok  exact division ok  R_J > 0 (all 29 coefficients) ok  p_2J > 0 ok  identities ok  r_1/r_0 >= 8.50237814388e-1  [0.0 s]
J=15  (N) ok  exact division ok  R_J > 0 (all 31 coefficients) ok  p_2J > 0 ok  identities ok  r_1/r_0 >= 8.66803311122e-1  [0.0 s]
J=16  (N) ok  exact division ok  R_J > 0 (all 33 coefficients) ok  p_2J > 0 ok  identities ok  r_1/r_0 >= 8.82290910317e-1  [0.0 s]
J=17  (N) ok  exact division ok  R_J > 0 (all 35 coefficients) ok  p_2J > 0 ok  identities ok  r_1/r_0 >= 8.96832377420e-1  [0.0 s]
J=18  (N) ok  exact division ok  R_J > 0 (all 37 coefficients) ok  p_2J > 0 ok  identities ok  r_1/r_0 >= 9.10536694658e-1  [0.0 s]
J=19  (N) ok  exact division ok  R_J > 0 (all 39 coefficients) ok  p_2J > 0 ok  identities ok  r_1/r_0 >= 9.23495031018e-1  [0.0 s]
J=20  (N) ok  exact division ok  R_J > 0 (all 41 coefficients) ok  p_2J > 0 ok  identities ok  r_1/r_0 >= 9.35784425987e-1  [0.0 s]
J=21  (N) ok  exact division ok  R_J > 0 (all 43 coefficients) ok  p_2J > 0 ok  identities ok  r_1/r_0 >= 9.47470567232e-1  [0.0 s]
J=22  (N) ok  exact division ok  R_J > 0 (all 45 coefficients) ok  p_2J > 0 ok  identities ok  r_1/r_0 >= 9.58609917307e-1  [0.1 s]
J=23  (N) ok  exact division ok  R_J > 0 (all 47 coefficients) ok  p_2J > 0 ok  identities ok  r_1/r_0 >= 9.69251364376e-1  [0.1 s]
J=24  (N) ok  exact division ok  R_J > 0 (all 49 coefficients) ok  p_2J > 0 ok  identities ok  r_1/r_0 >= 9.79437519391e-1  [0.1 s]
J=25  (N) ok  exact division ok  R_J > 0 (all 51 coefficients) ok  p_2J > 0 ok  identities ok  r_1/r_0 >= 9.89205746884e-1  [0.1 s]
J=26  (N) ok  exact division ok  R_J > 0 (all 53 coefficients) ok  p_2J > 0 ok  identities ok  r_1/r_0 >= 9.98588992462e-1  [0.1 s]
J=27  (N) ok  exact division ok  R_J > 0 (all 55 coefficients) ok  p_2J > 0 ok  identities ok  r_1/r_0 >= 1.00761645330e+0  [0.1 s]
J=28  (N) ok  exact division ok  R_J > 0 (all 57 coefficients) ok  p_2J > 0 ok  identities ok  r_1/r_0 >= 1.01631412612e+0  [0.2 s]
J=29  (N) ok  exact division ok  R_J > 0 (all 59 coefficients) ok  p_2J > 0 ok  identities ok  r_1/r_0 >= 1.02470525846e+0  [0.2 s]
J=30  (N) ok  exact division ok  R_J > 0 (all 61 coefficients) ok  p_2J > 0 ok  identities ok  r_1/r_0 >= 1.03281072323e+0  [0.2 s]
J=31  (N) ok  exact division ok  R_J > 0 (all 63 coefficients) ok  p_2J > 0 ok  identities ok  r_1/r_0 >= 1.04064933145e+0  [0.3 s]
J=32  (N) ok  exact division ok  R_J > 0 (all 65 coefficients) ok  p_2J > 0 ok  identities ok  r_1/r_0 >= 1.04823809521e+0  [0.3 s]
J=33  (N) ok  exact division ok  R_J > 0 (all 67 coefficients) ok  p_2J > 0 ok  identities ok  r_1/r_0 >= 1.05559245000e+0  [0.3 s]
J=34  (N) ok  exact division ok  R_J > 0 (all 69 coefficients) ok  p_2J > 0 ok  identities ok  r_1/r_0 >= 1.06272644367e+0  [0.4 s]
J=35  (N) ok  exact division ok  R_J > 0 (all 71 coefficients) ok  p_2J > 0 ok  identities ok  r_1/r_0 >= 1.06965289794e+0  [0.5 s]
J=36  (N) ok  exact division ok  R_J > 0 (all 73 coefficients) ok  p_2J > 0 ok  identities ok  r_1/r_0 >= 1.07638354709e+0  [0.5 s]
J=37  (N) ok  exact division ok  R_J > 0 (all 75 coefficients) ok  p_2J > 0 ok  identities ok  r_1/r_0 >= 1.08292915753e+0  [0.6 s]
J=38  (N) ok  exact division ok  R_J > 0 (all 77 coefficients) ok  p_2J > 0 ok  identities ok  r_1/r_0 >= 1.08929963141e+0  [0.6 s]
J=39  (N) ok  exact division ok  R_J > 0 (all 79 coefficients) ok  p_2J > 0 ok  identities ok  r_1/r_0 >= 1.09550409670e+0  [0.7 s]
J=40  (N) ok  exact division ok  R_J > 0 (all 81 coefficients) ok  p_2J > 0 ok  identities ok  r_1/r_0 >= 1.10155098589e+0  [1.0 s]
J=41  (N) ok  exact division ok  R_J > 0 (all 83 coefficients) ok  p_2J > 0 ok  identities ok  r_1/r_0 >= 1.10744810485e+0  [1.1 s]
J=42  (N) ok  exact division ok  R_J > 0 (all 85 coefficients) ok  p_2J > 0 ok  identities ok  r_1/r_0 >= 1.11320269345e+0  [1.1 s]
J=43  (N) ok  exact division ok  R_J > 0 (all 87 coefficients) ok  p_2J > 0 ok  identities ok  r_1/r_0 >= 1.11882147894e+0  [1.2 s]
J=44  (N) ok  exact division ok  R_J > 0 (all 89 coefficients) ok  p_2J > 0 ok  identities ok  r_1/r_0 >= 1.12431072332e+0  [1.3 s]
J=45  (N) ok  exact division ok  R_J > 0 (all 91 coefficients) ok  p_2J > 0 ok  identities ok  r_1/r_0 >= 1.12967626517e+0  [1.5 s]
J=46  (N) ok  exact division ok  R_J > 0 (all 93 coefficients) ok  p_2J > 0 ok  identities ok  r_1/r_0 >= 1.13492355707e+0  [1.5 s]
J=47  (N) ok  exact division ok  R_J > 0 (all 95 coefficients) ok  p_2J > 0 ok  identities ok  r_1/r_0 >= 1.14005769885e+0  [2.1 s]
J=48  (N) ok  exact division ok  R_J > 0 (all 97 coefficients) ok  p_2J > 0 ok  identities ok  r_1/r_0 >= 1.14508346737e+0  [2.2 s]
J=49  (N) ok  exact division ok  R_J > 0 (all 99 coefficients) ok  p_2J > 0 ok  identities ok  r_1/r_0 >= 1.15000534327e+0  [2.4 s]
J=50  (N) ok  exact division ok  R_J > 0 (all 101 coefficients) ok  p_2J > 0 ok  identities ok  r_1/r_0 >= 1.15482753492e+0  [2.5 s]
J=51  (N) ok  exact division ok  R_J > 0 (all 103 coefficients) ok  p_2J > 0 ok  identities ok  r_1/r_0 >= 1.15955400006e+0  [2.7 s]
J=52  (N) ok  exact division ok  R_J > 0 (all 105 coefficients) ok  p_2J > 0 ok  identities ok  r_1/r_0 >= 1.16418846532e+0  [2.9 s]
J=53  (N) ok  exact division ok  R_J > 0 (all 107 coefficients) ok  p_2J > 0 ok  identities ok  r_1/r_0 >= 1.16873444387e+0  [3.1 s]
J=54  (N) ok  exact division ok  R_J > 0 (all 109 coefficients) ok  p_2J > 0 ok  identities ok  r_1/r_0 >= 1.17319525141e+0  [3.3 s]
J=55  (N) ok  exact division ok  R_J > 0 (all 111 coefficients) ok  p_2J > 0 ok  identities ok  r_1/r_0 >= 1.17757402070e+0  [4.3 s]
J=56  (N) ok  exact division ok  R_J > 0 (all 113 coefficients) ok  p_2J > 0 ok  identities ok  r_1/r_0 >= 1.18187371478e+0  [4.7 s]
J=57  (N) ok  exact division ok  R_J > 0 (all 115 coefficients) ok  p_2J > 0 ok  identities ok  r_1/r_0 >= 1.18609713901e+0  [5.0 s]
J=58  (N) ok  exact division ok  R_J > 0 (all 117 coefficients) ok  p_2J > 0 ok  identities ok  r_1/r_0 >= 1.19024695205e+0  [5.3 s]
J=59  (N) ok  exact division ok  R_J > 0 (all 119 coefficients) ok  p_2J > 0 ok  identities ok  r_1/r_0 >= 1.19432567594e+0  [5.7 s]
J=60  (N) ok  exact division ok  R_J > 0 (all 121 coefficients) ok  p_2J > 0 ok  identities ok  r_1/r_0 >= 1.19833570528e+0  [6.0 s]
J=61  (N) ok  exact division ok  R_J > 0 (all 123 coefficients) ok  p_2J > 0 ok  identities ok  r_1/r_0 >= 1.20227931569e+0  [6.2 s]
J=62  (N) ok  exact division ok  R_J > 0 (all 125 coefficients) ok  p_2J > 0 ok  identities ok  r_1/r_0 >= 1.20615867154e+0  [6.5 s]
J=63  (N) ok  exact division ok  R_J > 0 (all 127 coefficients) ok  p_2J > 0 ok  identities ok  r_1/r_0 >= 1.20997583311e+0  [6.8 s]
J=64  (N) ok  exact division ok  R_J > 0 (all 129 coefficients) ok  p_2J > 0 ok  identities ok  r_1/r_0 >= 1.21373276316e+0  [9.0 s]
J=65  (N) ok  exact division ok  R_J > 0 (all 131 coefficients) ok  p_2J > 0 ok  identities ok  r_1/r_0 >= 1.21743133297e+0  [9.2 s]
J=66  (N) ok  exact division ok  R_J > 0 (all 133 coefficients) ok  p_2J > 0 ok  identities ok  r_1/r_0 >= 1.22107332795e+0  [9.9 s]
J=67  (N) ok  exact division ok  R_J > 0 (all 135 coefficients) ok  p_2J > 0 ok  identities ok  r_1/r_0 >= 1.22466045281e+0  [10.2 s]
J=68  (N) ok  exact division ok  R_J > 0 (all 137 coefficients) ok  p_2J > 0 ok  identities ok  r_1/r_0 >= 1.22819433635e+0  [10.8 s]
J=69  (N) ok  exact division ok  R_J > 0 (all 139 coefficients) ok  p_2J > 0 ok  identities ok  r_1/r_0 >= 1.23167653593e+0  [11.5 s]
J=70  (N) ok  exact division ok  R_J > 0 (all 141 coefficients) ok  p_2J > 0 ok  identities ok  r_1/r_0 >= 1.23510854153e+0  [11.9 s]
J=71  (N) ok  exact division ok  R_J > 0 (all 143 coefficients) ok  p_2J > 0 ok  identities ok  r_1/r_0 >= 1.23849177963e+0  [12.8 s]
J=72  (N) ok  exact division ok  R_J > 0 (all 145 coefficients) ok  p_2J > 0 ok  identities ok  r_1/r_0 >= 1.24182761675e+0  [12.9 s]
J=73  (N) ok  exact division ok  R_J > 0 (all 147 coefficients) ok  p_2J > 0 ok  identities ok  r_1/r_0 >= 1.24511736277e+0  [15.0 s]
J=74  (N) ok  exact division ok  R_J > 0 (all 149 coefficients) ok  p_2J > 0 ok  identities ok  r_1/r_0 >= 1.24836227401e+0  [14.7 s]
J=75  (N) ok  exact division ok  R_J > 0 (all 151 coefficients) ok  p_2J > 0 ok  identities ok  r_1/r_0 >= 1.25156355612e+0  [19.8 s]
J=76  (N) ok  exact division ok  R_J > 0 (all 153 coefficients) ok  p_2J > 0 ok  identities ok  r_1/r_0 >= 1.25472236676e+0  [20.4 s]
J=77  (N) ok  exact division ok  R_J > 0 (all 155 coefficients) ok  p_2J > 0 ok  identities ok  r_1/r_0 >= 1.25783981811e+0  [21.5 s]
J=78  (N) ok  exact division ok  R_J > 0 (all 157 coefficients) ok  p_2J > 0 ok  identities ok  r_1/r_0 >= 1.26091697923e+0  [21.9 s]
J=79  (N) ok  exact division ok  R_J > 0 (all 159 coefficients) ok  p_2J > 0 ok  identities ok  r_1/r_0 >= 1.26395487828e+0  [22.9 s]
J=80  (N) ok  exact division ok  R_J > 0 (all 161 coefficients) ok  p_2J > 0 ok  identities ok  r_1/r_0 >= 1.26695450453e+0  [25.0 s]
ALL CERTIFIED: (N), p_2J > 0 and (AP+)_J at delta = 1/20 for J = 1..80
# exit code 0; wall time 345.9 s
