# command : python toy/ap/verify_halfstep.py toy/ap/params/ap_delta005.json 1 90
# date    : 2026-10-06T15:22:05Z
# system  : Linux x86_64, 16 visible cores
# python  : 3.10.12 | python-flint 0.9.0 | mpmath 1.3.0
(B) half-step cofactor certificate, exact rational arithmetic
parameter file toy/ap/params/ap_delta005.json  sha256 8154e4dd3a63096e6626be846752083bde36b5c5c26267db59506145d4175235
c = 1 + delta = 21/20, nodes y*_K = c(8K - 5), J = 1..90
J= 1  regular ok  exact division, monic ok  T_J > 0 (all 2 coefficients) ok  T_J(y*_J) > 0 ok  [0.0 s]
J= 2  regular ok  exact division, monic ok  T_J > 0 (all 4 coefficients) ok  T_J(y*_J) > 0 ok  [0.0 s]
J= 3  regular ok  exact division, monic ok  T_J > 0 (all 6 coefficients) ok  T_J(y*_J) > 0 ok  [0.0 s]
J= 4  regular ok  exact division, monic ok  T_J > 0 (all 8 coefficients) ok  T_J(y*_J) > 0 ok  [0.0 s]
J= 5  regular ok  exact division, monic ok  T_J > 0 (all 10 coefficients) ok  T_J(y*_J) > 0 ok  [0.0 s]
J= 6  regular ok  exact division, monic ok  T_J > 0 (all 12 coefficients) ok  T_J(y*_J) > 0 ok  [0.0 s]
J= 7  regular ok  exact division, monic ok  T_J > 0 (all 14 coefficients) ok  T_J(y*_J) > 0 ok  [0.0 s]
J= 8  regular ok  exact division, monic ok  T_J > 0 (all 16 coefficients) ok  T_J(y*_J) > 0 ok  [0.0 s]
J= 9  regular ok  exact division, monic ok  T_J > 0 (all 18 coefficients) ok  T_J(y*_J) > 0 ok  [0.0 s]
J=10  regular ok  exact division, monic ok  T_J > 0 (all 20 coefficients) ok  T_J(y*_J) > 0 ok  [0.0 s]
J=11  regular ok  exact division, monic ok  T_J > 0 (all 22 coefficients) ok  T_J(y*_J) > 0 ok  [0.0 s]
J=12  regular ok  exact division, monic ok  T_J > 0 (all 24 coefficients) ok  T_J(y*_J) > 0 ok  [0.0 s]
J=13  regular ok  exact division, monic ok  T_J > 0 (all 26 coefficients) ok  T_J(y*_J) > 0 ok  [0.0 s]
J=14  regular ok  exact division, monic ok  T_J > 0 (all 28 coefficients) ok  T_J(y*_J) > 0 ok  [0.0 s]
J=15  regular ok  exact division, monic ok  T_J > 0 (all 30 coefficients) ok  T_J(y*_J) > 0 ok  [0.0 s]
J=16  regular ok  exact division, monic ok  T_J > 0 (all 32 coefficients) ok  T_J(y*_J) > 0 ok  [0.0 s]
J=17  regular ok  exact division, monic ok  T_J > 0 (all 34 coefficients) ok  T_J(y*_J) > 0 ok  [0.0 s]
J=18  regular ok  exact division, monic ok  T_J > 0 (all 36 coefficients) ok  T_J(y*_J) > 0 ok  [0.0 s]
J=19  regular ok  exact division, monic ok  T_J > 0 (all 38 coefficients) ok  T_J(y*_J) > 0 ok  [0.0 s]
J=20  regular ok  exact division, monic ok  T_J > 0 (all 40 coefficients) ok  T_J(y*_J) > 0 ok  [0.0 s]
J=21  regular ok  exact division, monic ok  T_J > 0 (all 42 coefficients) ok  T_J(y*_J) > 0 ok  [0.0 s]
J=22  regular ok  exact division, monic ok  T_J > 0 (all 44 coefficients) ok  T_J(y*_J) > 0 ok  [0.1 s]
J=23  regular ok  exact division, monic ok  T_J > 0 (all 46 coefficients) ok  T_J(y*_J) > 0 ok  [0.1 s]
J=24  regular ok  exact division, monic ok  T_J > 0 (all 48 coefficients) ok  T_J(y*_J) > 0 ok  [0.1 s]
J=25  regular ok  exact division, monic ok  T_J > 0 (all 50 coefficients) ok  T_J(y*_J) > 0 ok  [0.1 s]
J=26  regular ok  exact division, monic ok  T_J > 0 (all 52 coefficients) ok  T_J(y*_J) > 0 ok  [0.1 s]
J=27  regular ok  exact division, monic ok  T_J > 0 (all 54 coefficients) ok  T_J(y*_J) > 0 ok  [0.1 s]
J=28  regular ok  exact division, monic ok  T_J > 0 (all 56 coefficients) ok  T_J(y*_J) > 0 ok  [0.1 s]
J=29  regular ok  exact division, monic ok  T_J > 0 (all 58 coefficients) ok  T_J(y*_J) > 0 ok  [0.2 s]
J=30  regular ok  exact division, monic ok  T_J > 0 (all 60 coefficients) ok  T_J(y*_J) > 0 ok  [0.2 s]
J=31  regular ok  exact division, monic ok  T_J > 0 (all 62 coefficients) ok  T_J(y*_J) > 0 ok  [0.2 s]
J=32  regular ok  exact division, monic ok  T_J > 0 (all 64 coefficients) ok  T_J(y*_J) > 0 ok  [0.3 s]
J=33  regular ok  exact division, monic ok  T_J > 0 (all 66 coefficients) ok  T_J(y*_J) > 0 ok  [0.3 s]
J=34  regular ok  exact division, monic ok  T_J > 0 (all 68 coefficients) ok  T_J(y*_J) > 0 ok  [0.4 s]
J=35  regular ok  exact division, monic ok  T_J > 0 (all 70 coefficients) ok  T_J(y*_J) > 0 ok  [0.4 s]
J=36  regular ok  exact division, monic ok  T_J > 0 (all 72 coefficients) ok  T_J(y*_J) > 0 ok  [0.5 s]
J=37  regular ok  exact division, monic ok  T_J > 0 (all 74 coefficients) ok  T_J(y*_J) > 0 ok  [0.5 s]
J=38  regular ok  exact division, monic ok  T_J > 0 (all 76 coefficients) ok  T_J(y*_J) > 0 ok  [0.6 s]
J=39  regular ok  exact division, monic ok  T_J > 0 (all 78 coefficients) ok  T_J(y*_J) > 0 ok  [0.7 s]
J=40  regular ok  exact division, monic ok  T_J > 0 (all 80 coefficients) ok  T_J(y*_J) > 0 ok  [0.9 s]
J=41  regular ok  exact division, monic ok  T_J > 0 (all 82 coefficients) ok  T_J(y*_J) > 0 ok  [1.0 s]
J=42  regular ok  exact division, monic ok  T_J > 0 (all 84 coefficients) ok  T_J(y*_J) > 0 ok  [1.1 s]
J=43  regular ok  exact division, monic ok  T_J > 0 (all 86 coefficients) ok  T_J(y*_J) > 0 ok  [1.1 s]
J=44  regular ok  exact division, monic ok  T_J > 0 (all 88 coefficients) ok  T_J(y*_J) > 0 ok  [1.2 s]
J=45  regular ok  exact division, monic ok  T_J > 0 (all 90 coefficients) ok  T_J(y*_J) > 0 ok  [1.3 s]
J=46  regular ok  exact division, monic ok  T_J > 0 (all 92 coefficients) ok  T_J(y*_J) > 0 ok  [1.4 s]
J=47  regular ok  exact division, monic ok  T_J > 0 (all 94 coefficients) ok  T_J(y*_J) > 0 ok  [1.9 s]
J=48  regular ok  exact division, monic ok  T_J > 0 (all 96 coefficients) ok  T_J(y*_J) > 0 ok  [2.1 s]
J=49  regular ok  exact division, monic ok  T_J > 0 (all 98 coefficients) ok  T_J(y*_J) > 0 ok  [2.2 s]
J=50  regular ok  exact division, monic ok  T_J > 0 (all 100 coefficients) ok  T_J(y*_J) > 0 ok  [2.3 s]
J=51  regular ok  exact division, monic ok  T_J > 0 (all 102 coefficients) ok  T_J(y*_J) > 0 ok  [2.5 s]
J=52  regular ok  exact division, monic ok  T_J > 0 (all 104 coefficients) ok  T_J(y*_J) > 0 ok  [2.7 s]
J=53  regular ok  exact division, monic ok  T_J > 0 (all 106 coefficients) ok  T_J(y*_J) > 0 ok  [2.8 s]
J=54  regular ok  exact division, monic ok  T_J > 0 (all 108 coefficients) ok  T_J(y*_J) > 0 ok  [3.1 s]
J=55  regular ok  exact division, monic ok  T_J > 0 (all 110 coefficients) ok  T_J(y*_J) > 0 ok  [4.0 s]
J=56  regular ok  exact division, monic ok  T_J > 0 (all 112 coefficients) ok  T_J(y*_J) > 0 ok  [4.3 s]
J=57  regular ok  exact division, monic ok  T_J > 0 (all 114 coefficients) ok  T_J(y*_J) > 0 ok  [4.6 s]
J=58  regular ok  exact division, monic ok  T_J > 0 (all 116 coefficients) ok  T_J(y*_J) > 0 ok  [4.8 s]
J=59  regular ok  exact division, monic ok  T_J > 0 (all 118 coefficients) ok  T_J(y*_J) > 0 ok  [5.1 s]
J=60  regular ok  exact division, monic ok  T_J > 0 (all 120 coefficients) ok  T_J(y*_J) > 0 ok  [5.3 s]
J=61  regular ok  exact division, monic ok  T_J > 0 (all 122 coefficients) ok  T_J(y*_J) > 0 ok  [5.6 s]
J=62  regular ok  exact division, monic ok  T_J > 0 (all 124 coefficients) ok  T_J(y*_J) > 0 ok  [6.0 s]
J=63  regular ok  exact division, monic ok  T_J > 0 (all 126 coefficients) ok  T_J(y*_J) > 0 ok  [6.2 s]
J=64  regular ok  exact division, monic ok  T_J > 0 (all 128 coefficients) ok  T_J(y*_J) > 0 ok  [8.3 s]
J=65  regular ok  exact division, monic ok  T_J > 0 (all 130 coefficients) ok  T_J(y*_J) > 0 ok  [8.6 s]
J=66  regular ok  exact division, monic ok  T_J > 0 (all 132 coefficients) ok  T_J(y*_J) > 0 ok  [9.2 s]
J=67  regular ok  exact division, monic ok  T_J > 0 (all 134 coefficients) ok  T_J(y*_J) > 0 ok  [9.6 s]
J=68  regular ok  exact division, monic ok  T_J > 0 (all 136 coefficients) ok  T_J(y*_J) > 0 ok  [10.3 s]
J=69  regular ok  exact division, monic ok  T_J > 0 (all 138 coefficients) ok  T_J(y*_J) > 0 ok  [10.7 s]
J=70  regular ok  exact division, monic ok  T_J > 0 (all 140 coefficients) ok  T_J(y*_J) > 0 ok  [11.2 s]
J=71  regular ok  exact division, monic ok  T_J > 0 (all 142 coefficients) ok  T_J(y*_J) > 0 ok  [11.8 s]
J=72  regular ok  exact division, monic ok  T_J > 0 (all 144 coefficients) ok  T_J(y*_J) > 0 ok  [12.4 s]
J=73  regular ok  exact division, monic ok  T_J > 0 (all 146 coefficients) ok  T_J(y*_J) > 0 ok  [14.0 s]
J=74  regular ok  exact division, monic ok  T_J > 0 (all 148 coefficients) ok  T_J(y*_J) > 0 ok  [14.2 s]
J=75  regular ok  exact division, monic ok  T_J > 0 (all 150 coefficients) ok  T_J(y*_J) > 0 ok  [18.6 s]
J=76  regular ok  exact division, monic ok  T_J > 0 (all 152 coefficients) ok  T_J(y*_J) > 0 ok  [19.4 s]
J=77  regular ok  exact division, monic ok  T_J > 0 (all 154 coefficients) ok  T_J(y*_J) > 0 ok  [20.4 s]
J=78  regular ok  exact division, monic ok  T_J > 0 (all 156 coefficients) ok  T_J(y*_J) > 0 ok  [20.8 s]
J=79  regular ok  exact division, monic ok  T_J > 0 (all 158 coefficients) ok  T_J(y*_J) > 0 ok  [21.7 s]
J=80  regular ok  exact division, monic ok  T_J > 0 (all 160 coefficients) ok  T_J(y*_J) > 0 ok  [22.9 s]
J=81  regular ok  exact division, monic ok  T_J > 0 (all 162 coefficients) ok  T_J(y*_J) > 0 ok  [22.9 s]
J=82  regular ok  exact division, monic ok  T_J > 0 (all 164 coefficients) ok  T_J(y*_J) > 0 ok  [24.4 s]
J=83  regular ok  exact division, monic ok  T_J > 0 (all 166 coefficients) ok  T_J(y*_J) > 0 ok  [25.5 s]
J=84  regular ok  exact division, monic ok  T_J > 0 (all 168 coefficients) ok  T_J(y*_J) > 0 ok  [27.1 s]
J=85  regular ok  exact division, monic ok  T_J > 0 (all 170 coefficients) ok  T_J(y*_J) > 0 ok  [28.9 s]
J=86  regular ok  exact division, monic ok  T_J > 0 (all 172 coefficients) ok  T_J(y*_J) > 0 ok  [30.1 s]
J=87  regular ok  exact division, monic ok  T_J > 0 (all 174 coefficients) ok  T_J(y*_J) > 0 ok  [31.8 s]
J=88  regular ok  exact division, monic ok  T_J > 0 (all 176 coefficients) ok  T_J(y*_J) > 0 ok  [50.0 s]
J=89  regular ok  exact division, monic ok  T_J > 0 (all 178 coefficients) ok  T_J(y*_J) > 0 ok  [48.8 s]
J=90  regular ok  exact division, monic ok  T_J > 0 (all 180 coefficients) ok  T_J(y*_J) > 0 ok  [52.2 s]
ALL CERTIFIED: (B)_J (half-step cofactor T_J > 0, T_J(y*_J) > 0) at delta = 1/20 for J = 1..90
# exit code 0; wall time 664.9 s
