# command : rm -rf .lake/build && nice -n 10 taskset -c 8-15 lake build   (clean build of this project; Mathlib/Zeta23 prebuilt, only replayed)
# date    : 2026-10-06T22:55:18Z
⚠ [8699/8741] Replayed Zeta23.Statement
warning: Zeta23/Statement.lean:148:30: `Set.mem_setOf_eq` has been deprecated: Use `Set.mem_ofPred_eq` instead
⚠ [8700/8741] Replayed Zeta23.Statement.Seam
warning: Zeta23/Statement/Seam.lean:59:13: `ENat.toNat_coe` has been deprecated: Use `ENat.toNat_natCast` instead
⚠ [8701/8741] Replayed Zeta23.ZetaReflect
warning: Zeta23/ZetaReflect.lean:91:17: `Set.mem_setOf_eq` has been deprecated: Use `Set.mem_ofPred_eq` instead
⚠ [8715/8741] Replayed Zeta23.Tail
warning: Zeta23/Tail.lean:290:13: `Set.mem_setOf_eq` has been deprecated: Use `Set.mem_ofPred_eq` instead
warning: Zeta23/Tail.lean:399:17: `Set.mem_setOf_eq` has been deprecated: Use `Set.mem_ofPred_eq` instead
⚠ [8718/8741] Replayed Zeta23.FromPNTPlus.StrongPNTPrefix
warning: Zeta23/FromPNTPlus/StrongPNTPrefix.lean:61:71: `Set.mem_setOf_eq` has been deprecated: Use `Set.mem_ofPred_eq` instead
warning: Zeta23/FromPNTPlus/StrongPNTPrefix.lean:202:9: `Set.setOf_subset_setOf` has been deprecated: Use `Set.ofPred_subset_ofPred` instead
warning: Zeta23/FromPNTPlus/StrongPNTPrefix.lean:343:10: `Set.notMem_setOf_iff` has been deprecated: Use `Set.notMem_ofPred_iff` instead
warning: Zeta23/FromPNTPlus/StrongPNTPrefix.lean:368:48: `Set.mem_setOf_eq` has been deprecated: Use `Set.mem_ofPred_eq` instead
warning: Zeta23/FromPNTPlus/StrongPNTPrefix.lean:390:10: `Set.notMem_setOf_iff` has been deprecated: Use `Set.notMem_ofPred_iff` instead
warning: Zeta23/FromPNTPlus/StrongPNTPrefix.lean:432:48: `Set.mem_setOf_eq` has been deprecated: Use `Set.mem_ofPred_eq` instead
⚠ [8728/8785] Replayed Zeta23.FromPNTPlus.ZetaBounds
warning: Zeta23/FromPNTPlus/ZetaBounds.lean:859:13: `Set.mem_setOf_eq` has been deprecated: Use `Set.mem_ofPred_eq` instead
warning: Zeta23/FromPNTPlus/ZetaBounds.lean:952:13: `Set.mem_setOf_eq` has been deprecated: Use `Set.mem_ofPred_eq` instead
warning: Zeta23/FromPNTPlus/ZetaBounds.lean:1092:13: `Set.mem_setOf_eq` has been deprecated: Use `Set.mem_ofPred_eq` instead
warning: Zeta23/FromPNTPlus/ZetaBounds.lean:1099:32: `Set.mem_setOf_eq` has been deprecated: Use `Set.mem_ofPred_eq` instead
warning: Zeta23/FromPNTPlus/ZetaBounds.lean:1105:56: `Set.preimage_setOf_eq` has been deprecated: Use `Set.preimage_ofPred_eq` instead
warning: Zeta23/FromPNTPlus/ZetaBounds.lean:1115:56: `Set.preimage_setOf_eq` has been deprecated: Use `Set.preimage_ofPred_eq` instead
warning: Zeta23/FromPNTPlus/ZetaBounds.lean:1119:17: `Set.mem_setOf_eq` has been deprecated: Use `Set.mem_ofPred_eq` instead
warning: Zeta23/FromPNTPlus/ZetaBounds.lean:1135:54: `Set.preimage_setOf_eq` has been deprecated: Use `Set.preimage_ofPred_eq` instead
warning: Zeta23/FromPNTPlus/ZetaBounds.lean:1157:22: `Set.setOf_subset_setOf` has been deprecated: Use `Set.ofPred_subset_ofPred` instead
warning: Zeta23/FromPNTPlus/ZetaBounds.lean:1169:15: `Set.setOf_subset_setOf` has been deprecated: Use `Set.ofPred_subset_ofPred` instead
warning: Zeta23/FromPNTPlus/ZetaBounds.lean:1169:59: `Set.mem_setOf_eq` has been deprecated: Use `Set.mem_ofPred_eq` instead
warning: Zeta23/FromPNTPlus/ZetaBounds.lean:1185:15: `Set.mem_setOf_eq` has been deprecated: Use `Set.mem_ofPred_eq` instead
warning: Zeta23/FromPNTPlus/ZetaBounds.lean:1835:19: `Set.mem_setOf_eq` has been deprecated: Use `Set.mem_ofPred_eq` instead
warning: Zeta23/FromPNTPlus/ZetaBounds.lean:1837:45: `Set.mem_setOf_eq` has been deprecated: Use `Set.mem_ofPred_eq` instead
warning: Zeta23/FromPNTPlus/ZetaBounds.lean:1840:28: `Set.setOf_subset_setOf` has been deprecated: Use `Set.ofPred_subset_ofPred` instead
warning: Zeta23/FromPNTPlus/ZetaBounds.lean:1844:28: `Set.mem_setOf_eq` has been deprecated: Use `Set.mem_ofPred_eq` instead
warning: Zeta23/FromPNTPlus/ZetaBounds.lean:1900:15: `Set.mem_setOf_eq` has been deprecated: Use `Set.mem_ofPred_eq` instead
warning: Zeta23/FromPNTPlus/ZetaBounds.lean:1906:20: `Set.mem_setOf_eq` has been deprecated: Use `Set.mem_ofPred_eq` instead
warning: Zeta23/FromPNTPlus/ZetaBounds.lean:2091:13: `Set.mem_setOf_eq` has been deprecated: Use `Set.mem_ofPred_eq` instead
warning: Zeta23/FromPNTPlus/ZetaBounds.lean:2884:17: `Set.mem_setOf_eq` has been deprecated: Use `Set.mem_ofPred_eq` instead
warning: Zeta23/FromPNTPlus/ZetaBounds.lean:2940:17: `Set.mem_setOf_eq` has been deprecated: Use `Set.mem_ofPred_eq` instead
⚠ [8730/8785] Replayed Zeta23.RvM.Halving
warning: Zeta23/RvM/Halving.lean:52:55: `Set.mem_setOf_eq` has been deprecated: Use `Set.mem_ofPred_eq` instead
warning: Zeta23/RvM/Halving.lean:62:15: `Set.mem_setOf_eq` has been deprecated: Use `Set.mem_ofPred_eq` instead
warning: Zeta23/RvM/Halving.lean:70:15: `Set.mem_setOf_eq` has been deprecated: Use `Set.mem_ofPred_eq` instead
⚠ [8734/8785] Replayed Zeta23.WeilEF.ZeroSummability
warning: Zeta23/WeilEF/ZeroSummability.lean:189:4: `Set.mem_setOf_eq` has been deprecated: Use `Set.mem_ofPred_eq` instead
ℹ [8739/8785] Replayed Zeta23.GammaFacts.Mu
info: Zeta23/GammaFacts/Mu.lean:137:2: Try this:
  [apply] ring_nf
  
  The `ring` tactic failed to close the goal. Use `ring_nf` to obtain a normal form.
    
  Note that `ring` works primarily in *commutative* rings. If you have a noncommutative ring, abelian group or module, consider using `noncomm_ring`, `abel` or `module` instead.
ℹ [8740/8785] Replayed Zeta23.GammaFacts.StirlingVert
info: Zeta23/GammaFacts/StirlingVert.lean:452:6: Try this:
  [apply] ring_nf
  
  The `ring` tactic failed to close the goal. Use `ring_nf` to obtain a normal form.
    
  Note that `ring` works primarily in *commutative* rings. If you have a noncommutative ring, abelian group or module, consider using `noncomm_ring`, `abel` or `module` instead.
⚠ [8744/8785] Replayed Zeta23.WeilEF.Landau
warning: Zeta23/WeilEF/Landau.lean:341:13: `Set.mem_setOf_eq` has been deprecated: Use `Set.mem_ofPred_eq` instead
warning: Zeta23/WeilEF/Landau.lean:437:64: `Set.mem_setOf_eq` has been deprecated: Use `Set.mem_ofPred_eq` instead
⚠ [8748/8785] Replayed Zeta23.WeilEF.Contour
warning: Zeta23/WeilEF/Contour.lean:69:15: `Set.mem_setOf_eq` has been deprecated: Use `Set.mem_ofPred_eq` instead
ℹ [8753/8785] Replayed Zeta23.WeilEF.Main
info: Zeta23/WeilEF/Main.lean:38:2: Try this:
  [apply] ring_nf
  
  The `ring` tactic failed to close the goal. Use `ring_nf` to obtain a normal form.
    
  Note that `ring` works primarily in *commutative* rings. If you have a noncommutative ring, abelian group or module, consider using `noncomm_ring`, `abel` or `module` instead.
✔ [8755/8785] Built PositivityRigidity.PosCert (22s)
✔ [8756/8785] Built PositivityRigidity.Basic (23s)
✔ [8757/8785] Built PositivityRigidity.FamilyDefs (5.3s)
✔ [8758/8785] Built PositivityRigidity.BRSDefs (5.5s)
✔ [8759/8785] Built PositivityRigidity.CertDefs (6.1s)
✔ [8760/8785] Built PositivityRigidity.Atoms (6.3s)
✔ [8761/8785] Built PositivityRigidity.EFCheck (6.6s)
✔ [8762/8785] Built PositivityRigidity.Sanity (7.3s)
✔ [8763/8785] Built PositivityRigidity.ExtrasDefs (3.9s)
✔ [8764/8785] Built PositivityRigidity.Ledger (4.2s)
✔ [8765/8785] Built PositivityRigidity.Zeta (4.0s)
✔ [8766/8785] Built PositivityRigidity.Duality (5.9s)
✔ [8767/8785] Built PositivityRigidity.PZeta (5.0s)
✔ [8768/8785] Built PositivityRigidity.Criticality (4.8s)
✔ [8769/8785] Built PositivityRigidity.Logic (4.4s)
✔ [8770/8785] Built PositivityRigidity.Family (6.1s)
✔ [8771/8785] Built PositivityRigidity.Certified (6.6s)
✔ [8772/8785] Built PositivityRigidity.Faithful (12s)
✔ [8773/8785] Built PositivityRigidity.BRSValues (5.4s)
✔ [8774/8785] Built PositivityRigidity.Convexity (6.4s)
✔ [8775/8785] Built PositivityRigidity.Uniqueness (4.9s)
✔ [8776/8785] Built PositivityRigidity.Criterion (5.2s)
✔ [8777/8785] Built PositivityRigidity.CountableExtras (5.6s)
✔ [8778/8785] Built PositivityRigidity.Conjectures (5.1s)
✔ [8779/8785] Built PositivityRigidity.FamilyMore (6.2s)
✔ [8780/8785] Built PositivityRigidity.ZeroSupport (5.5s)
✔ [8781/8785] Built PositivityRigidity.NearRigidity (4.7s)
✔ [8782/8785] Built PositivityRigidity.CriterionWeak (5.2s)
✔ [8783/8785] Built PositivityRigidity.Main (4.3s)
✔ [8784/8785] Built PositivityRigidity (3.9s)
Build completed successfully (8785 jobs).

real	1m42.353s
user	2m22.144s
sys	1m0.566s
